******************************************************************************
                  TI ARM Linker PC v16.9.1                     
******************************************************************************
>> Linked Fri Jun 29 15:00:49 2018

OUTPUT FILE NAME:   <sensortag_cc2650stk_app.out>
ENTRY POINT SYMBOL: "_c_int00"  address: 000080dd


MEMORY CONFIGURATION

         name            origin    length      used     unused   attr    fill
----------------------  --------  ---------  --------  --------  ----  --------
  IMAGE_HEADER          00001000   00000010  00000010  00000000  R  X
  FLASH                 00001010   00010010  00009518  00006af8  R  X
  SRAM                  20000000   00004400  00001a7e  00002982  RW X


SEGMENT ALLOCATION MAP

run origin  load origin   length   init length attrs members
----------  ----------- ---------- ----------- ----- -------
00001000    00001000    00009528   00009528    r-x
  00001000    00001000    00000010   00000010    r-- .imgHdr
  00001010    00001010    00008d08   00008d08    r-x .text
  00009d18    00009d18    00000540   00000540    r-- .const
  0000a258    0000a258    000002d0   000002d0    r-- .cinit
20000430    20000430    00000010   00000000    rw-
  20000430    20000430    00000010   00000000    rw- .TI.bound:dmaSpi0RxControlTableEntry$21
20000440    20000440    00000010   00000000    rw-
  20000440    20000440    00000010   00000000    rw- .TI.bound:dmaSpi0TxControlTableEntry$21
20000500    20000500    00000010   00000000    rw-
  20000500    20000500    00000010   00000000    rw- .TI.bound:dmaSpi1RxControlTableEntry$21
20000510    20000510    0000184e   00000000    rw-
  20000510    20000510    00000010   00000000    rw- .TI.bound:dmaSpi1TxControlTableEntry$21
  20000520    20000520    000012b8   00000000    rw- .data
  200017d8    200017d8    00000586   00000000    rw- .bss
20004200    20004200    00000200   00000000    rw-
  20004200    20004200    00000200   00000000    rw- .stack


SECTION ALLOCATION MAP

 output                                  attributes/
section   page    origin      length       input sections
--------  ----  ----------  ----------   ----------------
.imgHdr    0    00001000    00000010     
                  00001000    00000010     oad_target_external_flash.obj (.imgHdr:retain)

.text      0    00001010    00008d08     
                  00001010    00001298     sensortag.obj (.text:SensorTag_taskFxn$0)
                  000022a8    000005d8     peripheral.obj (.text:gapRole_taskFxn$50)
                  00002880    00000280     RFCC26XX_singleMode.obj (.text:fsmActiveState$19)
                  00002b00    00000248     peripheral.obj (.text:GAPRole_SetParameter)
                  00002d48    00000228     drivers_cc26xxware.aem3 : PowerCC26XX.oem3 (.text:Power_sleep)
                  00002f70    00000208     driverlib.lib : sys_ctrl.obj (.text:NOROM_SysCtrlSetRechargeBeforePowerDown)
                  00003178    000001f4     rtsv7M3_T_le_eabi.lib : ull_div_t2.obj (.text)
                  0000336c    000001d0     drivers_cc26xxware.aem3 : PowerCC26XX_calibrateRCOSC.oem3 (.text:calibrateRcoscHf1)
                  0000353c    000001c8     PINCC26XX.obj (.text:PIN_init)
                  00003704    000001c0     RFCC26XX_singleMode.obj (.text:fsmSetupState$19)
                  000038c4    000001b4     SPICC26XXDMA.obj (.text:SPICC26XXDMA_transfer)
                  00003a78    000001a8     RFCC26XX_singleMode.obj (.text:RF_postCmd)
                  00003c20    00000184     drivers_cc26xxware.aem3 : PowerCC26XX_calibrateRCOSC.oem3 (.text:PowerCC26XX_doCalibrate)
                  00003da4    0000017c     RFCC26XX_singleMode.obj (.text:abortCmd$19)
                  00003f20    00000158     SPICC26XXDMA.obj (.text:SPICC26XXDMA_initIO$21)
                  00004078    00000150     I2CCC26XX.obj (.text:I2CCC26XX_open)
                  000041c8    00000148     SPICC26XXDMA.obj (.text:SPICC26XXDMA_open)
                  00004310    00000120     peripheral.obj (.text:GAPRole_GetParameter)
                  00004430    0000011c     drivers_cc26xxware.aem3 : PowerCC26XX.oem3 (.text:Power_init)
                  0000454c    0000010c     RFCC26XX_singleMode.obj (.text:hwiFxnCpe0Active$19)
                  00004658    00000106     icall.obj (.text:ICall_primWaitMatch$24)
                  0000475e    00000002     ble_user_config.obj (.text:DefaultAssertCback)
                  00004760    00000100     I2CCC26XX.obj (.text:I2CCC26XX_hwiFxn$17)
                  00004860    00000100     sensortag_factoryreset.obj (.text:SensorTagFactoryReset_hasImage)
                  00004960    000000f8     RFCC26XX_singleMode.obj (.text:fsmPowerUpState$19)
                  00004a58    000000f8     RFCC26XX_singleMode.obj (.text:radioOpDoneCb$19)
                  00004b50    000000f0     SPICC26XXDMA.obj (.text:SPICC26XXDMA_transferCancel)
                  00004c40    000000ec     RFCC26XX_singleMode.obj (.text:rf_init$19)
                  00004d2c    000000e8     registerservice.obj (.text:sensor_WriteAttrCB$51)
                  00004e14    000000dc     PINCC26XX.obj (.text:PINCC26XX_setIoCfg$18)
                  00004ef0    000000d8     ExtFlash.obj (.text:ExtFlash_open)
                  00004fc8    000000d8     SPICC26XXDMA.obj (.text:SPICC26XXDMA_control)
                  000050a0    000000d4     power_cc26xx_tirtos.aem3 : PowerCC26XX_tirtos.oem3 (.text:PowerCC26XX_standbyPolicy)
                  00005174    000000d4     drivers_cc26xxware.aem3 : PowerCC26XX.oem3 (.text:Power_releaseDependency)
                  00005248    000000d4     SensorMpu9250.obj (.text:SensorMpu9250_reset)
                  0000531c    000000d0     drivers_cc26xxware.aem3 : PowerCC26XX.oem3 (.text:Power_setDependency)
                  000053ec    000000d0     RFCC26XX_singleMode.obj (.text:RF_open)
                  000054bc    000000d0     SensorMpu9250.obj (.text:SensorMpu9250_enable)
                  0000558c    000000cc     RFCC26XX_singleMode.obj (.text:fsmPowerDownState$19)
                  00005658    000000c8     main.obj (.text:main)
                  00005720    000000c4     movementservice.obj (.text:sensor_WriteAttrCB$46)
                  000057e4    000000c0     I2CCC26XX.obj (.text:I2CCC26XX_transfer)
                  000058a4    000000c0     ioservice.obj (.text:io_WriteAttrCB$44)
                  00005964    000000bc     devinfoservice.obj (.text:DevInfo_SetParameter)
                  00005a20    000000b0     sensortag_mov.obj (.text:appStateSet$9)
                  00005ad0    000000b0     devinfoservice.obj (.text:devInfo_ReadAttrCB$40)
                  00005b80    000000a0     SPICC26XXDMA.obj (.text:SPICC26XXDMA_hwiFxn$21)
                  00005c20    000000a0     TRNGCC26XX.obj (.text:TRNGCC26XX_getNumber)
                  00005cc0    000000a0     auto_init.aem3 : auto_init.oem3 (.text)
                  00005d60    0000009c     sensortag_keys.obj (.text:SensorTagKeys_clockHandler$8)
                  00005dfc    0000009c     rtsv7M3_T_le_eabi.lib : memcpy_t2.obj (.text)
                  00005e98    00000098     gattservapp_util.obj (.text:GATTServApp_ProcessCharCfg)
                  00005f30    00000098     PINCC26XX.obj (.text:PIN_open)
                  00005fc8    00000094     icall.obj (.text:ICall_primSetTimer$24)
                  0000605c    00000092     SPICC26XXDMA.obj (.text:SPICC26XXDMA_close)
                  000060ee    00000002     SPICC26XXDMA.obj (.text:SPICC26XXDMA_serviceISR$21)
                  000060f0    00000090     drivers_cc26xxware.aem3 : PowerCC26XX.oem3 (.text:switchXOSCHFclockFunc)
                  00006180    0000008c     I2CCC26XX.obj (.text:I2CCC26XX_cancel)
                  0000620c    0000008c     I2CCC26XX.obj (.text:I2CCC26XX_primeTransfer$17)
                  00006298    0000008c     sensortag_register.obj (.text:SensorTagRegister_update)
                  00006324    00000088     driverlib.lib : osc.obj (.text:NOROM_OSCHF_GetStartupTime)
                  000063ac    00000088     registerservice.obj (.text:sensor_ReadAttrCB$51)
                  00006434    00000084     icall.obj (.text:ICall_heapMalloc)
                  000064b8    00000080     SensorI2C.obj (.text:SensorI2C_open)
                  00006538    0000007c     RFCC26XX_singleMode.obj (.text:RF_pendCmd)
                  000065b4    0000007c     sensortag.obj (.text:SensorTag_enqueueMsg$0)
                  00006630    0000007c     drivers_cc26xxware.aem3 : PowerCC26XX.oem3 (.text:disableLFClockQualifiers)
                  000066ac    0000007c     peripheral.obj (.text:gapRole_startConnUpdate$50)
                  00006728    0000007c     RFCC26XX_singleMode.obj (.text:swiFxnHw$19)
                  000067a4    0000007a     rtsv7M3_T_le_eabi.lib : memset_t2.obj (.text)
                  0000681e    00000002     RFCC26XX_singleMode.obj (.text:defaultErrCb$19)
                  00006820    00000078     SPICC26XXDMA.obj (.text:SPICC26XXDMA_csnCallback$21)
                  00006898    00000076     gattservapp_util.obj (.text:gattServApp_SendNotiInd$42)
                  0000690e    00000002     drivers_cc26xxware.aem3 : PowerCC26XX.oem3 (.text:emptyClockFunc)
                  00006910    00000074     icall_cc2650.obj (.text:ICallPlatform_pwrUpdActivityCounter)
                  00006984    00000074     icall.obj (.text:ICall_primSend$24)
                  000069f8    00000074     drivers_cc26xxware.aem3 : PowerCC26XX_calibrateRCOSC.oem3 (.text:PowerCC26XX_auxISR)
                  00006a6c    00000074     sensortag.obj (.text:SensorTag_callback$0)
                  00006ae0    00000074     drivers_cc26xxware.aem3 : PowerCC26XX_calibrateRCOSC.oem3 (.text:calibrateRcoscHf2)
                  00006b54    00000072     ExtFlash.obj (.text:ExtFlash_write)
                  00006bc6    00000002     rtsv7M3_T_le_eabi.lib : _lock.obj (.text)
                  00006bc8    00000070     SensorI2C.obj (.text:SensorI2C_select)
                  00006c38    00000070     sensortag_register.obj (.text:SensorTagRegister_reset)
                  00006ca8    00000070     battservice.obj (.text:battNotifyLevel$38)
                  00006d18    0000006c     icall.obj (.text:ICall_createRemoteTasks)
                  00006d84    0000006c     drivers_cc26xxware.aem3 : PowerCC26XX.oem3 (.text:PowerCC26XX_calibrate)
                  00006df0    0000006c     UDMACC26XX.obj (.text:UDMACC26XX_open)
                  00006e5c    0000006c     movementservice.obj (.text:sensor_ReadAttrCB$46)
                  00006ec8    00000068     driverlib.lib : sys_ctrl.obj (.text:NOROM_SysCtrl_DCDC_VoltageConditionalControl)
                  00006f30    00000068     RFCC26XX_singleMode.obj (.text:decActiveClientCnt$19)
                  00006f98    00000068     rtsv7M3_T_le_eabi.lib : copy_decompress_lzss.obj (.text:decompress:lzss)
                  00007000    00000064     I2CCC26XX.obj (.text:I2CCC26XX_close)
                  00007064    00000064     PINCC26XX.obj (.text:PIN_add)
                  000070c8    00000060     gattservapp_util.obj (.text:GATTServApp_ProcessCCCWriteReq)
                  00007128    00000060     icall.obj (.text:ICall_primEnroll$24)
                  00007188    00000060     drivers_cc26xxware.aem3 : PowerCC26XX_calibrateRCOSC.oem3 (.text:PowerCC26XX_RCOSC_clockFunc)
                  000071e8    00000060                             : PowerCC26XX_calibrateRCOSC.oem3 (.text:updateSubSecInc)
                  00007248    0000005c     ExtFlash.obj (.text:ExtFlash_erase)
                  000072a4    0000005c     ExtFlash.obj (.text:ExtFlash_waitReady$28)
                  00007300    0000005c     icall.obj (.text:ICall_primThreadServes$24)
                  0000735c    0000005c     driverlib.lib : osc.obj (.text:NOROM_OSCHF_AttemptToSwitchToXosc)
                  000073b8    0000005c                   : sys_ctrl.obj (.text:NOROM_SysCtrlAdjustRechargeAfterPowerDown)
                  00007414    0000005c     SensorMpu9250.obj (.text:SensorMpu9250_test)
                  00007470    0000005c     battservice.obj (.text:battReadAttrCB$38)
                  000074cc    0000005c     RFCC26XX_singleMode.obj (.text:fsmXOSCState$19)
                  00007528    00000058     movementservice.obj (.text:Movement_setParameter)
                  00007580    00000058     PINCC26XX.obj (.text:PIN_remove)
                  000075d8    00000058     drivers_cc26xxware.aem3 : PowerCC26XX_calibrateRCOSC.oem3 (.text:PowerCC26XX_initiateCalibration)
                  00007630    00000058     RFCC26XX_singleMode.obj (.text:RF_getCurrentTime)
                  00007688    00000058     SPICC26XXDMA.obj (.text:SPICC26XXDMA_initHw$21)
                  000076e0    00000058     sensortag_keys.obj (.text:processGapStateChange$8)
                  00007738    00000054     ExtFlash.obj (.text:ExtFlash_close)
                  0000778c    00000054     I2CCC26XX.obj (.text:I2CCC26XX_swiFxn$17)
                  000077e0    00000054     icall.obj (.text:ICall_primFetchMsg$24)
                  00007834    00000054     drivers_cc26xxware.aem3 : PowerCC26XX.oem3 (.text:configureXOSCHF)
                  00007888    00000054     RFCC26XX_singleMode.obj (.text:hwiFxnHw$19)
                  000078dc    00000054     RFCC26XX_singleMode.obj (.text:ratChanFree$19)
                  00007930    00000054     rtsv7M3_T_le_eabi.lib : exit.obj (.text)
                  00007984    00000052     icall.obj (.text:ICall_primWait$24)
                  000079d6    00000052     SPICC26XXDMA.obj (.text:SPICC26XXDMA_swiFxn$21)
                  00007a28    00000050     ExtFlash.obj (.text:ExtFlash_read)
                  00007a78    00000050     icall_api.obj (.text:GAP_UpdateAdvertisingData)
                  00007ac8    00000050     icall.obj (.text:ICall_primRegisterApp$24)
                  00007b18    00000050     RFCC26XX_singleMode.obj (.text:RF_getInfo)
                  00007b68    0000004e     SensorOpt3001.obj (.text:SensorOpt3001_test)
                  00007bb6    0000004e     ioservice.obj (.text:io_ReadAttrCB$44)
                  00007c04    0000004c     I2CCC26XX.obj (.text:I2CCC26XX_initHw$17)
                  00007c50    0000004c     icall.obj (.text:ICall_newTask$24)
                  00007c9c    0000004c     icall.obj (.text:ICall_primGetEntityId$24)
                  00007ce8    0000004c     driverlib.lib : osc.obj (.text:NOROM_OSCClockSourceSet)
                  00007d34    0000004c     util.obj (.text:Util_constructClock)
                  00007d80    0000004c     battservice.obj (.text:battWriteAttrCB$38)
                  00007dcc    0000004c     rtsv7M3_T_le_eabi.lib : cpy_tbl.obj (.text)
                  00007e18    0000004c     RFCC26XX_singleMode.obj (.text:syncCb$19)
                  00007e64    00000048     peripheral.obj (.text:GAPRole_TerminateConnection)
                  00007eac    00000048     driverlib.lib : chipinfo.obj (.text:NOROM_ChipInfo_GetChipFamily)
                  00007ef4    00000048                   : ddi.obj (.text:NOROM_DDI16BitfieldWrite)
                  00007f3c    00000048     icall_api.obj (.text:gattIndNoti$27)
                  00007f84    00000048     drivers_cc26xxware.aem3 : PowerCC26XX.oem3 (.text:notify)
                  00007fcc    00000044     PINCC26XX.obj (.text:PIN_swi$18)
                  00008010    00000044     SensorMpu9250.obj (.text:SensorMpu9250_accSetRange)
                  00008054    00000044     sensortag_io.obj (.text:SensorTagIO_blinkLed)
                  00008098    00000044     sensortag_io.obj (.text:SensorTagIO_reset)
                  000080dc    00000044     boot.aem3 : boot.oem3 (.text)
                  00008120    00000044     icall_api.obj (.text:gapSendParamAndPtrCmd$27)
                  00008164    00000044     SensorMpu9250.obj (.text:sensorMpu9250SetBypass$32)
                  000081a8    00000042     icall.obj (.text:ICall_primCreateTask$24)
                  000081ea    00000002     --HOLE-- [fill = 0]
                  000081ec    00000040     ExtFlash.obj (.text:ExtFlash_readInfo$28)
                  0000822c    00000040     peripheral.obj (.text:GAPRole_createTask)
                  0000826c    00000040     driverlib.lib : ddi.obj (.text:NOROM_DDI16BitfieldRead)
                  000082ac    00000040     RFCC26XX_singleMode.obj (.text:RF_getRssi)
                  000082ec    00000040     simplekeys.obj (.text:SK_readAttrCB$52)
                  0000832c    00000040     SensorMpu9250.obj (.text:sensorMpuSleep$32)
                  0000836c    0000003c     icall_api.obj (.text:GAP_GetParamValue)
                  000083a8    0000003c     icall_api.obj (.text:GATTServApp_RegisterService)
                  000083e4    0000003c     icall_cc2650.obj (.text:ICallPlatform_pwrConfigACAction)
                  00008420    0000003c     icall.obj (.text:ICall_primFetchServiceMsg$24)
                  0000845c    0000003c     driverlib.lib : osc.obj (.text:NOROM_OSC_HPOSCRelativeFrequencyOffsetGet)
                  00008498    0000003c     registerservice.obj (.text:Register_setParameter)
                  000084d4    0000003c     SensorI2C.obj (.text:SensorI2C_writeRead)
                  00008510    0000003c     sensortag.obj (.text:SensorTag_createTask)
                  0000854c    0000003c     RFCC26XX_singleMode.obj (.text:dispatchOpWhen$19)
                  00008588    0000003c     RFCC26XX_singleMode.obj (.text:postDirImmCmd$19)
                  000085c4    0000003c     icall_api.obj (.text:profileSetParameter$27)
                  00008600    0000003c     icall_api.obj (.text:sendWaitMatchCS$27)
                  0000863c    0000003c     icall_api.obj (.text:sendWaitMatchValueCS$27)
                  00008678    00000038     icall.obj (.text:ICall_primGetMaxMSecs$24)
                  000086b0    00000038     SensorI2C.obj (.text:SensorI2C_write)
                  000086e8    00000038     util.obj (.text:Util_restartClock)
                  00008720    00000038     battservice.obj (.text:battMeasure$38)
                  00008758    00000036     icall_api.obj (.text:waitMatchCS$27)
                  0000878e    00000002     --HOLE-- [fill = 0]
                  00008790    00000034     icall_api.obj (.text:GAPBondMgr_SetParameter)
                  000087c4    00000034     icall_api.obj (.text:GAP_SetParamValue)
                  000087f8    00000034     icall.obj (.text:ICall_primEntityId2ServiceId$24)
                  0000882c    00000034     icall.obj (.text:ICall_primRegisterISR$24)
                  00008860    00000034     icall.obj (.text:ICall_primRegisterISR_Ext$24)
                  00008894    00000034     icall.obj (.text:ICall_searchServiceEntity)
                  000088c8    00000034     ioservice.obj (.text:Io_setParameter)
                  000088fc    00000034     movementservice.obj (.text:Movement_getParameter)
                  00008930    00000034     driverlib.lib : osc.obj (.text:NOROM_OSCHF_SwitchToRcOscTurnOffXosc)
                  00008964    00000034     PINCC26XX.obj (.text:PIN_setOutputValue)
                  00008998    00000034     drivers_cc26xxware.aem3 : PowerCC26XX.oem3 (.text:PowerCC26XX_isStableXOSC_HF)
                  000089cc    00000034     RFCC26XX_singleMode.obj (.text:Q_push$19)
                  00008a00    00000034     RFCC26XX_singleMode.obj (.text:RF_runCmd)
                  00008a34    00000034     registerservice.obj (.text:Register_getParameter)
                  00008a68    00000034     icall_api.obj (.text:osal_snv_read)
                  00008a9c    00000034     icall_api.obj (.text:osal_snv_write)
                  00008ad0    00000034     icall_api.obj (.text:profileAddService$27)
                  00008b04    00000032     icall_api.obj (.text:gapSendParamsCmd$27)
                  00008b36    00000032     icall_api.obj (.text:gapSendPtrParamsCmd$27)
                  00008b68    00000032     icall_api.obj (.text:matchGapSetGetParamCS$27)
                  00008b9a    00000032     icall_api.obj (.text:matchGattCmdStatus$27)
                  00008bcc    00000032     icall_api.obj (.text:matchUtilNvCS$27)
                  00008bfe    00000030     icall_cc2650.obj (.text:ICallPlatform_pwrNotify$25)
                  00008c2e    00000002     --HOLE-- [fill = 0]
                  00008c30    00000030     icall_cc2650.obj (.text:ICallPlatform_pwrRegisterNotify)
                  00008c60    00000030     icall.obj (.text:ICall_dispatch$24)
                  00008c90    00000030     icall.obj (.text:ICall_msecs2Ticks$24)
                  00008cc0    00000030     icall.obj (.text:ICall_searchTask$24)
                  00008cf0    00000030     driverlib.lib : trng.obj (.text:NOROM_TRNGConfigure)
                  00008d20    00000030     PINCC26XX.obj (.text:PIN_setInterrupt)
                  00008d50    00000030     drivers_cc26xxware.aem3 : PowerCC26XX.oem3 (.text:Power_releaseConstraint)
                  00008d80    00000030                             : PowerCC26XX.oem3 (.text:Power_setConstraint)
                  00008db0    00000030     ExtFlash.obj (.text:Spi_read$28)
                  00008de0    00000030     ExtFlash.obj (.text:Spi_write$28)
                  00008e10    00000030     sensortag_factoryreset.obj (.text:crc16$5)
                  00008e40    0000002e     icall_cc2650.obj (.text:ICallPlatform_pwrDispenseImpl$25)
                  00008e6e    0000002e     icall_cc2650.obj (.text:ICallPlatform_pwrRequireImpl$25)
                  00008e9c    0000002e     simplekeys.obj (.text:SK_writeAttrCB$52)
                  00008eca    00000002     --HOLE-- [fill = 0]
                  00008ecc    0000002c     ExtFlash.obj (.text:ExtFlash_writeEnable$28)
                  00008ef8    0000002c     icall.obj (.text:ICall_heapFree)
                  00008f24    0000002c     icall.obj (.text:ICall_msgEnqueue$24)
                  00008f50    0000002c     icall.obj (.text:ICall_primAllocMsg$24)
                  00008f7c    0000002c     icall_api.obj (.text:ICall_sendServiceMsg$27)
                  00008fa8    0000002c     PINCC26XX.obj (.text:PINCC26XX_setMux)
                  00008fd4    0000002c     PINCC26XX.obj (.text:PIN_setConfig)
                  00009000    0000002c     SensorI2C.obj (.text:SensorI2C_writeReg)
                  0000902c    0000002c     RFCC26XX_singleMode.obj (.text:getCmd$19)
                  00009058    0000002c     icall_api.obj (.text:matchProfileAddServiceCS$27)
                  00009084    0000002c     st_util.obj (.text:utilExtractUuid16)
                  000090b0    0000002a     icall_api.obj (.text:ICall_waitMatch$27)
                  000090da    0000002a     icall_api.obj (.text:matchProfileCS$27)
                  00009104    00000028     driverlib.lib : aon_batmon.obj (.text:NOROM_AONBatMonTemperatureGetDegC)
                  0000912c    00000028                   : rfc.obj (.text:NOROM_RFCDoorbellSendTo)
                  00009154    00000028     drivers_cc26xxware.aem3 : PowerCC26XX.oem3 (.text:PowerCC26XX_switchXOSC_HF)
                  0000917c    00000028                             : PowerCC26XX.oem3 (.text:Power_registerNotify)
                  000091a4    00000028     simplekeys.obj (.text:SK_SetParameter)
                  000091cc    00000028     SPICC26XXDMA.obj (.text:SPICC26XXDMA_flushFifos$21)
                  000091f4    00000028     driverlib.lib : adi.obj (.text:SafeHapiVoid)
                  0000921c    00000028     sensortag_batt.obj (.text:SensorTagBatt_reset)
                  00009244    00000028     sensortag_buzzer.obj (.text:SensorTagBuzzer_close)
                  0000926c    00000028     TRNGCC26XX.obj (.text:TRNGCC26XX_init)
                  00009294    00000028     RFCC26XX_singleMode.obj (.text:clkPowerUpFxn$19)
                  000092bc    00000026     drivers_cc26xxware.aem3 : List.oem3 (.text:List_put)
                  000092e2    00000002     --HOLE-- [fill = 0]
                  000092e4    00000024     I2C.obj (.text:I2C_open)
                  00009308    00000024     icall_api.obj (.text:ICall_getLocalMsgEntityId$27)
                  0000932c    00000024     sensortag_mov.obj (.text:SensorTagMov_reset)
                  00009350    00000024     drivers_cc26xxware.aem3 : PowerCC26XX_calibrateRCOSC.oem3 (.text:getTdcSemaphore)
                  00009374    00000024     RFCC26XX_singleMode.obj (.text:hwiFxnCpe0PowerFsm$19)
                  00009398    00000024     rtsv7M3_T_le_eabi.lib : memcmp.obj (.text)
                  000093bc    00000020     gattservapp_util.obj (.text:GATTServApp_InitCharCfg)
                  000093dc    00000020     icall_api.obj (.text:ICall_allocMsg$27)
                  000093fc    00000020     icall_api.obj (.text:ICall_getEntityId$27)
                  0000941c    00000020     icall.obj (.text:ICall_primService$24)
                  0000943c    00000020     drivers_cc26xxware.aem3 : PowerCC26XX.oem3 (.text:Power_unregisterNotify)
                  0000945c    00000020     sensortag_mov.obj (.text:SensorTagMov_processInterrupt$9)
                  0000947c    00000020     gattservapp_util.obj (.text:gattServApp_FindCharCfgItem$42)
                  0000949c    00000020     sensortag_mov.obj (.text:initCharacteristicValue$9)
                  000094bc    0000001e     icall.obj (.text:ICall_primSendServiceMsg$24)
                  000094da    0000001e     PINCC26XX.obj (.text:PIN_close)
                  000094f8    0000001e     drivers_cc26xxware.aem3 : PowerCC26XX.oem3 (.text:Power_getTransitionLatency)
                  00009516    00000002     --HOLE-- [fill = 0]
                  00009518    0000001c     icall_api.obj (.text:GATT_bm_alloc)
                  00009534    0000001c     icall_api.obj (.text:GATT_bm_free)
                  00009550    0000001c     driverlib.lib : osc.obj (.text:NOROM_OSCClockSourceGet)
                  0000956c    0000001c     PINCC26XX.obj (.text:PINCC26XX_setIoCfgMux$18)
                  00009588    0000001c     PINCC26XX.obj (.text:PIN_hwi$18)
                  000095a4    0000001c     RFCC26XX_singleMode.obj (.text:RF_runDirectCmd)
                  000095c0    0000001c     RFCC26XX_singleMode.obj (.text:RF_runImmediateCmd)
                  000095dc    0000001c     TRNGCC26XX.obj (.text:TRNGCC26XX_open)
                  000095f8    0000001c     icall_api.obj (.text:getStatusValueFromErrNo$27)
                  00009614    0000001c     TRNGCC26XX.obj (.text:openTRNG)
                  00009630    0000001a     icall_api.obj (.text:GATT_Notification)
                  0000964a    0000001a     icall.obj (.text:ICall_enterCSImpl)
                  00009664    0000001a     icall.obj (.text:ICall_primSetTimerMSecs$24)
                  0000967e    0000001a     drivers_cc26xxware.aem3 : List.oem3 (.text:List_remove)
                  00009698    0000001a     icall_api.obj (.text:matchGattIndNotiCS$27)
                  000096b2    00000002     --HOLE-- [fill = 0]
                  000096b4    00000018     I2C.obj (.text:I2C_Params_init)
                  000096cc    00000018     icall_cc2650.obj (.text:ICallPlatform_pwrDispense)
                  000096e4    00000018     icall_cc2650.obj (.text:ICallPlatform_pwrRequire)
                  000096fc    00000018     util.obj (.text:ICall_free$14)
                  00009714    00000018     icall_api.obj (.text:ICall_freeMsg$27)
                  0000972c    00000018     icall.obj (.text:ICall_primMalloc$24)
                  00009744    00000018     driverlib.lib : aon_rtc.obj (.text:NOROM_AONRTCCurrentCompareValueGet)
                  0000975c    00000018                   : chipinfo.obj (.text:NOROM_ChipInfo_GetPackageType)
                  00009774    00000018                   : osc.obj (.text:NOROM_OSCHF_TurnOnXosc)
                  0000978c    00000018                   : rfc.obj (.text:NOROM_RFCCpeIntGetAndClear)
                  000097a4    00000018     RFCC26XX_singleMode.obj (.text:Q_pop$19)
                  000097bc    00000018     sensortag_batt.obj (.text:SensorTagBatt_clockHandler$2)
                  000097d4    00000018     sensortag_mov.obj (.text:SensorTagMov_clockHandler$9)
                  000097ec    00000018     sensortag.obj (.text:SensorTag_clockHandler$0)
                  00009804    00000018     sensortag.obj (.text:SensorTag_resetAllModules$0)
                  0000981c    00000018     sensortag.obj (.text:SensorTag_updateAdvertisingData)
                  00009834    00000018     drivers_cc26xxware.aem3 : PowerCC26XX.oem3 (.text:configureRFCoreClocks)
                  0000984c    00000018     peripheral.obj (.text:gapRole_setEvent$50)
                  00009864    00000018     rtsv7M3_T_le_eabi.lib : args_main.obj (.text)
                  0000987c    00000018                           : ll_mul_t2.obj (.text)
                  00009894    00000018     RFCC26XX_singleMode.obj (.text:swiFxnFsm$19)
                  000098ac    00000016     main.obj (.text:AssertHandler)
                  000098c2    00000016     icall.obj (.text:ICall_leaveCSImpl)
                  000098d8    00000016     icall.obj (.text:ICall_primStopTimer$24)
                  000098ee    00000016     ble_user_config.obj (.text:driverTable_fnSpinlock)
                  00009904    00000014     driverlib.lib : aon_rtc.obj (.text:NOROM_AONRTCCurrent64BitValueGet)
                  00009918    00000014     PINCC26XX.obj (.text:PINCC26XX_getInputValue$18)
                  0000992c    00000014     PINCC26XX.obj (.text:PINCC26XX_getOutputValue$18)
                  00009940    00000014     SensorMpu9250.obj (.text:SensorMpu9250_Callback$32)
                  00009954    00000014     SensorMpu9250.obj (.text:SensorMpu9250_powerIsOn)
                  00009968    00000014     sensortag_keys.obj (.text:SensorTagKeys_reset)
                  0000997c    00000014     SensorUtil.obj (.text:SensorUtil_convertToLe)
                  00009990    00000014     rtsv7M3_T_le_eabi.lib : strlen.obj (.text)
                  000099a4    00000014     icall_api.obj (.text:setICallCmdEvtHdr$27)
                  000099b8    00000012     gattservapp_util.obj (.text:GATTServApp_FindAttr)
                  000099ca    00000012     RFCC26XX_singleMode.obj (.text:RF_getCmdOp)
                  000099dc    00000010     icall_api.obj (.text:GAP_EndDiscoverable)
                  000099ec    00000010     gattservapp_util.obj (.text:GATTServApp_ReadCharCfg)
                  000099fc    00000010     icall_cc2650.obj (.text:ICallPlatform_pwrGetXOSCStartupTime)
                  00009a0c    00000010     icall.obj (.text:ICall_primGetTickPeriod$24)
                  00009a1c    00000010     icall.obj (.text:ICall_taskEntry$24)
                  00009a2c    00000010     util.obj (.text:Util_isActive)
                  00009a3c    00000010     ExtFlash.obj (.text:extFlashDeselect$28)
                  00009a4c    00000010     ExtFlash.obj (.text:extFlashSelect$28)
                  00009a5c    00000010     I2CCC26XX.obj (.text:i2cPostNotify$17)
                  00009a6c    0000000e     icall_cc2650.obj (.text:ICallPlatform_pwrGetTransitionState)
                  00009a7a    0000000e     icall_cc2650.obj (.text:ICallPlatform_pwrIsStableXOSCHF)
                  00009a88    0000000e     icall.obj (.text:ICall_primDisableMInt$24)
                  00009a96    0000000e     icall.obj (.text:ICall_primEnableMInt$24)
                  00009aa4    0000000e     icall.obj (.text:ICall_primFreeMsg$24)
                  00009ab2    0000000e     icall.obj (.text:ICall_primGetTicks$24)
                  00009ac0    0000000e     driverlib.lib : vims.obj (.text:NOROM_VIMSModeGet)
                  00009ace    0000000e     SPICC26XXDMA.obj (.text:SPICC26XXDMA_init)
                  00009adc    0000000e     SensorI2C.obj (.text:SensorI2C_readReg)
                  00009aea    0000000e     rtsv7M3_T_le_eabi.lib : copy_decompress_none.obj (.text:decompress:none)
                  00009af8    0000000e     icall_api.obj (.text:matchGSARegisterServiceCS$27)
                  00009b06    0000000e     icall_api.obj (.text:matchGapLinkEstCS$27)
                  00009b14    0000000e     icall_api.obj (.text:matchLinkDBNumConnsCS$27)
                  00009b22    0000000e     icall_api.obj (.text:setDispatchCmdEvtHdr$27)
                  00009b30    0000000c     RFCC26XX_singleMode.obj (.text:FsmNextState$19)
                  00009b3c    0000000c     icall.obj (.text:ICall_clockFunc$24)
                  00009b48    0000000c     icall.obj (.text:ICall_primDisableInt$24)
                  00009b54    0000000c     icall.obj (.text:ICall_primEnableInt$24)
                  00009b60    0000000c     icall.obj (.text:ICall_primFree$24)
                  00009b6c    0000000c     icall.obj (.text:ICall_primSignal$24)
                  00009b78    0000000c     driverlib.lib : cpu.obj (.text:NOROM_CPUcpsid)
                  00009b84    0000000c                   : cpu.obj (.text:NOROM_CPUcpsie)
                  00009b90    0000000c     drivers_cc26xxware.aem3 : PowerCC26XX.oem3 (.text:Power_getConstraintMask)
                  00009b9c    0000000c                             : PowerCC26XX.oem3 (.text:Power_getDependencyCount)
                  00009ba8    0000000c                             : PowerCC26XX.oem3 (.text:Power_getTransitionState)
                  00009bb4    0000000c     SensorI2C.obj (.text:SensorI2C_deselect)
                  00009bc0    0000000c     sensortag.obj (.text:SensorTag_testResult)
                  00009bcc    0000000c     rtsv7M3_T_le_eabi.lib : copy_zero_init.obj (.text:decompress:ZI)
                  00009bd8    0000000c     icall_api.obj (.text:matchProfileSetParamCS$27)
                  00009be4    0000000c     SPICC26XXDMA.obj (.text:spiPostNotify$21)
                  00009bf0    0000000a     I2CCC26XX.obj (.text:I2CCC26XX_init)
                  00009bfa    0000000a     I2C.obj (.text:I2C_close)
                  00009c04    0000000a     I2C.obj (.text:I2C_transfer)
                  00009c0e    0000000a     icall_cc2650.obj (.text:ICallPlatform_pwrSwitchXOSCHF)
                  00009c18    0000000a     icall.obj (.text:ICall_primE2S$24)
                  00009c22    0000000a     drivers_cc26xxware.aem3 : List.oem3 (.text:List_empty)
                  00009c2c    0000000a     SPI.obj (.text:SPI_transfer)
                  00009c36    0000000a     sensortag.obj (.text:SensorTag_charValueChangeCB)
                  00009c40    0000000a     sensortag.obj (.text:SensorTag_stateChangeCB$0)
                  00009c4a    0000000a     UDMACC26XX.obj (.text:UDMACC26XX_hwiIntFxn)
                  00009c54    00000008     I2CCC26XX.obj (.text:I2CCC26XX_blockingCallback$17)
                  00009c5c    00000008     RFCC26XX_singleMode.obj (.text:RF_flushCmd)
                  00009c64    00000008     SPICC26XXDMA.obj (.text:SPICC26XXDMA_transferCallback$21)
                  00009c6c    00000008     sensortag_io.obj (.text:ioChangeCB$7)
                  00009c74    00000008     sensortag_register.obj (.text:registerChangeCB$12)
                  00009c7c    00000008     sensortag_mov.obj (.text:sensorChangeCB$9)
                  00009c84    00000008     sensortag_batt.obj (.text:sensorConfigChangeCB$2)
                  00009c8c    00000006     I2CCC26XX.obj (.text:I2CCC26XX_control)
                  00009c92    00000006     driverlib.lib : cpu.obj (.text:NOROM_CPUdelay)
                  00009c98    00000006     PINCC26XX.obj (.text:PIN_registerIntCb)
                  00009c9e    00000006     RFCC26XX_singleMode.obj (.text:clkInactivityFxn$19)
                  00009ca4    00000006     icall_api.obj (.text:matchBondMgrSetParamCS$27)
                  00009caa    00000006     icall_api.obj (.text:matchGGSSetParamCS$27)
                  00009cb0    00000006     icall_api.obj (.text:matchGapConnParamUpdateReplyCS$27)
                  00009cb6    00000006     icall_api.obj (.text:matchGapDeviceInitCS$27)
                  00009cbc    00000006     icall_api.obj (.text:matchGapEndDiscoverableCS$27)
                  00009cc2    00000006     icall_api.obj (.text:matchGapGetParamCS$27)
                  00009cc8    00000006     icall_api.obj (.text:matchGapMakeDiscoverableCS$27)
                  00009cce    00000006     icall_api.obj (.text:matchGapSetParamCS$27)
                  00009cd4    00000006     icall_api.obj (.text:matchGapTerminateAuthCS$27)
                  00009cda    00000006     icall_api.obj (.text:matchGapTerminateLinkReqCS$27)
                  00009ce0    00000006     icall_api.obj (.text:matchGapUpdateAdvDataCS$27)
                  00009ce6    00000006     icall_api.obj (.text:matchGapUpdateLinkParamReqCS$27)
                  00009cec    00000006     icall_api.obj (.text:matchUtilNvReadCS$27)
                  00009cf2    00000006     icall_api.obj (.text:matchUtilNvWriteCS$27)
                  00009cf8    00000004     tirtosport.aem3 : HwiP_tirtos.oem3 (.text:HwiP_disable)
                  00009cfc    00000004     icall.obj (.text:ICall_primAbort$24)
                  00009d00    00000004     drivers_cc26xxware.aem3 : List.oem3 (.text:List_head)
                  00009d04    00000004                             : List.oem3 (.text:List_next)
                  00009d08    00000004     RFCC26XX_singleMode.obj (.text:Q_peek$19)
                  00009d0c    00000004     util.obj (.text:Util_startClock)
                  00009d10    00000004     util.obj (.text:Util_stopClock)
                  00009d14    00000004     drivers_cc26xxware.aem3 : PowerCC26XX.oem3 (.text:nopResourceHandler)

.const     0    00009d18    00000540     
                  00009d18    000000cc     icall.obj (.const:$O15$$)
                  00009de4    00000068     board.obj (.const:BoardGpioInitTable)
                  00009e4c    0000004c     drivers_cc26xxware.aem3 : PowerCC26XX.oem3 (.const:resourceDB)
                  00009e98    0000004c     ble_user_config.obj (.const:rfDriverTable)
                  00009ee4    0000003c     sensortag.obj (.const:$O2$$)
                  00009f20    00000038     SPICC26XXDMA.obj (.const:$O13$$)
                  00009f58    00000038     board.obj (.const:spiCC26XXDMAHWAttrs)
                  00009f90    0000002c     gatt_uuid.obj (.const:$O27$$)
                  00009fbc    00000027     ble_user_config.obj (.const:txPowerTable)
                  00009fe3    00000001     --HOLE-- [fill = 0]
                  00009fe4    00000024     board.obj (.const:SPI_config)
                  0000a008    00000020     SPI.obj (.const:SPI_defaultParams)
                  0000a028    0000001c     SPICC26XXDMA.obj (.const:SPICC26XXDMA_fxnTable)
                  0000a044    00000018     I2CCC26XX.obj (.const:I2CCC26XX_fxnTable)
                  0000a05c    00000018     board.obj (.const:I2C_config)
                  0000a074    00000018     board.obj (.const:i2cCC26xxHWAttrs)
                  0000a08c    00000014     RFCC26XX_singleMode.obj (.const:RF_defaultParams$19)
                  0000a0a0    00000010     ioservice.obj (.const:.string:ioConfUUID)
                  0000a0b0    00000010     ioservice.obj (.const:.string:ioDataUUID)
                  0000a0c0    00000010     ioservice.obj (.const:.string:ioServUUID)
                  0000a0d0    00000010     registerservice.obj (.const:.string:registerAddressUUID$51)
                  0000a0e0    00000010     registerservice.obj (.const:.string:registerDataUUID$51)
                  0000a0f0    00000010     registerservice.obj (.const:.string:registerDeviceIDUUID$51)
                  0000a100    00000010     movementservice.obj (.const:.string:sensorCfgUUID$46)
                  0000a110    00000010     movementservice.obj (.const:.string:sensorDataUUID$46)
                  0000a120    00000010     movementservice.obj (.const:.string:sensorPeriodUUID$46)
                  0000a130    00000010     movementservice.obj (.const:.string:sensorServiceUUID$46)
                  0000a140    00000010     registerservice.obj (.const:.string:sensorServiceUUID$51)
                  0000a150    00000010     I2C.obj (.const:I2C_defaultParams)
                  0000a160    00000010     board.obj (.const:PowerCC26XX_config)
                  0000a170    00000010     board.obj (.const:TRNGCC26XX_config)
                  0000a180    00000010     board.obj (.const:UDMACC26XX_config)
                  0000a190    0000000c     battservice.obj (.const:battCBs)
                  0000a19c    0000000c     devinfoservice.obj (.const:devInfoCBs)
                  0000a1a8    0000000c     ioservice.obj (.const:ioCBs)
                  0000a1b4    0000000c     movementservice.obj (.const:sensorCBs$46)
                  0000a1c0    0000000c     registerservice.obj (.const:sensorCBs$51)
                  0000a1cc    0000000c     simplekeys.obj (.const:skCBs)
                  0000a1d8    0000000c     ble_user_config.obj (.const:trngDriverTable)
                  0000a1e4    00000008     ExtFlash.obj (.const:$O19$$)
                  0000a1ec    00000008     battservice.obj (.const:battService$38)
                  0000a1f4    00000008     I2CCC26XX.obj (.const:bitRate$17)
                  0000a1fc    00000008     devinfoservice.obj (.const:devInfoService$40)
                  0000a204    00000008     ioservice.obj (.const:ioService$44)
                  0000a20c    00000008     movementservice.obj (.const:sensorService$46)
                  0000a214    00000008     registerservice.obj (.const:sensorService$51)
                  0000a21c    00000008     simplekeys.obj (.const:skService$52)
                  0000a224    00000008     board.obj (.const:udmaHWAttrs)
                  0000a22c    00000006     ble_user_config.obj (.const:txPwrTbl)
                  0000a232    00000002     battservice.obj (.const:.string:battLevelUUID)
                  0000a234    00000004     board.obj (.const:TRNGCC26XXHWAttrs)
                  0000a238    00000004     icall_cc2650.obj (.const:events$1$25)
                  0000a23c    00000002     battservice.obj (.const:.string:battServUUID)
                  0000a23e    00000002     devinfoservice.obj (.const:.string:devInfo11073CertUUID)
                  0000a240    00000002     devinfoservice.obj (.const:.string:devInfoFirmwareRevUUID)
                  0000a242    00000002     devinfoservice.obj (.const:.string:devInfoHardwareRevUUID)
                  0000a244    00000002     devinfoservice.obj (.const:.string:devInfoMfrNameUUID)
                  0000a246    00000002     devinfoservice.obj (.const:.string:devInfoModelNumberUUID)
                  0000a248    00000002     devinfoservice.obj (.const:.string:devInfoPnpIdUUID)
                  0000a24a    00000002     devinfoservice.obj (.const:.string:devInfoSerialNumberUUID)
                  0000a24c    00000002     devinfoservice.obj (.const:.string:devInfoServUUID)
                  0000a24e    00000002     devinfoservice.obj (.const:.string:devInfoSoftwareRevUUID)
                  0000a250    00000002     devinfoservice.obj (.const:.string:devInfoSystemIdUUID)
                  0000a252    00000002     simplekeys.obj (.const:.string:keyPressedUUID)
                  0000a254    00000002     simplekeys.obj (.const:.string:skServUUID)
                  0000a256    00000002     SensorI2C.obj (.const:pinCfg1$31)

.cinit     0    0000a258    000002d0     
                  0000a258    0000026c     (.cinit..data.load) [load image, compression = lzss]
                  0000a4c4    0000000c     (__TI_handler_table)
                  0000a4d0    00000008     (.cinit..TI.bound:dmaSpi0RxControlTableEntry$21.load) [load image, compression = zero_init]
                  0000a4d8    00000008     (.cinit..TI.bound:dmaSpi0TxControlTableEntry$21.load) [load image, compression = zero_init]
                  0000a4e0    00000008     (.cinit..TI.bound:dmaSpi1RxControlTableEntry$21.load) [load image, compression = zero_init]
                  0000a4e8    00000008     (.cinit..TI.bound:dmaSpi1TxControlTableEntry$21.load) [load image, compression = zero_init]
                  0000a4f0    00000008     (.cinit..bss.load) [load image, compression = zero_init]
                  0000a4f8    00000030     (__TI_cinit_table)

.init_array 
*          0    00001010    00000000     UNINITIALIZED

.TI.bound:dmaSpi0RxControlTableEntry$21 
*          0    20000430    00000010     UNINITIALIZED
                  20000430    00000010     SPICC26XXDMA.obj (.TI.bound:dmaSpi0RxControlTableEntry$21)

.TI.bound:dmaSpi0TxControlTableEntry$21 
*          0    20000440    00000010     UNINITIALIZED
                  20000440    00000010     SPICC26XXDMA.obj (.TI.bound:dmaSpi0TxControlTableEntry$21)

.TI.bound:dmaSpi1RxControlTableEntry$21 
*          0    20000500    00000010     UNINITIALIZED
                  20000500    00000010     SPICC26XXDMA.obj (.TI.bound:dmaSpi1RxControlTableEntry$21)

.TI.bound:dmaSpi1TxControlTableEntry$21 
*          0    20000510    00000010     UNINITIALIZED
                  20000510    00000010     SPICC26XXDMA.obj (.TI.bound:dmaSpi1TxControlTableEntry$21)

.data      0    20000520    000012b8     UNINITIALIZED
                  20000520    0000044c     sensortag.obj (.data:$O1$$)
                  2000096c    000003bc     peripheral.obj (.data:$O36$$)
                  20000d28    00000228     RFCC26XX_singleMode.obj (.data:$O12$$)
                  20000f50    000001d4     devinfoservice.obj (.data:$O26$$)
                  20001124    00000110     drivers_cc26xxware.aem3 : PowerCC26XX.oem3 (.data:PowerCC26XX_module)
                  20001234    0000010c     icall.obj (.data:$O14$$)
                  20001340    000000a0     movementservice.obj (.data:$O31$$)
                  200013e0    00000090     registerservice.obj (.data:$O37$$)
                  20001470    00000078     battservice.obj (.data:$O25$$)
                  200014e8    0000006c     ExtFlash.obj (.data:$O18$$)
                  20001554    0000005c     ioservice.obj (.data:$O29$$)
                  200015b0    00000058     simplekeys.obj (.data:$O38$$)
                  20001608    00000058     ble_user_config.obj (.data:rfRegTbl)
                  20001660    00000048     sensortag_mov.obj (.data:$O7$$)
                  200016a8    00000034     SensorMpu9250.obj (.data:$O22$$)
                  200016dc    00000030     sensortag_register.obj (.data:$O8$$)
                  2000170c    00000030     main.obj (.data:user0Cfg)
                  2000173c    0000002c     sensortag_keys.obj (.data:$O6$$)
                  20001768    00000010     simplekeys.obj (.data:skCharUserDesp$52)
                  20001778    0000000c     rtsv7M3_T_le_eabi.lib : exit.obj (.data:$O1$$)
                  20001784    0000000c     icall_api.obj (.data:$O17$$)
                  20001790    00000009     devinfoservice.obj (.data)
                  20001799    00000003     movementservice.obj (.data)
                  2000179c    00000008     icall_cc2650.obj (.data:$O16$$)
                  200017a4    00000008     rtsv7M3_T_le_eabi.lib : _lock.obj (.data:$O39$$)
                  200017ac    00000008     sensortag_io.obj (.data:$O5$$)
                  200017b4    00000008     battservice.obj (.data:battLevelPresentation$38)
                  200017bc    00000004     I2C.obj (.data)
                  200017c0    00000004     SPI.obj (.data)
                  200017c4    00000004     ble_user_config.obj (.data)
                  200017c8    00000004     rtsv7M3_T_le_eabi.lib : stkdepth_vars.obj (.data)
                  200017cc    00000004     sensortag_buzzer.obj (.data)
                  200017d0    00000003     registerservice.obj (.data)
                  200017d3    00000002     ioservice.obj (.data)
                  200017d5    00000001     TRNGCC26XX.obj (.data)
                  200017d6    00000001     battservice.obj (.data)
                  200017d7    00000001     simplekeys.obj (.data)

.bss       0    200017d8    00000586     UNINITIALIZED
                  200017d8    000001b8     (.common:spiCC26XXDMAObjects)
                  20001990    00000110     PINCC26XX.obj (.bss:$O11$$)
                  20001aa0    00000110     sensortag_factoryreset.obj (.bss:$O4$$)
                  20001bb0    000000e0     (.common:i2cCC26xxObjects)
                  20001c90    00000050     SensorI2C.obj (.bss:$O21$$)
                  20001ce0    00000028     sensortag_batt.obj (.bss:$O3$$)
                  20001d08    00000020     (.common:udmaObjects)
                  20001d28    00000014     driverlib.lib : osc.obj (.bss:oscHfGlobals$74)
                  20001d3c    00000008     SensorTmp007.obj (.bss:$O23$$)
                  20001d44    00000008     RFCC26XX_singleMode.obj (.bss)
                  20001d4c    00000008     driverlib.lib : sys_ctrl.obj (.bss:powerQualGlobals$76)
                  20001d54    00000004     (.common:trngCC26XXObjects)
                  20001d58    00000002     SensorI2C.obj (.bss)
                  20001d5a    00000002     sensortag_mov.obj (.bss)
                  20001d5c    00000001     SensorTagTest.obj (.bss)
                  20001d5d    00000001     (.common:driverlib_release_0_47020)

.vtable    0    20001d5e    00000000     UNINITIALIZED

.vtable_ram 
*          0    20001d5e    00000000     UNINITIALIZED

vtable_ram 
*          0    20001d5e    00000000     UNINITIALIZED

.sysmem    0    20001d5e    00000000     UNINITIALIZED

.nonretenvar 
*          0    20001d5e    00000000     UNINITIALIZED

.stack     0    20004200    00000200     UNINITIALIZED
                  20004200    00000200     --HOLE--

.bootVecs 
*          0    00000000    00000008     DSECT
                  00000000    00000008     boot.aem3 : boot.oem3 (.bootVecs)

xdc.meta   0    00000000    00000000     COPY SECTION

xdc.noload 
*          0    00000000    00000000     COPY SECTION

MODULE SUMMARY

       Module                            code    ro data   rw data
       ------                            ----    -------   -------
    .\Application\
       sensortag.obj                     5164    60        1100   
       sensortag_factoryreset.obj        304     0         272    
       sensortag_mov.obj                 308     0         74     
       sensortag_keys.obj                264     0         44     
       sensortag_register.obj            260     0         48     
       util.obj                          180     0         0      
       sensortag_io.obj                  144     0         8      
       sensortag_batt.obj                72      0         40     
       sensortag_buzzer.obj              40      0         4      
    +--+---------------------------------+-------+---------+---------+
       Total:                            6736    60        1590   
                                                                  
    .\Drivers\I2C\
       I2CCC26XX.obj                     1364    32        0      
       I2C.obj                           80      16        4      
    +--+---------------------------------+-------+---------+---------+
       Total:                            1444    48        4      
                                                                  
    .\Drivers\PIN\
       PINCC26XX.obj                     1404    0         272    
    +--+---------------------------------+-------+---------+---------+
       Total:                            1404    0         272    
                                                                  
    .\Drivers\RF\
       RFCC26XX_singleMode.obj           4722    20        560    
    +--+---------------------------------+-------+---------+---------+
       Total:                            4722    20        560    
                                                                  
    .\Drivers\SPI\
       SPICC26XXDMA.obj                  2236    84        64     
       SPI.obj                           10      32        4      
    +--+---------------------------------+-------+---------+---------+
       Total:                            2246    116       68     
                                                                  
    .\Drivers\TRNG\
       TRNGCC26XX.obj                    256     0         1      
    +--+---------------------------------+-------+---------+---------+
       Total:                            256     0         1      
                                                                  
    .\Drivers\UDMA\
       UDMACC26XX.obj                    118     0         0      
    +--+---------------------------------+-------+---------+---------+
       Total:                            118     0         0      
                                                                  
    .\ICallBLE\
       icall_api.obj                     1704    0         12     
       ble_user_config.obj               24      133       92     
    +--+---------------------------------+-------+---------+---------+
       Total:                            1728    133       104    
                                                                  
    .\ICall\
       icall.obj                         2362    204       268    
       icall_cc2650.obj                  466     4         8      
    +--+---------------------------------+-------+---------+---------+
       Total:                            2828    208       276    
                                                                  
    .\Middleware\extflash\
       ExtFlash.obj                      914     8         108    
    +--+---------------------------------+-------+---------+---------+
       Total:                            914     8         108    
                                                                  
    .\Middleware\sensors\
       SensorMpu9250.obj                 752     0         52     
       SensorI2C.obj                     426     2         82     
       SensorOpt3001.obj                 78      0         0      
       SensorUtil.obj                    20      0         0      
       SensorTmp007.obj                  0       0         8      
    +--+---------------------------------+-------+---------+---------+
       Total:                            1276    2         142    
                                                                  
    .\Middleware\sensortag\
       SensorTagTest.obj                 0       0         1      
    +--+---------------------------------+-------+---------+---------+
       Total:                            0       0         1      
                                                                  
    .\PROFILES\
       peripheral.obj                    2652    0         956    
       devinfoservice.obj                364     40        477    
       registerservice.obj               480     84        147    
       movementservice.obj               444     84        163    
       battservice.obj                   336     24        129    
       ioservice.obj                     322     68        94     
       gattservapp_util.obj              464     0         0      
       simplekeys.obj                    150     24        105    
       gatt_uuid.obj                     0       44        0      
       st_util.obj                       44      0         0      
       oad_target_external_flash.obj     0       16        0      
    +--+---------------------------------+-------+---------+---------+
       Total:                            5256    384       2071   
                                                                  
    .\Startup\
       board.obj                         0       304       0      
       main.obj                          222     0         48     
    +--+---------------------------------+-------+---------+---------+
       Total:                            222     304       48     
                                                                  
    C:\Users\Elis\AppData\Local\Temp\
       081522                            0       0         701    
    +--+---------------------------------+-------+---------+---------+
       Total:                            0       0         701    
                                                                  
    C:/ti/tirtos_cc13xx_cc26xx_2_21_01_08/products/cc26xxware_2_24_03_17272/driverlib/bin/ccs/driverlib.lib
       sys_ctrl.obj                      716     0         8      
       osc.obj                           468     0         20     
       ddi.obj                           136     0         0      
       chipinfo.obj                      96      0         0      
       rfc.obj                           64      0         0      
       trng.obj                          48      0         0      
       aon_rtc.obj                       44      0         0      
       adi.obj                           40      0         0      
       aon_batmon.obj                    40      0         0      
       cpu.obj                           30      0         0      
       vims.obj                          14      0         0      
    +--+---------------------------------+-------+---------+---------+
       Total:                            1696    0         28     
                                                                  
    C:/ti/tirtos_cc13xx_cc26xx_2_21_01_08/products/tidrivers_cc13xx_cc26xx_2_21_01_01/packages/ti/drivers/lib/drivers_cc26xxware.aem3
       PowerCC26XX.oem3                  2144    76        272    
       PowerCC26XX_calibrateRCOSC.oem3   1400    0         0      
       List.oem3                         82      0         0      
    +--+---------------------------------+-------+---------+---------+
       Total:                            3626    76        272    
                                                                  
    C:/ti/tirtos_cc13xx_cc26xx_2_21_01_08/products/tidrivers_cc13xx_cc26xx_2_21_01_01/packages/ti/drivers/lib/power_cc26xx_tirtos.aem3
       PowerCC26XX_tirtos.oem3           212     0         0      
    +--+---------------------------------+-------+---------+---------+
       Total:                            212     0         0      
                                                                  
    C:/ti/tirtos_cc13xx_cc26xx_2_21_01_08/products/tidrivers_cc13xx_cc26xx_2_21_01_01/packages/ti/drivers/ports/lib/tirtosport.aem3
       HwiP_tirtos.oem3                  4       0         0      
    +--+---------------------------------+-------+---------+---------+
       Total:                            4       0         0      
                                                                  
    C:\ti\ccsv7\tools\compiler\ti-cgt-arm_16.9.1.LTS\lib\rtsv7M3_T_le_eabi.lib
       ull_div_t2.obj                    500     0         0      
       memcpy_t2.obj                     156     0         0      
       memset_t2.obj                     122     0         0      
       copy_decompress_lzss.obj          104     0         0      
       exit.obj                          84      0         12     
       cpy_tbl.obj                       76      0         0      
       memcmp.obj                        36      0         0      
       args_main.obj                     24      0         0      
       ll_mul_t2.obj                     24      0         0      
       strlen.obj                        20      0         0      
       copy_decompress_none.obj          14      0         0      
       copy_zero_init.obj                12      0         0      
       _lock.obj                         2       0         8      
       stkdepth_vars.obj                 0       0         4      
    +--+---------------------------------+-------+---------+---------+
       Total:                            1174    0         24     
                                                                  
    C:\ti\tirtos_cc13xx_cc26xx_2_21_01_08\products\bios_6_46_01_38\packages\ti\targets\arm\rtsarm\lib\auto_init.aem3
       auto_init.oem3                    160     0         0      
    +--+---------------------------------+-------+---------+---------+
       Total:                            160     0         0      
                                                                  
    C:\ti\tirtos_cc13xx_cc26xx_2_21_01_08\products\bios_6_46_01_38\packages\ti\targets\arm\rtsarm\lib\boot.aem3
       boot.oem3                         68      0         0      
    +--+---------------------------------+-------+---------+---------+
       Total:                            68      0         0      
                                                                  
       Stack:                            0       0         512    
       Linker Generated:                 0       720       0      
    +--+---------------------------------+-------+---------+---------+
       Grand Total:                      36090   2079      6782   


LINKER GENERATED COPY TABLES

__TI_cinit_table @ 0000a4f8 records: 6, size/record: 8, table size: 48
	.data: load addr=0000a258, load size=0000026c bytes, run addr=20000520, run size=000012b8 bytes, compression=lzss
	.TI.bound:dmaSpi0RxControlTableEntry$21: load addr=0000a4d0, load size=00000008 bytes, run addr=20000430, run size=00000010 bytes, compression=zero_init
	.TI.bound:dmaSpi0TxControlTableEntry$21: load addr=0000a4d8, load size=00000008 bytes, run addr=20000440, run size=00000010 bytes, compression=zero_init
	.TI.bound:dmaSpi1RxControlTableEntry$21: load addr=0000a4e0, load size=00000008 bytes, run addr=20000500, run size=00000010 bytes, compression=zero_init
	.TI.bound:dmaSpi1TxControlTableEntry$21: load addr=0000a4e8, load size=00000008 bytes, run addr=20000510, run size=00000010 bytes, compression=zero_init
	.bss: load addr=0000a4f0, load size=00000008 bytes, run addr=200017d8, run size=00000586 bytes, compression=zero_init


LINKER GENERATED HANDLER TABLE

__TI_handler_table @ 0000a4c4 records: 3, size/record: 4, table size: 12
	index: 0, handler: __TI_decompress_lzss
	index: 1, handler: __TI_decompress_none
	index: 2, handler: __TI_zero_init


GLOBAL SYMBOLS: SORTED ALPHABETICALLY BY Name 

address   name                                            
-------   ----                                            
10014c00  A1_rw                                           
10019ffe  A2_rw                                           
10019ffc  A3_rw                                           
20004f2c  A4_rw                                           
20004f7c  ACCX                                            
20004f80  ACCY                                            
20004f84  ACCZ                                            
10015229  ATOMICPATTERN                                   
10016c29  AddRoundKeySubBytes_Sw                          
10018a19  AesCcm_authEncrypt_Sw                           
10018a35  AesCcm_decryptAuth_Sw                           
10018b09  AesCcm_getNumBlocks_Sw                          
10018ac5  Aes_decrypt_Sw                                  
10018a99  Aes_encrypt_Sw                                  
000098ad  AssertHandler                                   
00009de4  BoardGpioInitTable                              
00007931  C$$EXIT                                         
20004f2c  COMMON_RAM_BASE_ADDR                            
10014c01  COMMON_ROM_BASE_ADDR                            
10015a6d  COPY                                            
0000475f  DefaultAssertCback                              
00005965  DevInfo_SetParameter                            
10017959  ECC_allocWorkzone                               
10017961  ECC_setWin                                      
10017969  ECDSA_sign                                      
10017b01  ECDSA_verif                                     
10015a11  EXPORTOPERAND                                   
20004f78  EXPW                                            
20004f6c  EXPX                                            
20004f70  EXPY                                            
20004f74  EXPZ                                            
00007739  ExtFlash_close                                  
00007249  ExtFlash_erase                                  
00004ef1  ExtFlash_open                                   
00007a29  ExtFlash_read                                   
00006b55  ExtFlash_write                                  
10016f58  FFMult2                                         
10017058  FFMult3                                         
10016d05  FFMult_Sw                                       
10018d6c  Fill1                                           
00008791  GAPBondMgr_SetParameter                         
00004311  GAPRole_GetParameter                            
00002b01  GAPRole_SetParameter                            
00007e65  GAPRole_TerminateConnection                     
0000822d  GAPRole_createTask                              
000099dd  GAP_EndDiscoverable                             
0000836d  GAP_GetParamValue                               
000087c5  GAP_SetParamValue                               
00007a79  GAP_UpdateAdvertisingData                       
000099b9  GATTServApp_FindAttr                            
000093bd  GATTServApp_InitCharCfg                         
000070c9  GATTServApp_ProcessCCCWriteReq                  
00005e99  GATTServApp_ProcessCharCfg                      
000099ed  GATTServApp_ReadCharCfg                         
000083a9  GATTServApp_RegisterService                     
00009631  GATT_Notification                               
00009519  GATT_bm_alloc                                   
00009535  GATT_bm_free                                    
10015141  GETBIT                                          
10015155  GETDIGIT                                        
100151a5  GETDIGITL2R                                     
20001258  HEAPMGR_SIZE                                    
00009cf9  HwiP_disable                                    
UNDEFED   HwiP_restore                                    
00006181  I2CCC26XX_cancel                                
00007001  I2CCC26XX_close                                 
00009c8d  I2CCC26XX_control                               
0000a044  I2CCC26XX_fxnTable                              
00009bf1  I2CCC26XX_init                                  
00004079  I2CCC26XX_open                                  
000057e5  I2CCC26XX_transfer                              
000096b5  I2C_Params_init                                 
00009bfb  I2C_close                                       
0000a05c  I2C_config                                      
0000a150  I2C_defaultParams                               
000092e5  I2C_open                                        
00009c05  I2C_transfer                                    
000083e5  ICallPlatform_pwrConfigACAction                 
000096cd  ICallPlatform_pwrDispense                       
00009a6d  ICallPlatform_pwrGetTransitionState             
000099fd  ICallPlatform_pwrGetXOSCStartupTime             
00009a7b  ICallPlatform_pwrIsStableXOSCHF                 
00008c31  ICallPlatform_pwrRegisterNotify                 
000096e5  ICallPlatform_pwrRequire                        
00009c0f  ICallPlatform_pwrSwitchXOSCHF                   
00006911  ICallPlatform_pwrUpdActivityCounter             
00006d19  ICall_createRemoteTasks                         
20001234  ICall_dispatcher                                
0000964b  ICall_enterCSImpl                               
2000123c  ICall_enterCriticalSection                      
00008ef9  ICall_heapFree                                  
00006435  ICall_heapMalloc                                
000098c3  ICall_leaveCSImpl                               
20001240  ICall_leaveCriticalSection                      
00008895  ICall_searchServiceEntity                       
10015a35  IMPORTDATA                                      
100159a9  IMPORTLENGTH                                    
100159ad  IMPORTMODULUS                                   
100159d1  IMPORTOPERAND                                   
1001568d  INVERT                                          
10016da1  InvAddRoundKey_Sw                               
10016ed5  InvMixColumns_Sw                                
10016dc9  InvRoundKey_Sw                                  
10017264  InvSbox                                         
10016ea1  InvShiftRows_Sw                                 
10016e8d  InvSubBytes_Sw                                  
000088c9  Io_setParameter                                 
100154f5  JACADD                                          
20004fe8  LEN                                             
100158ac  LUTC                                            
100158dc  LUTINCI                                         
100158f4  LUTJ                                            
1001588c  LUTOPCODE                                       
10015894  LUTOPSIGN                                       
100158c4  LUTSE                                           
1001596c  LUTSTATE                                        
00009c23  List_empty                                      
00009d01  List_head                                       
00009d05  List_next                                       
000092bd  List_put                                        
0000967f  List_remove                                     
10018825  MB_ClearInts                                    
100187f5  MB_DisableInts                                  
10018835  MB_EnableHWInts                                 
10018799  MB_EnableInts                                   
10018945  MB_FwDebugDump                                  
10018755  MB_Init                                         
10018935  MB_ReadMailboxStatus                            
1001893d  MB_RegisterIsrCback                             
10018865  MB_SendCommand                                  
100188a5  MB_SendCommandSynch                             
20004fe4  MOD                                             
20004fd8  MSBMOD                                          
10016c79  MixColumns_Sw                                   
000088fd  Movement_getParameter                           
00007529  Movement_setParameter                           
10018b9c  NIST_Curve_P256_Gx                              
10018bc0  NIST_Curve_P256_Gy                              
10018b54  NIST_Curve_P256_a                               
10018b78  NIST_Curve_P256_b                               
10018b0c  NIST_Curve_P256_p                               
10018b30  NIST_Curve_P256_r                               
00009105  NOROM_AONBatMonTemperatureGetDegC               
00009905  NOROM_AONRTCCurrent64BitValueGet                
00009745  NOROM_AONRTCCurrentCompareValueGet              
00009b79  NOROM_CPUcpsid                                  
00009b85  NOROM_CPUcpsie                                  
00009c93  NOROM_CPUdelay                                  
00007ead  NOROM_ChipInfo_GetChipFamily                    
0000975d  NOROM_ChipInfo_GetPackageType                   
0000826d  NOROM_DDI16BitfieldRead                         
00007ef5  NOROM_DDI16BitfieldWrite                        
00009551  NOROM_OSCClockSourceGet                         
00007ce9  NOROM_OSCClockSourceSet                         
0000735d  NOROM_OSCHF_AttemptToSwitchToXosc               
00006325  NOROM_OSCHF_GetStartupTime                      
00008931  NOROM_OSCHF_SwitchToRcOscTurnOffXosc            
00009775  NOROM_OSCHF_TurnOnXosc                          
0000845d  NOROM_OSC_HPOSCRelativeFrequencyOffsetGet       
0000978d  NOROM_RFCCpeIntGetAndClear                      
0000912d  NOROM_RFCDoorbellSendTo                         
000073b9  NOROM_SysCtrlAdjustRechargeAfterPowerDown       
00002f71  NOROM_SysCtrlSetRechargeBeforePowerDown         
00006ec9  NOROM_SysCtrl_DCDC_VoltageConditionalControl    
00008cf1  NOROM_TRNGConfigure                             
00009ac1  NOROM_VIMSModeGet                               
10014c04  P1_ro                                           
10019ffe  P1_ro_2                                         
20004f40  P2_rw                                           
20004f40  P2_s0                                           
20004fac  P2_zi                                           
00008fa9  PINCC26XX_setMux                                
20001a24  PIN_HandleTable                                 
20001990  PIN_NumPins                                     
00007065  PIN_add                                         
000094db  PIN_close                                       
00009919  PIN_getInputValue                               
0000353d  PIN_init                                        
00005f31  PIN_open                                        
00009c99  PIN_registerIntCb                               
00007581  PIN_remove                                      
00008fd5  PIN_setConfig                                   
00008d21  PIN_setInterrupt                                
00008965  PIN_setOutputValue                              
00007189  PowerCC26XX_RCOSC_clockFunc                     
000069f9  PowerCC26XX_auxISR                              
00006d85  PowerCC26XX_calibrate                           
0000a160  PowerCC26XX_config                              
00003c21  PowerCC26XX_doCalibrate                         
00006325  PowerCC26XX_getXoscStartupTime                  
000075d9  PowerCC26XX_initiateCalibration                 
00008999  PowerCC26XX_isStableXOSC_HF                     
20001124  PowerCC26XX_module                              
000050a1  PowerCC26XX_standbyPolicy                       
00009155  PowerCC26XX_switchXOSC_HF                       
00009b91  Power_getConstraintMask                         
00009b9d  Power_getDependencyCount                        
000094f9  Power_getTransitionLatency                      
00009ba9  Power_getTransitionState                        
00004431  Power_init                                      
0000917d  Power_registerNotify                            
00008d51  Power_releaseConstraint                         
00005175  Power_releaseDependency                         
00008d81  Power_setConstraint                             
0000531d  Power_setDependency                             
00002d49  Power_sleep                                     
0000943d  Power_unregisterNotify                          
10017158  RCon                                            
10018415  RFHAL_AddTxDataEntry                            
100184f9  RFHAL_AllocDataEntry                            
100184a9  RFHAL_AllocDataEntryQueue                       
10018315  RFHAL_AllocRatChan                              
100185e1  RFHAL_BuildDataEntryRingBuffer                  
10018669  RFHAL_BuildLinkedBuffer                         
10018551  RFHAL_BuildRingBuffer                           
10018549  RFHAL_FreeDataEntry                             
100184c5  RFHAL_FreeDataEntryQueue                        
10018485  RFHAL_FreeNextTxDataEntry                       
1001833d  RFHAL_FreeRatChan                               
100184cd  RFHAL_GetNextDataEntry                          
100184d1  RFHAL_GetTempDataEntry                          
100183b9  RFHAL_InitDataQueue                             
100182ad  RFHAL_InitRfHal                                 
10018369  RFHAL_MapRatChansToInt                          
100184d5  RFHAL_NextDataEntryDone                         
100183c5  RFHAL_QueueRFDataEntries                        
10018391  RFHAL_RegisterRatChanCallback                   
00003da5  RF_cancelCmd                                    
00009c5d  RF_flushCmd                                     
000099cb  RF_getCmdOp                                     
00007631  RF_getCurrentTime                               
00007b19  RF_getInfo                                      
000082ad  RF_getRssi                                      
000053ed  RF_open                                         
00006539  RF_pendCmd                                      
00003a79  RF_postCmd                                      
00008a01  RF_runCmd                                       
000095a5  RF_runDirectCmd                                 
000095c1  RF_runImmediateCmd                              
00008a35  Register_getParameter                           
00008499  Register_setParameter                           
UNDEFED   ResetISR                                        
10016b79  RoundKey_Sw                                     
10015101  SAVEPOINT                                       
20004f68  SCAL                                            
100150e5  SCALARMUL                                       
10014ced  SCALARMUL_core                                  
10015019  SCALARMUL_final                                 
10014c05  SCALARMUL_init                                  
10015a51  SETOPERAND                                      
10015a91  SETWORD                                         
10018089  SHA256_final                                    
10018129  SHA256_full                                     
10017ffd  SHA256_init                                     
10017ef1  SHA256_nextState                                
10018019  SHA256_process                                  
10017e75  SHA256_round                                    
10017f49  SHA256_saveBuffer                               
10017e39  SHA256_updateW                                  
UNDEFED   SHT$$INIT_ARRAY$$Base                           
UNDEFED   SHT$$INIT_ARRAY$$Limit                          
000091a5  SK_SetParameter                                 
0000605d  SPICC26XXDMA_close                              
00004fc9  SPICC26XXDMA_control                            
0000a028  SPICC26XXDMA_fxnTable                           
00009acf  SPICC26XXDMA_init                               
000041c9  SPICC26XXDMA_open                               
000038c5  SPICC26XXDMA_transfer                           
00004b51  SPICC26XXDMA_transferCancel                     
00009fe4  SPI_config                                      
0000a008  SPI_defaultParams                               
00009c2d  SPI_transfer                                    
10015821  SQUAREMULTIPLYWORD                              
10017895  SSP_CCM_Auth_Encrypt_Sw                         
10017365  SSP_CCM_Auth_Sw                                 
1001767d  SSP_CCM_Decrypt_Sw                              
100174fd  SSP_CCM_Encrypt_Sw                              
100178f5  SSP_CCM_InvAuth_Decrypt_Sw                      
10017839  SSP_CCM_InvAuth_Sw                              
[...]
00009fae  periPrivacyFlagUUID                             
00009fb0  reconnectAddrUUID                               
00009fb2  periConnParamUUID                               
00009fb4  serviceChangedUUID                              
00009fb6  validRangeUUID                                  
00009fb8  extReportRefUUID                                
00009fbc  txPowerTable                                    
00009fe4  SPI_config                                      
0000a008  SPI_defaultParams                               
0000a028  SPICC26XXDMA_fxnTable                           
0000a044  I2CCC26XX_fxnTable                              
0000a05c  I2C_config                                      
0000a074  i2cCC26xxHWAttrs                                
0000a0a0  ioConfUUID                                      
0000a0b0  ioDataUUID                                      
0000a0c0  ioServUUID                                      
0000a150  I2C_defaultParams                               
0000a160  PowerCC26XX_config                              
0000a170  TRNGCC26XX_config                               
0000a180  UDMACC26XX_config                               
0000a190  battCBs                                         
0000a19c  devInfoCBs                                      
0000a1a8  ioCBs                                           
0000a1cc  skCBs                                           
0000a1d8  trngDriverTable                                 
0000a224  udmaHWAttrs                                     
0000a22c  txPwrTbl                                        
0000a232  battLevelUUID                                   
0000a234  TRNGCC26XXHWAttrs                               
0000a23c  battServUUID                                    
0000a23e  devInfo11073CertUUID                            
0000a240  devInfoFirmwareRevUUID                          
0000a242  devInfoHardwareRevUUID                          
0000a244  devInfoMfrNameUUID                              
0000a246  devInfoModelNumberUUID                          
0000a248  devInfoPnpIdUUID                                
0000a24a  devInfoSerialNumberUUID                         
0000a24c  devInfoServUUID                                 
0000a24e  devInfoSoftwareRevUUID                          
0000a250  devInfoSystemIdUUID                             
0000a252  keyPressedUUID                                  
0000a254  skServUUID                                      
0000a258  __TI_static_base__                              
0000a4c4  __TI_Handler_Table_Base                         
0000a4d0  __TI_Handler_Table_Limit                        
0000a4f8  __TI_CINIT_Base                                 
0000a528  __TI_CINIT_Limit                                
0000e0ea  __checksum_value_CommonROM                      
10014c00  A1_rw                                           
10014c00  __checksum_begin_CommonROM                      
10014c01  COMMON_ROM_BASE_ADDR                            
10014c04  P1_ro                                           
10014c05  SCALARMUL_init                                  
10014ced  SCALARMUL_core                                  
10015019  SCALARMUL_final                                 
100150e5  SCALARMUL                                       
10015101  SAVEPOINT                                       
10015141  GETBIT                                          
10015155  GETDIGIT                                        
100151a5  GETDIGITL2R                                     
10015215  SelectReg                                       
10015229  ATOMICPATTERN                                   
100154f5  JACADD                                          
1001568d  INVERT                                          
10015821  SQUAREMULTIPLYWORD                              
1001588c  LUTOPCODE                                       
10015894  LUTOPSIGN                                       
100158ac  LUTC                                            
100158c4  LUTSE                                           
100158dc  LUTINCI                                         
100158f4  LUTJ                                            
1001596c  LUTSTATE                                        
100159a9  IMPORTLENGTH                                    
100159ad  IMPORTMODULUS                                   
100159d1  IMPORTOPERAND                                   
10015a11  EXPORTOPERAND                                   
10015a35  IMPORTDATA                                      
10015a51  SETOPERAND                                      
10015a6d  COPY                                            
10015a85  ZERO                                            
10015a91  SETWORD                                         
10015a9d  mSET                                            
10015bcd  zSET                                            
10015bd5  mINVK                                           
10015d19  zADD                                            
10015d5d  zSUB                                            
10015de9  zMACC32                                         
10015e69  zSUB32                                          
10015eb5  zADD32                                          
10015f0d  zMULT32                                         
10015f81  mMULT                                           
10016551  mADD                                            
1001664d  mSUB                                            
10016749  mOUT                                            
10016975  ssp_KeyInit_Sw                                  
10016979  sspAesEncrypt_Sw                                
10016985  sspKeyExpansion_Sw                              
10016a99  sspAesEncryptKeyExp_Sw                          
10016af5  sspAesEncryptBasic_Sw                           
10016b79  RoundKey_Sw                                     
10016c29  AddRoundKeySubBytes_Sw                          
10016c45  ShiftRows_Sw                                    
10016c79  MixColumns_Sw                                   
10016d05  FFMult_Sw                                       
10016d29  sspAesDecrypt_Sw                                
10016da1  InvAddRoundKey_Sw                               
10016dc9  InvRoundKey_Sw                                  
10016e8d  InvSubBytes_Sw                                  
10016ea1  InvShiftRows_Sw                                 
10016ed5  InvMixColumns_Sw                                
10016f58  FFMult2                                         
10017058  FFMult3                                         
10017158  RCon                                            
10017164  Sbox                                            
10017264  InvSbox                                         
10017365  SSP_CCM_Auth_Sw                                 
100174fd  SSP_CCM_Encrypt_Sw                              
100175ed  SSP_CTR_Encrypt_Sw                              
1001767d  SSP_CCM_Decrypt_Sw                              
10017771  SSP_CTR_Decrypt_Sw                              
10017839  SSP_CCM_InvAuth_Sw                              
10017895  SSP_CCM_Auth_Encrypt_Sw                         
100178f5  SSP_CCM_InvAuth_Decrypt_Sw                      
10017959  ECC_allocWorkzone                               
10017961  ECC_setWin                                      
10017969  ECDSA_sign                                      
10017b01  ECDSA_verif                                     
10017dbd  eccRom_genKeys                                  
10017ded  eccRom_genSharedSecret                          
10017e39  SHA256_updateW                                  
10017e75  SHA256_round                                    
10017ef1  SHA256_nextState                                
10017f49  SHA256_saveBuffer                               
10017ffd  SHA256_init                                     
10018019  SHA256_process                                  
10018089  SHA256_final                                    
10018129  SHA256_full                                     
100182ad  RFHAL_InitRfHal                                 
10018315  RFHAL_AllocRatChan                              
1001833d  RFHAL_FreeRatChan                               
10018369  RFHAL_MapRatChansToInt                          
10018391  RFHAL_RegisterRatChanCallback                   
100183b9  RFHAL_InitDataQueue                             
100183c5  RFHAL_QueueRFDataEntries                        
10018415  RFHAL_AddTxDataEntry                            
10018485  RFHAL_FreeNextTxDataEntry                       
100184a9  RFHAL_AllocDataEntryQueue                       
100184c5  RFHAL_FreeDataEntryQueue                        
100184cd  RFHAL_GetNextDataEntry                          
100184d1  RFHAL_GetTempDataEntry                          
100184d5  RFHAL_NextDataEntryDone                         
100184f9  RFHAL_AllocDataEntry                            
10018549  RFHAL_FreeDataEntry                             
10018551  RFHAL_BuildRingBuffer                           
100185e1  RFHAL_BuildDataEntryRingBuffer                  
10018669  RFHAL_BuildLinkedBuffer                         
10018755  MB_Init                                         
10018799  MB_EnableInts                                   
100187f5  MB_DisableInts                                  
10018825  MB_ClearInts                                    
10018835  MB_EnableHWInts                                 
10018865  MB_SendCommand                                  
100188a5  MB_SendCommandSynch                             
10018935  MB_ReadMailboxStatus                            
1001893d  MB_RegisterIsrCback                             
10018945  MB_FwDebugDump                                  
10018949  mbCmdAckIsr                                     
1001895d  mbCpe0Isr                                       
10018985  mbCpe1Isr                                       
100189e5  mbHwIsr                                         
10018a19  AesCcm_authEncrypt_Sw                           
10018a35  AesCcm_decryptAuth_Sw                           
10018a99  Aes_encrypt_Sw                                  
10018ac5  Aes_decrypt_Sw                                  
10018b09  AesCcm_getNumBlocks_Sw                          
10018b0c  NIST_Curve_P256_p                               
10018b30  NIST_Curve_P256_r                               
10018b54  NIST_Curve_P256_a                               
10018b78  NIST_Curve_P256_b                               
10018b9c  NIST_Curve_P256_Gx                              
10018bc0  NIST_Curve_P256_Gy                              
10018ced  __exit                                          
10018d6c  Fill1                                           
10019ffc  A3_rw                                           
10019ffd  __checksum_end_CommonROM                        
10019ffe  A2_rw                                           
10019ffe  P1_ro_2                                         
10019ffe  __checksum_CommonROM                            
20000520  gapProfileState                                 
20000521  selfEntityMain                                  
20000528  sem                                             
2000052c  hGpioPin                                        
20000548  pinGpioState                                    
2000096c  linkDBNumConns                                  
20000a80  gapRoleTask                                     
20000ad0  gapRoleTaskStack                                
20001124  PowerCC26XX_module                              
20001234  ICall_dispatcher                                
2000123c  ICall_enterCriticalSection                      
20001240  ICall_leaveCriticalSection                      
20001258  HEAPMGR_SIZE                                    
20001608  rfRegTbl                                        
2000170c  user0Cfg                                        
20001778  __TI_cleanup_ptr                                
2000177c  __TI_dtors_ptr                                  
20001780  __TI_enable_exit_profile_output                 
20001784  lastAppOpcodeSent                               
20001788  pfnBMAlloc                                      
2000178c  pfnBMFree                                       
200017a4  _lock                                           
200017a8  _unlock                                         
200017c4  appAssertCback                                  
200017c8  main_func_sp                                    
200017d8  spiCC26XXDMAObjects                             
20001990  PIN_NumPins                                     
20001a24  PIN_HandleTable                                 
20001bb0  i2cCC26xxObjects                                
20001d08  udmaObjects                                     
20001d54  trngCC26XXObjects                               
20001d5d  driverlib_release_0_47020                       
20001d5e  heapStart                                       
20004200  __stack                                         
20004200  heapEnd                                         
20004400  __STACK_END                                     
20004400  __STACK_TOP                                     
20004f2c  A4_rw                                           
20004f2c  COMMON_RAM_BASE_ADDR                            
20004f40  P2_rw                                           
20004f40  P2_s0                                           
20004f40  eccRom_windowSize                               
20004f44  eccRom_workzone                                 
20004f48  eccRom_param_p                                  
20004f4c  eccRom_param_r                                  
20004f50  eccRom_param_a                                  
20004f54  inScalar                                        
20004f58  inPointX                                        
20004f5c  inPointY                                        
20004f60  outPointX                                       
20004f64  outPointY                                       
20004f68  SCAL                                            
20004f6c  EXPX                                            
20004f70  EXPY                                            
20004f74  EXPZ                                            
20004f78  EXPW                                            
20004f7c  ACCX                                            
20004f80  ACCY                                            
20004f84  ACCZ                                            
20004f88  TMP1                                            
20004f8c  TMP2                                            
20004f90  TMP3                                            
20004f94  TMP4                                            
20004f98  TMP5                                            
20004f9c  TMP6                                            
20004fa0  eccRom_param_Gx                                 
20004fa4  eccRom_param_Gy                                 
20004fa8  eccRom_param_b                                  
20004fac  P2_zi                                           
20004fac  ratChanInfo                                     
20004fcc  fwInfoCmd                                       
20004fd8  MSBMOD                                          
20004fdc  aux64                                           
20004fe4  MOD                                             
20004fe8  LEN                                             
20004ffc  pSspAesEncrypt_Sw                               
e000e000  ti_sysbios_family_arm_m3_Hwi_nvic               
ffffffff  __TI_pprof_out_hndl                             
ffffffff  __TI_prof_data_size                             
ffffffff  __TI_prof_data_start                            
ffffffff  __binit__                                       
ffffffff  __c_args__                                      
ffffffff  binit                                           
UNDEFED   HwiP_restore                                    
UNDEFED   ResetISR                                        
UNDEFED   SHT$$INIT_ARRAY$$Base                           
UNDEFED   SHT$$INIT_ARRAY$$Limit                          
UNDEFED   ti_sysbios_BIOS_getCpuFreq__E                   
UNDEFED   ti_sysbios_BIOS_getThreadType__E                
UNDEFED   ti_sysbios_BIOS_start__E                        
UNDEFED   ti_sysbios_family_arm_m3_Hwi_Params__init__S    
UNDEFED   ti_sysbios_family_arm_m3_Hwi_construct          
UNDEFED   ti_sysbios_family_arm_m3_Hwi_destruct           
UNDEFED   ti_sysbios_family_arm_m3_Hwi_disableFxn__E      
UNDEFED   ti_sysbios_family_arm_m3_Hwi_disableInterrupt__E
UNDEFED   ti_sysbios_family_arm_m3_Hwi_enableFxn__E       
UNDEFED   ti_sysbios_family_arm_m3_Hwi_enableInterrupt__E 
UNDEFED   ti_sysbios_family_arm_m3_Hwi_post__E            
UNDEFED   ti_sysbios_family_arm_m3_Hwi_restoreFxn__E      
UNDEFED   ti_sysbios_family_arm_m3_Hwi_setFunc__E         
UNDEFED   ti_sysbios_hal_Hwi_Params__init__S              
UNDEFED   ti_sysbios_hal_Hwi_create                       
UNDEFED   ti_sysbios_hal_Hwi_disableInterrupt__E          
UNDEFED   ti_sysbios_hal_Hwi_enableInterrupt__E           
UNDEFED   ti_sysbios_knl_Clock_Params__init__S            
UNDEFED   ti_sysbios_knl_Clock_construct                  
UNDEFED   ti_sysbios_knl_Clock_create                     
UNDEFED   ti_sysbios_knl_Clock_getTicksUntilInterrupt__E  
UNDEFED   ti_sysbios_knl_Clock_getTicks__E                
UNDEFED   ti_sysbios_knl_Clock_isActive__E                
UNDEFED   ti_sysbios_knl_Clock_setPeriod__E               
UNDEFED   ti_sysbios_knl_Clock_setTimeout__E              
UNDEFED   ti_sysbios_knl_Clock_start__E                   
UNDEFED   ti_sysbios_knl_Clock_stop__E                    
UNDEFED   ti_sysbios_knl_Clock_tickPeriod__C              
UNDEFED   ti_sysbios_knl_Queue_construct                  
UNDEFED   ti_sysbios_knl_Queue_empty__E                   
UNDEFED   ti_sysbios_knl_Queue_get__E                     
UNDEFED   ti_sysbios_knl_Queue_put__E                     
UNDEFED   ti_sysbios_knl_Semaphore_Params__init__S        
UNDEFED   ti_sysbios_knl_Semaphore_construct              
UNDEFED   ti_sysbios_knl_Semaphore_create                 
UNDEFED   ti_sysbios_knl_Semaphore_destruct               
UNDEFED   ti_sysbios_knl_Semaphore_pend__E                
UNDEFED   ti_sysbios_knl_Semaphore_post__E                
UNDEFED   ti_sysbios_knl_Swi_Params__init__S              
UNDEFED   ti_sysbios_knl_Swi_construct                    
UNDEFED   ti_sysbios_knl_Swi_destruct                     
UNDEFED   ti_sysbios_knl_Swi_disable__E                   
UNDEFED   ti_sysbios_knl_Swi_getTrigger__E                
UNDEFED   ti_sysbios_knl_Swi_or__E                        
UNDEFED   ti_sysbios_knl_Swi_post__E                      
UNDEFED   ti_sysbios_knl_Swi_restore__E                   
UNDEFED   ti_sysbios_knl_Task_Params__init__S             
UNDEFED   ti_sysbios_knl_Task_construct                   
UNDEFED   ti_sysbios_knl_Task_create                      
UNDEFED   ti_sysbios_knl_Task_disable__E                  
UNDEFED   ti_sysbios_knl_Task_enable__E                   
UNDEFED   ti_sysbios_knl_Task_restore__E                  
UNDEFED   ti_sysbios_knl_Task_self__E                     
UNDEFED   ti_sysbios_knl_Task_sleep__E                    
UNDEFED   xdc_runtime_Startup_exec__E                     
UNDEFED   xdc_runtime_Startup_reset__I                    
UNDEFED   xdc_runtime_System_abortSpin__E                 
UNDEFED   xdc_runtime_System_exit__E                      

[565 symbols]
