******************************************************************************
                  TI ARM Linker PC v16.9.1                     
******************************************************************************
>> Linked Mon Jun 25 21:55:38 2018

OUTPUT FILE NAME:   <sensortag_cc2650stk_app.out>
ENTRY POINT SYMBOL: "ResetISR"  address: 000094b9


MEMORY CONFIGURATION

         name            origin    length      used     unused   attr    fill
----------------------  --------  ---------  --------  --------  ----  --------
  IMAGE_HEADER          00001000   00000010  00000010  00000000  R  X
  FLASH                 00001010   00010010  0000c118  00003ef8  R  X
  SRAM                  20000000   00004400  00002782  00001c7e  RW X


SEGMENT ALLOCATION MAP

run origin  load origin   length   init length attrs members
----------  ----------- ---------- ----------- ----- -------
00001000    00001000    0000c130   0000c130    r-x
  00001000    00001000    00000010   00000010    r-- .imgHdr
  00001010    00001010    0000003c   0000003c    r-- .resetVecs
  0000104c    0000104c    0000b2ae   0000b2ae    r-x .text
  0000c2fc    0000c2fc    0000094e   0000094e    r-- .const
  0000cc50    0000cc50    000004e0   000004e0    r-- .cinit
20000430    20000430    00000010   00000000    rw-
  20000430    20000430    00000010   00000000    rw- .TI.bound:dmaSpi0RxControlTableEntry$21
20000440    20000440    00000010   00000000    rw-
  20000440    20000440    00000010   00000000    rw- .TI.bound:dmaSpi0TxControlTableEntry$21
20000500    20000500    00000010   00000000    rw-
  20000500    20000500    00000010   00000000    rw- .TI.bound:dmaSpi1RxControlTableEntry$21
20000510    20000510    0000248a   00000000    rw-
  20000510    20000510    00000010   00000000    rw- .TI.bound:dmaSpi1TxControlTableEntry$21
  20000520    20000520    000015a2   00000000    rw- .data
  20001ac8    20001ac8    00000ed2   00000000    rw- .bss
20004200    20004200    00000200   00000000    rw-
  20004200    20004200    00000200   00000000    rw- .stack


SECTION ALLOCATION MAP

 output                                  attributes/
section   page    origin      length       input sections
--------  ----  ----------  ----------   ----------------
.imgHdr    0    00001000    00000010     
                  00001000    00000010     oad_target_external_flash.obj (.imgHdr:retain)

.text      0    0000104c    0000b2ae     
                  0000104c    00001298     sensortag.obj (.text:SensorTag_taskFxn$0)
                  000022e4    000005d8     peripheral.obj (.text:gapRole_taskFxn$50)
                  000028bc    00000450     driverlib.lib : setup.obj (.text:TrimAfterColdResetWakeupFromShutDown$79)
                  00002d0c    00000280     RFCC26XX_singleMode.obj (.text:fsmActiveState$19)
                  00002f8c    00000248     peripheral.obj (.text:GAPRole_SetParameter)
                  000031d4    00000228     drivers_cc26xxware.aem3 : PowerCC26XX.oem3 (.text:Power_sleep)
                  000033fc    00000208     driverlib.lib : sys_ctrl.obj (.text:NOROM_SysCtrlSetRechargeBeforePowerDown)
                  00003604    000001f4     rtsv7M3_T_le_eabi.lib : ull_div_t2.obj (.text)
                  000037f8    000001d0     drivers_cc26xxware.aem3 : PowerCC26XX_calibrateRCOSC.oem3 (.text:calibrateRcoscHf1)
                  000039c8    000001c8     PINCC26XX.obj (.text:PIN_init)
                  00003b90    000001c0     RFCC26XX_singleMode.obj (.text:fsmSetupState$19)
                  00003d50    000001b4     SPICC26XXDMA.obj (.text:SPICC26XXDMA_transfer)
                  00003f04    000001a8     RFCC26XX_singleMode.obj (.text:RF_postCmd)
                  000040ac    00000184     drivers_cc26xxware.aem3 : PowerCC26XX_calibrateRCOSC.oem3 (.text:PowerCC26XX_doCalibrate)
                  00004230    0000017c     RFCC26XX_singleMode.obj (.text:abortCmd$19)
                  000043ac    00000158     SPICC26XXDMA.obj (.text:SPICC26XXDMA_initIO$21)
                  00004504    00000150     I2CCC26XX.obj (.text:I2CCC26XX_open)
                  00004654    00000148     driverlib.lib : setup.obj (.text:NOROM_SetupTrimDevice)
                  0000479c    00000148     SPICC26XXDMA.obj (.text:SPICC26XXDMA_open)
                  000048e4    00000120     peripheral.obj (.text:GAPRole_GetParameter)
                  00004a04    0000011c     drivers_cc26xxware.aem3 : PowerCC26XX.oem3 (.text:Power_init)
                  00004b20    0000010c     RFCC26XX_singleMode.obj (.text:hwiFxnCpe0Active$19)
                  00004c2c    00000106     icall.obj (.text:ICall_primWaitMatch$24)
                  00004d32    00000002     ble_user_config.obj (.text:DefaultAssertCback)
                  00004d34    00000100     I2CCC26XX.obj (.text:I2CCC26XX_hwiFxn$17)
                  00004e34    00000100     sensortag_factoryreset.obj (.text:SensorTagFactoryReset_hasImage)
                  00004f34    000000f8     RFCC26XX_singleMode.obj (.text:fsmPowerUpState$19)
                  0000502c    000000f8     RFCC26XX_singleMode.obj (.text:radioOpDoneCb$19)
                  00005124    000000f8     sysbios.aem3 : BIOS.obj (.text:xdc_runtime_Startup_startMods__I)
                  0000521c    000000f0     SPICC26XXDMA.obj (.text:SPICC26XXDMA_transferCancel)
                  0000530c    000000ec     RFCC26XX_singleMode.obj (.text:rf_init$19)
                  000053f8    000000e8     registerservice.obj (.text:sensor_WriteAttrCB$51)
                  000054e0    000000dc     PINCC26XX.obj (.text:PINCC26XX_setIoCfg$18)
                  000055bc    000000d8     ExtFlash.obj (.text:ExtFlash_open)
                  00005694    000000d8     SPICC26XXDMA.obj (.text:SPICC26XXDMA_control)
                  0000576c    000000d4     power_cc26xx_tirtos.aem3 : PowerCC26XX_tirtos.oem3 (.text:PowerCC26XX_standbyPolicy)
                  00005840    000000d4     drivers_cc26xxware.aem3 : PowerCC26XX.oem3 (.text:Power_releaseDependency)
                  00005914    000000d4     SensorMpu9250.obj (.text:SensorMpu9250_reset)
                  000059e8    000000d0     drivers_cc26xxware.aem3 : PowerCC26XX.oem3 (.text:Power_setDependency)
                  00005ab8    000000d0     RFCC26XX_singleMode.obj (.text:RF_open)
                  00005b88    000000d0     SensorMpu9250.obj (.text:SensorMpu9250_enable)
                  00005c58    000000cc     RFCC26XX_singleMode.obj (.text:fsmPowerDownState$19)
                  00005d24    000000cc     sysbios.aem3 : BIOS.obj (.text:ti_sysbios_knl_Semaphore_pend__E)
                  00005df0    000000cc                  : BIOS.obj (.text:ti_sysbios_knl_Task_Instance_init__E)
                  00005ebc    000000c8     main.obj (.text:main)
                  00005f84    000000c8     sysbios.aem3 : m3_Hwi_asm.obj (.text:ti_sysbios_family_arm_m3_Hwi_dispatch__I)
                  0000604c    000000c4     movementservice.obj (.text:sensor_WriteAttrCB$46)
                  00006110    000000c0     I2CCC26XX.obj (.text:I2CCC26XX_transfer)
                  000061d0    000000c0     ioservice.obj (.text:io_WriteAttrCB$44)
                  00006290    000000bc     devinfoservice.obj (.text:DevInfo_SetParameter)
                  0000634c    000000b0     sensortag_mov.obj (.text:appStateSet$9)
                  000063fc    000000b0     devinfoservice.obj (.text:devInfo_ReadAttrCB$40)
                  000064ac    000000a0     SPICC26XXDMA.obj (.text:SPICC26XXDMA_hwiFxn$21)
                  0000654c    000000a0     TRNGCC26XX.obj (.text:TRNGCC26XX_getNumber)
                  000065ec    000000a0     auto_init.aem3 : auto_init.oem3 (.text)
                  0000668c    0000009c     sensortag_keys.obj (.text:SensorTagKeys_clockHandler$8)
                  00006728    0000009c     rtsv7M3_T_le_eabi.lib : memcpy_t2.obj (.text)
                  000067c4    00000098     gattservapp_util.obj (.text:GATTServApp_ProcessCharCfg)
                  0000685c    00000098     PINCC26XX.obj (.text:PIN_open)
                  000068f4    00000098     sysbios.aem3 : BIOS.obj (.text:ti_sysbios_knl_Clock_workFuncDynamic__E)
                  0000698c    00000094     icall.obj (.text:ICall_primSetTimer$24)
                  00006a20    00000094     sysbios.aem3 : BIOS.obj (.text:ti_sysbios_family_arm_m3_Hwi_Instance_init__E)
                  00006ab4    00000092     SPICC26XXDMA.obj (.text:SPICC26XXDMA_close)
                  00006b46    00000002     SPICC26XXDMA.obj (.text:SPICC26XXDMA_serviceISR$21)
                  00006b48    00000090     drivers_cc26xxware.aem3 : PowerCC26XX.oem3 (.text:switchXOSCHFclockFunc)
                  00006bd8    0000008c     I2CCC26XX.obj (.text:I2CCC26XX_cancel)
                  00006c64    0000008c     I2CCC26XX.obj (.text:I2CCC26XX_primeTransfer$17)
                  00006cf0    0000008c     sensortag_register.obj (.text:SensorTagRegister_update)
                  00006d7c    00000088     driverlib.lib : osc.obj (.text:NOROM_OSCHF_GetStartupTime)
                  00006e04    00000088     registerservice.obj (.text:sensor_ReadAttrCB$51)
                  00006e8c    00000084     icall.obj (.text:ICall_heapMalloc)
                  00006f10    00000080     SensorI2C.obj (.text:SensorI2C_open)
                  00006f90    00000080     sysbios.aem3 : BIOS.obj (.text:ti_sysbios_family_arm_m3_Hwi_initNVIC__E)
                  00007010    00000080                  : BIOS.obj (.text:ti_sysbios_knl_Task_postInit__I)
                  00007090    00000080                  : BIOS.obj (.text:xdc_runtime_Core_createObject__I)
                  00007110    0000007c     RFCC26XX_singleMode.obj (.text:RF_pendCmd)
                  0000718c    0000007c     sensortag.obj (.text:SensorTag_enqueueMsg$0)
                  00007208    0000007c     drivers_cc26xxware.aem3 : PowerCC26XX.oem3 (.text:disableLFClockQualifiers)
                  00007284    0000007c     peripheral.obj (.text:gapRole_startConnUpdate$50)
                  00007300    0000007c     RFCC26XX_singleMode.obj (.text:swiFxnHw$19)
                  0000737c    0000007a     rtsv7M3_T_le_eabi.lib : memset_t2.obj (.text)
                  000073f6    00000002     RFCC26XX_singleMode.obj (.text:defaultErrCb$19)
                  000073f8    00000078     SPICC26XXDMA.obj (.text:SPICC26XXDMA_csnCallback$21)
                  00007470    00000078     sysbios.aem3 : BIOS.obj (.text:ti_sysbios_knl_Clock_walkQueueDynamic__E)
                  000074e8    00000076     gattservapp_util.obj (.text:gattServApp_SendNotiInd$42)
                  0000755e    00000002     drivers_cc26xxware.aem3 : PowerCC26XX.oem3 (.text:emptyClockFunc)
                  00007560    00000074     icall_cc2650.obj (.text:ICallPlatform_pwrUpdActivityCounter)
                  000075d4    00000074     icall.obj (.text:ICall_primSend$24)
                  00007648    00000074     drivers_cc26xxware.aem3 : PowerCC26XX_calibrateRCOSC.oem3 (.text:PowerCC26XX_auxISR)
                  000076bc    00000074     sensortag.obj (.text:SensorTag_callback$0)
                  00007730    00000074     drivers_cc26xxware.aem3 : PowerCC26XX_calibrateRCOSC.oem3 (.text:calibrateRcoscHf2)
                  000077a4    00000074     sysbios.aem3 : BIOS.obj (.text:ti_sysbios_family_arm_cc26xx_Timer_start__E)
                  00007818    00000072     ExtFlash.obj (.text:ExtFlash_write)
                  0000788a    00000002     sysbios.aem3 : BIOS.obj (.text:ti_sysbios_BIOS_linkedWithIncorrectBootLibrary__E)
                  0000788c    00000070     SensorI2C.obj (.text:SensorI2C_select)
                  000078fc    00000070     sensortag_register.obj (.text:SensorTagRegister_reset)
                  0000796c    00000070     battservice.obj (.text:battNotifyLevel$38)
                  000079dc    00000070     sysbios.aem3 : BIOS.obj (.text:ti_sysbios_knl_Task_sleep__E)
                  00007a4c    0000006c     icall.obj (.text:ICall_createRemoteTasks)
                  00007ab8    0000006c     drivers_cc26xxware.aem3 : PowerCC26XX.oem3 (.text:PowerCC26XX_calibrate)
                  00007b24    0000006c     UDMACC26XX.obj (.text:UDMACC26XX_open)
                  00007b90    0000006c     movementservice.obj (.text:sensor_ReadAttrCB$46)
                  00007bfc    0000006c     sysbios.aem3 : BIOS.obj (.text:xdc_runtime_Memory_alloc__E)
                  00007c68    00000068     driverlib.lib : sys_ctrl.obj (.text:NOROM_SysCtrl_DCDC_VoltageConditionalControl)
                  00007cd0    00000068     RFCC26XX_singleMode.obj (.text:decActiveClientCnt$19)
                  00007d38    00000068     rtsv7M3_T_le_eabi.lib : copy_decompress_lzss.obj (.text:decompress:lzss)
                  00007da0    00000068     sysbios.aem3 : BIOS.obj (.text:ti_sysbios_knl_Clock_startI__E)
                  00007e08    00000068                  : BIOS.obj (.text:ti_sysbios_knl_Swi_restoreHwi__E)
                  00007e70    00000064     I2CCC26XX.obj (.text:I2CCC26XX_close)
                  00007ed4    00000064     PINCC26XX.obj (.text:PIN_add)
                  00007f38    00000064     sysbios.aem3 : BIOS.obj (.text:ti_sysbios_knl_Semaphore_post__E)
                  00007f9c    00000060     gattservapp_util.obj (.text:GATTServApp_ProcessCCCWriteReq)
                  00007ffc    00000060     icall.obj (.text:ICall_primEnroll$24)
                  0000805c    00000060     drivers_cc26xxware.aem3 : PowerCC26XX_calibrateRCOSC.oem3 (.text:PowerCC26XX_RCOSC_clockFunc)
                  000080bc    00000060                             : PowerCC26XX_calibrateRCOSC.oem3 (.text:updateSubSecInc)
                  0000811c    0000005c     ExtFlash.obj (.text:ExtFlash_erase)
                  00008178    0000005c     ExtFlash.obj (.text:ExtFlash_waitReady$28)
                  000081d4    0000005c     icall.obj (.text:ICall_primThreadServes$24)
                  00008230    0000005c     driverlib.lib : osc.obj (.text:NOROM_OSCHF_AttemptToSwitchToXosc)
                  0000828c    0000005c                   : sys_ctrl.obj (.text:NOROM_SysCtrlAdjustRechargeAfterPowerDown)
                  000082e8    0000005c     SensorMpu9250.obj (.text:SensorMpu9250_test)
                  00008344    0000005c     battservice.obj (.text:battReadAttrCB$38)
                  000083a0    0000005c     RFCC26XX_singleMode.obj (.text:fsmXOSCState$19)
                  000083fc    0000005c     sysbios.aem3 : BIOS.obj (.text:ti_sysbios_knl_Task_Module_startup__E)
                  00008458    0000005c                  : BIOS.obj (.text:ti_sysbios_knl_Task_startCore__E)
                  000084b4    00000058     movementservice.obj (.text:Movement_setParameter)
                  0000850c    00000058     PINCC26XX.obj (.text:PIN_remove)
                  00008564    00000058     drivers_cc26xxware.aem3 : PowerCC26XX_calibrateRCOSC.oem3 (.text:PowerCC26XX_initiateCalibration)
                  000085bc    00000058     RFCC26XX_singleMode.obj (.text:RF_getCurrentTime)
                  00008614    00000058     SPICC26XXDMA.obj (.text:SPICC26XXDMA_initHw$21)
                  0000866c    00000058     sensortag_keys.obj (.text:processGapStateChange$8)
                  000086c4    00000058     sysbios.aem3 : BIOS.obj (.text:ti_sysbios_family_arm_m3_Hwi_postInit__I)
                  0000871c    00000058                  : BIOS.obj (.text:ti_sysbios_knl_Swi_Instance_init__E)
                  00008774    00000058                  : BIOS.obj (.text:ti_sysbios_knl_Swi_run__I)
                  000087cc    00000054     ExtFlash.obj (.text:ExtFlash_close)
                  00008820    00000054     I2CCC26XX.obj (.text:I2CCC26XX_swiFxn$17)
                  00008874    00000054     icall.obj (.text:ICall_primFetchMsg$24)
                  000088c8    00000054     drivers_cc26xxware.aem3 : PowerCC26XX.oem3 (.text:configureXOSCHF)
                  0000891c    00000054     RFCC26XX_singleMode.obj (.text:hwiFxnHw$19)
                  00008970    00000054     RFCC26XX_singleMode.obj (.text:ratChanFree$19)
                  000089c4    00000054     rtsv7M3_T_le_eabi.lib : exit.obj (.text)
                  00008a18    00000054     sysbios.aem3 : BIOS.obj (.text:ti_sysbios_family_arm_m3_Hwi_dispatchC__I)
                  00008a6c    00000054                  : BIOS.obj (.text:ti_sysbios_knl_Swi_schedule__I)
                  00008ac0    00000052     icall.obj (.text:ICall_primWait$24)
                  00008b12    00000052     SPICC26XXDMA.obj (.text:SPICC26XXDMA_swiFxn$21)
                  00008b64    00000050     ExtFlash.obj (.text:ExtFlash_read)
                  00008bb4    00000050     icall_api.obj (.text:GAP_UpdateAdvertisingData)
                  00008c04    00000050     icall.obj (.text:ICall_primRegisterApp$24)
                  00008c54    00000050     RFCC26XX_singleMode.obj (.text:RF_getInfo)
                  00008ca4    00000050     sysbios.aem3 : BIOS.obj (.text:ti_sysbios_knl_Swi_runLoop__I)
                  00008cf4    00000050                  : BIOS.obj (.text:xdc_runtime_Startup_exec__E)
                  00008d44    0000004e     SensorOpt3001.obj (.text:SensorOpt3001_test)
                  00008d92    0000004e     ioservice.obj (.text:io_ReadAttrCB$44)
                  00008de0    0000004c     I2CCC26XX.obj (.text:I2CCC26XX_initHw$17)
                  00008e2c    0000004c     icall.obj (.text:ICall_newTask$24)
                  00008e78    0000004c     icall.obj (.text:ICall_primGetEntityId$24)
                  00008ec4    0000004c     driverlib.lib : osc.obj (.text:NOROM_OSCClockSourceSet)
                  00008f10    0000004c     util.obj (.text:Util_constructClock)
                  00008f5c    0000004c     battservice.obj (.text:battWriteAttrCB$38)
                  00008fa8    0000004c     rtsv7M3_T_le_eabi.lib : cpy_tbl.obj (.text)
                  00008ff4    0000004c     RFCC26XX_singleMode.obj (.text:syncCb$19)
                  00009040    0000004c     sysbios.aem3 : m3_TaskSupport_asm.obj (.text:ti_sysbios_family_arm_m3_TaskSupport_buildTaskStack)
                  0000908c    0000004c                  : BIOS.obj (.text:ti_sysbios_knl_Task_schedule__I)
                  000090d8    00000048     peripheral.obj (.text:GAPRole_TerminateConnection)
                  00009120    00000048     driverlib.lib : chipinfo.obj (.text:NOROM_ChipInfo_GetChipFamily)
                  00009168    00000048                   : ddi.obj (.text:NOROM_DDI16BitfieldWrite)
                  000091b0    00000048     icall_api.obj (.text:gattIndNoti$27)
                  000091f8    00000048     drivers_cc26xxware.aem3 : PowerCC26XX.oem3 (.text:notify)
                  00009240    00000048     sysbios.aem3 : BIOS.obj (.text:ti_sysbios_family_arm_m3_Hwi_Module_startup__E)
                  00009288    00000048                  : m3_Hwi_asm_switch.obj (.text:ti_sysbios_family_arm_m3_Hwi_initStacks__E)
                  000092d0    00000048     app_ble_pem3.oem3 (.text:ti_sysbios_hal_Hwi_create)
                  00009318    00000048     sysbios.aem3 : BIOS.obj (.text:xdc_runtime_Core_assignParams__I)
                  00009360    00000048                  : BIOS.obj (.text:xdc_runtime_Core_constructObject__I)
                  000093a8    00000044     PINCC26XX.obj (.text:PIN_swi$18)
                  000093ec    00000044     SensorMpu9250.obj (.text:SensorMpu9250_accSetRange)
                  00009430    00000044     sensortag_io.obj (.text:SensorTagIO_blinkLed)
                  00009474    00000044     sensortag_io.obj (.text:SensorTagIO_reset)
                  000094b8    00000044     boot.aem3 : boot.oem3 (.text)
                  000094fc    00000044     icall_api.obj (.text:gapSendParamAndPtrCmd$27)
                  00009540    00000044     SensorMpu9250.obj (.text:sensorMpu9250SetBypass$32)
                  00009584    00000044     app_ble_pem3.oem3 (.text:ti_sysbios_family_arm_m3_Hwi_Object__create__S)
                  000095c8    00000044     sysbios.aem3 : BIOS.obj (.text:ti_sysbios_family_arm_m3_Hwi_disableInterrupt__E)
                  0000960c    00000044                  : BIOS.obj (.text:ti_sysbios_family_arm_m3_Hwi_enableInterrupt__E)
                  00009650    00000044                  : BIOS.obj (.text:ti_sysbios_knl_Swi_post__E)
                  00009694    00000044                  : BIOS.obj (.text:ti_sysbios_knl_Task_allBlockedFunction__I)
                  000096d8    00000044     app_ble_pem3.oem3 (.text:ti_sysbios_knl_Task_create)
                  0000971c    00000042     icall.obj (.text:ICall_primCreateTask$24)
                  0000975e    00000002     app_ble_pem3.oem3 (.text:ti_sysbios_BIOS_nullFunc__I)
                  00009760    00000040     ExtFlash.obj (.text:ExtFlash_readInfo$28)
                  000097a0    00000040     peripheral.obj (.text:GAPRole_createTask)
                  000097e0    00000040     driverlib.lib : ddi.obj (.text:NOROM_DDI16BitfieldRead)
                  00009820    00000040     RFCC26XX_singleMode.obj (.text:RF_getRssi)
                  00009860    00000040     simplekeys.obj (.text:SK_readAttrCB$52)
                  000098a0    00000040     SensorMpu9250.obj (.text:sensorMpuSleep$32)
                  000098e0    00000040     sysbios.aem3 : BIOS.obj (.text:ti_sysbios_family_arm_m3_Hwi_getStackInfo__E)
                  00009920    00000040                  : BIOS.obj (.text:xdc_runtime_HeapMin_alloc__E)
                  00009960    0000003c     icall_api.obj (.text:GAP_GetParamValue)
                  0000999c    0000003c     icall_api.obj (.text:GATTServApp_RegisterService)
                  000099d8    0000003c     icall_cc2650.obj (.text:ICallPlatform_pwrConfigACAction)
                  00009a14    0000003c     icall.obj (.text:ICall_primFetchServiceMsg$24)
                  00009a50    0000003c     driverlib.lib : osc.obj (.text:NOROM_OSC_HPOSCRelativeFrequencyOffsetGet)
                  00009a8c    0000003c     registerservice.obj (.text:Register_setParameter)
                  00009ac8    0000003c     SensorI2C.obj (.text:SensorI2C_writeRead)
                  00009b04    0000003c     sensortag.obj (.text:SensorTag_createTask)
                  00009b40    0000003c     RFCC26XX_singleMode.obj (.text:dispatchOpWhen$19)
                  00009b7c    0000003c     RFCC26XX_singleMode.obj (.text:postDirImmCmd$19)
                  00009bb8    0000003c     icall_api.obj (.text:profileSetParameter$27)
                  00009bf4    0000003c     icall_api.obj (.text:sendWaitMatchCS$27)
                  00009c30    0000003c     icall_api.obj (.text:sendWaitMatchValueCS$27)
                  00009c6c    0000003c     app_ble_pem3.oem3 (.text:ti_sysbios_family_arm_m3_Hwi_construct)
                  00009ca8    0000003a     sysbios.aem3 : BIOS.obj (.text:ti_sysbios_knl_Task_exit__E)
                  00009ce2    00000002                  : BIOS.obj (.text:ti_sysbios_gates_GateHwi_Instance_init__E)
                  00009ce4    00000038     icall.obj (.text:ICall_primGetMaxMSecs$24)
                  00009d1c    00000038     SensorI2C.obj (.text:SensorI2C_write)
                  00009d54    00000038     util.obj (.text:Util_restartClock)
                  00009d8c    00000038     battservice.obj (.text:battMeasure$38)
                  00009dc4    00000038     sysbios.aem3 : BIOS.obj (.text:ti_sysbios_family_arm_cc26xx_Timer_getCurrentTick__E)
                  00009dfc    00000038                  : BIOS.obj (.text:ti_sysbios_family_arm_m3_Hwi_Instance_finalize__E)
                  00009e34    00000038                  : BIOS.obj (.text:ti_sysbios_knl_Clock_Instance_init__E)
                  00009e6c    00000038     app_ble_pem3.oem3 (.text:ti_sysbios_knl_Clock_create)
                  00009ea4    00000038     app_ble_pem3.oem3 (.text:ti_sysbios_knl_Swi_construct)
                  00009edc    00000038     app_ble_pem3.oem3 (.text:ti_sysbios_knl_Task_construct)
                  00009f14    00000038     sysbios.aem3 : BIOS.obj (.text:xdc_runtime_System_atexit__E)
                  00009f4c    00000036     icall_api.obj (.text:waitMatchCS$27)
                  00009f82    00000002     sysbios.aem3 : BIOS.obj (.text:ti_sysbios_knl_Clock_logTick__E)
                  00009f84    00000034     icall_api.obj (.text:GAPBondMgr_SetParameter)
                  00009fb8    00000034     icall_api.obj (.text:GAP_SetParamValue)
                  00009fec    00000034     icall.obj (.text:ICall_primEntityId2ServiceId$24)
                  0000a020    00000034     icall.obj (.text:ICall_primRegisterISR$24)
                  0000a054    00000034     icall.obj (.text:ICall_primRegisterISR_Ext$24)
                  0000a088    00000034     icall.obj (.text:ICall_searchServiceEntity)
                  0000a0bc    00000034     ioservice.obj (.text:Io_setParameter)
                  0000a0f0    00000034     movementservice.obj (.text:Movement_getParameter)
                  0000a124    00000034     driverlib.lib : ddi.obj (.text:NOROM_DDI32RegWrite)
                  0000a158    00000034                   : osc.obj (.text:NOROM_OSCHF_SwitchToRcOscTurnOffXosc)
                  0000a18c    00000034     PINCC26XX.obj (.text:PIN_setOutputValue)
                  0000a1c0    00000034     drivers_cc26xxware.aem3 : PowerCC26XX.oem3 (.text:PowerCC26XX_isStableXOSC_HF)
                  0000a1f4    00000034     RFCC26XX_singleMode.obj (.text:Q_push$19)
                  0000a228    00000034     RFCC26XX_singleMode.obj (.text:RF_runCmd)
                  0000a25c    00000034     registerservice.obj (.text:Register_getParameter)
                  0000a290    00000034     icall_api.obj (.text:osal_snv_read)
                  0000a2c4    00000034     icall_api.obj (.text:osal_snv_write)
                  0000a2f8    00000034     icall_api.obj (.text:profileAddService$27)
                  0000a32c    00000034     sysbios.aem3 : BIOS.obj (.text:ti_sysbios_family_arm_cc26xx_Timer_initDevice__I)
                  0000a360    00000034     app_ble_pem3.oem3 (.text:ti_sysbios_knl_Clock_construct)
                  0000a394    00000034     app_ble_pem3.oem3 (.text:ti_sysbios_knl_Semaphore_create)
                  0000a3c8    00000034     sysbios.aem3 : BIOS.obj (.text:ti_sysbios_knl_Swi_restore__E)
                  0000a3fc    00000034                  : BIOS.obj (.text:ti_sysbios_knl_Task_blockI__E)
                  0000a430    00000032     icall_api.obj (.text:gapSendParamsCmd$27)
                  0000a462    00000032     icall_api.obj (.text:gapSendPtrParamsCmd$27)
                  0000a494    00000032     icall_api.obj (.text:matchGapSetGetParamCS$27)
                  0000a4c6    00000032     icall_api.obj (.text:matchGattCmdStatus$27)
                  0000a4f8    00000032     icall_api.obj (.text:matchUtilNvCS$27)
                  0000a52a    00000032     sysbios.aem3 : BIOS.obj (.text:ti_sysbios_family_arm_cc26xx_Timer_setNextTick__E)
                  0000a55c    00000030     icall_cc2650.obj (.text:ICallPlatform_pwrNotify$25)
                  0000a58c    00000030     icall_cc2650.obj (.text:ICallPlatform_pwrRegisterNotify)
                  0000a5bc    00000030     icall.obj (.text:ICall_dispatch$24)
                  0000a5ec    00000030     icall.obj (.text:ICall_msecs2Ticks$24)
                  0000a61c    00000030     icall.obj (.text:ICall_searchTask$24)
                  0000a64c    00000030     driverlib.lib : setup_rom.obj (.text:NOROM_SetupSetAonRtcSubSecInc)
                  0000a67c    00000030                   : trng.obj (.text:NOROM_TRNGConfigure)
                  0000a6ac    00000030     PINCC26XX.obj (.text:PIN_setInterrupt)
                  0000a6dc    00000030     drivers_cc26xxware.aem3 : PowerCC26XX.oem3 (.text:Power_releaseConstraint)
                  0000a70c    00000030                             : PowerCC26XX.oem3 (.text:Power_setConstraint)
                  0000a73c    00000030     ExtFlash.obj (.text:Spi_read$28)
                  0000a76c    00000030     ExtFlash.obj (.text:Spi_write$28)
                  0000a79c    00000030     sensortag_factoryreset.obj (.text:crc16$5)
                  0000a7cc    00000030     app_ble_pem3.oem3 (.text:ti_sysbios_BIOS_atExitFunc__I)
                  0000a7fc    00000030     app_ble_pem3.oem3 (.text:ti_sysbios_BIOS_startFunc__I)
                  0000a82c    00000030     sysbios.aem3 : BIOS.obj (.text:ti_sysbios_family_arm_cc26xx_Timer_setThreshold__I)
                  0000a85c    00000030     app_ble_pem3.oem3 (.text:ti_sysbios_gates_GateHwi_Object__create__S)
                  0000a88c    00000030     app_ble_pem3.oem3 (.text:ti_sysbios_gates_GateMutex_Object__create__S)
                  0000a8bc    00000030     sysbios.aem3 : BIOS.obj (.text:ti_sysbios_gates_GateMutex_enter__E)
                  0000a8ec    00000030     app_ble_pem3.oem3 (.text:ti_sysbios_knl_Semaphore_construct)
                  0000a91c    00000030     sysbios.aem3 : BIOS.obj (.text:ti_sysbios_knl_Task_processVitalTaskFlag__I)
                  0000a94c    00000030     app_ble_pem3.oem3 (.text:xdc_runtime_HeapMin_Object__create__S)
                  0000a97c    00000030     sysbios.aem3 : BIOS.obj (.text:xdc_runtime_HeapMin_free__E)
                  0000a9ac    00000030                  : BIOS.obj (.text:xdc_runtime_System_processAtExit__E)
                  0000a9dc    0000002e     icall_cc2650.obj (.text:ICallPlatform_pwrDispenseImpl$25)
                  0000aa0a    0000002e     icall_cc2650.obj (.text:ICallPlatform_pwrRequireImpl$25)
                  0000aa38    0000002e     simplekeys.obj (.text:SK_writeAttrCB$52)
                  0000aa66    0000002e     sysbios.aem3 : BIOS.obj (.text:ti_sysbios_family_arm_m3_TaskSupport_start__E)
                  0000aa94    0000002e                  : BIOS.obj (.text:ti_sysbios_hal_Hwi_initStack)
                  0000aac2    00000002                  : BIOS.obj (.text:ti_sysbios_knl_Clock_triggerFunc__I)
                  0000aac4    0000002c     ExtFlash.obj (.text:ExtFlash_writeEnable$28)
                  0000aaf0    0000002c     icall.obj (.text:ICall_heapFree)
                  0000ab1c    0000002c     icall.obj (.text:ICall_msgEnqueue$24)
                  0000ab48    0000002c     icall.obj (.text:ICall_primAllocMsg$24)
                  0000ab74    0000002c     icall_api.obj (.text:ICall_sendServiceMsg$27)
                  0000aba0    0000002c     PINCC26XX.obj (.text:PINCC26XX_setMux)
                  0000abcc    0000002c     PINCC26XX.obj (.text:PIN_setConfig)
                  0000abf8    0000002c     SensorI2C.obj (.text:SensorI2C_writeReg)
                  0000ac24    0000002c     RFCC26XX_singleMode.obj (.text:getCmd$19)
                  0000ac50    0000002c     icall_api.obj (.text:matchProfileAddServiceCS$27)
                  0000ac7c    0000002c     sysbios.aem3 : BIOS.obj (.text:ti_sysbios_knl_Clock_getTicksUntilInterrupt__E)
                  0000aca8    0000002c     app_ble_pem3.oem3 (.text:ti_sysbios_knl_Queue_construct)
                  0000acd4    0000002c     sysbios.aem3 : BIOS.obj (.text:ti_sysbios_knl_Semaphore_pendTimeout__I)
                  0000ad00    0000002c                  : BIOS.obj (.text:ti_sysbios_knl_Task_unblockI__E)
                  0000ad2c    0000002c     st_util.obj (.text:utilExtractUuid16)
                  0000ad58    0000002a     icall_api.obj (.text:ICall_waitMatch$27)
                  0000ad82    0000002a     icall_api.obj (.text:matchProfileCS$27)
                  0000adac    00000028     driverlib.lib : aon_batmon.obj (.text:NOROM_AONBatMonTemperatureGetDegC)
                  0000add4    00000028                   : rfc.obj (.text:NOROM_RFCDoorbellSendTo)
                  0000adfc    00000028     drivers_cc26xxware.aem3 : PowerCC26XX.oem3 (.text:PowerCC26XX_switchXOSC_HF)
                  0000ae24    00000028                             : PowerCC26XX.oem3 (.text:Power_registerNotify)
                  0000ae4c    00000028     simplekeys.obj (.text:SK_SetParameter)
                  0000ae74    00000028     SPICC26XXDMA.obj (.text:SPICC26XXDMA_flushFifos$21)
                  0000ae9c    00000028     driverlib.lib : adi.obj (.text:SafeHapiVoid)
                  0000aec4    00000028     sensortag_batt.obj (.text:SensorTagBatt_reset)
                  0000aeec    00000028     sensortag_buzzer.obj (.text:SensorTagBuzzer_close)
                  0000af14    00000028     TRNGCC26XX.obj (.text:TRNGCC26XX_init)
                  0000af3c    00000028     RFCC26XX_singleMode.obj (.text:clkPowerUpFxn$19)
                  0000af64    00000028     sysbios.aem3 : BIOS.obj (.text:ti_sysbios_knl_Clock_addI__E)
                  0000af8c    00000028                  : BIOS.obj (.text:ti_sysbios_knl_Task_restore__E)
                  0000afb4    00000026     drivers_cc26xxware.aem3 : List.oem3 (.text:List_put)
                  0000afda    00000026     sysbios.aem3 : BIOS.obj (.text:ti_sysbios_hal_Hwi_Instance_init__E)
                  0000b000    00000024     I2C.obj (.text:I2C_open)
                  0000b024    00000024     icall_api.obj (.text:ICall_getLocalMsgEntityId$27)
                  0000b048    00000024     sensortag_mov.obj (.text:SensorTagMov_reset)
                  0000b06c    00000024     drivers_cc26xxware.aem3 : PowerCC26XX_calibrateRCOSC.oem3 (.text:getTdcSemaphore)
                  0000b090    00000024     RFCC26XX_singleMode.obj (.text:hwiFxnCpe0PowerFsm$19)
                  0000b0b4    00000024     rtsv7M3_T_le_eabi.lib : memcmp.obj (.text)
                  0000b0d8    00000024     app_ble_pem3.oem3 (.text:ti_sysbios_BIOS_registerRTSLock__I)
                  0000b0fc    00000024     app_ble_pem3.oem3 (.text:ti_sysbios_BIOS_removeRTSLock__I)
                  0000b120    00000024     sysbios.aem3 : BIOS.obj (.text:ti_sysbios_family_arm_cc26xx_Timer_Module_startup__E)
                  0000b144    00000024                  : BIOS.obj (.text:ti_sysbios_family_arm_cc26xx_Timer_getMaxTicks__E)
                  0000b168    00000024                  : BIOS.obj (.text:ti_sysbios_family_arm_cc26xx_Timer_startup__E)
                  0000b18c    00000024                  : BIOS.obj (.text:ti_sysbios_knl_Semaphore_Instance_init__E)
                  0000b1b0    00000024                  : BIOS.obj (.text:ti_sysbios_knl_Swi_Module_startup__E)
                  0000b1d4    00000022                  : BIOS.obj (.text:ti_sysbios_family_arm_cc26xx_Timer_postInit__I)
                  0000b1f6    00000002                  : BIOS.obj (.text:ti_sysbios_knl_Swi_Instance_finalize__E)
                  0000b1f8    00000020     gattservapp_util.obj (.text:GATTServApp_InitCharCfg)
                  0000b218    00000020     icall_api.obj (.text:ICall_allocMsg$27)
                  0000b238    00000020     icall_api.obj (.text:ICall_getEntityId$27)
                  0000b258    00000020     icall.obj (.text:ICall_primService$24)
                  0000b278    00000020     drivers_cc26xxware.aem3 : PowerCC26XX.oem3 (.text:Power_unregisterNotify)
                  0000b298    00000020     sensortag_mov.obj (.text:SensorTagMov_processInterrupt$9)
                  0000b2b8    00000020     gattservapp_util.obj (.text:gattServApp_FindCharCfgItem$42)
                  0000b2d8    00000020     sensortag_mov.obj (.text:initCharacteristicValue$9)
                  0000b2f8    00000020     app_ble_pem3.oem3 (.text:ti_sysbios_BIOS_rtsLock__I)
                  0000b318    00000020     sysbios.aem3 : BIOS.obj (.text:ti_sysbios_family_arm_cc26xx_Timer_dynamicStub__E)
                  0000b338    00000020                  : m3_Hwi_asm.obj (.text:ti_sysbios_family_arm_m3_Hwi_excHandlerAsm__I)
                  0000b358    00000020                  : BIOS.obj (.text:ti_sysbios_family_arm_m3_Hwi_excHandler__I)
                  0000b378    00000020                  : BIOS.obj (.text:ti_sysbios_knl_Clock_Module_startup__E)
                  0000b398    00000020                  : BIOS.obj (.text:ti_sysbios_knl_Clock_getTicks__E)
                  0000b3b8    00000020                  : BIOS.obj (.text:ti_sysbios_knl_Clock_stop__E)
                  0000b3d8    00000020                  : BIOS.obj (.text:ti_sysbios_knl_Idle_run__E)
                  0000b3f8    00000020     app_ble_pem3.oem3 (.text:ti_sysbios_knl_Semaphore_Object__destruct__S)
                  0000b418    00000020     sysbios.aem3 : BIOS.obj (.text:ti_sysbios_knl_Task_restoreHwi__E)
                  0000b438    0000001e     icall.obj (.text:ICall_primSendServiceMsg$24)
                  0000b456    0000001e     PINCC26XX.obj (.text:PIN_close)
                  0000b474    0000001e     drivers_cc26xxware.aem3 : PowerCC26XX.oem3 (.text:Power_getTransitionLatency)
                  0000b492    0000001e     sysbios.aem3 : m3_Hwi_asm_switch.obj (.text:ti_sysbios_family_xxx_Hwi_switchAndRunFunc)
                  0000b4b0    0000001c     icall_api.obj (.text:GATT_bm_alloc)
                  0000b4cc    0000001c     icall_api.obj (.text:GATT_bm_free)
                  0000b4e8    0000001c     driverlib.lib : osc.obj (.text:NOROM_OSCClockSourceGet)
                  0000b504    0000001c     PINCC26XX.obj (.text:PINCC26XX_setIoCfgMux$18)
                  0000b520    0000001c     PINCC26XX.obj (.text:PIN_hwi$18)
                  0000b53c    0000001c     RFCC26XX_singleMode.obj (.text:RF_runDirectCmd)
                  0000b558    0000001c     RFCC26XX_singleMode.obj (.text:RF_runImmediateCmd)
                  0000b574    0000001c     TRNGCC26XX.obj (.text:TRNGCC26XX_open)
                  0000b590    0000001c     icall_api.obj (.text:getStatusValueFromErrNo$27)
                  0000b5ac    0000001c     TRNGCC26XX.obj (.text:openTRNG)
                  0000b5c8    0000001c     app_ble_pem3.oem3 (.text:ti_sysbios_family_arm_m3_Hwi_Object__destruct__S)
                  0000b5e4    0000001c     sysbios.aem3 : BIOS.obj (.text:ti_sysbios_family_arm_m3_Hwi_setPriority__E)
                  0000b600    0000001c                  : BIOS.obj (.text:ti_sysbios_gates_GateMutex_Instance_init__E)
                  0000b61c    0000001c     app_ble_pem3.oem3 (.text:ti_sysbios_hal_Hwi_HwiProxy_create)
                  0000b638    0000001c     sysbios.aem3 : BIOS.obj (.text:ti_sysbios_knl_Clock_scheduleNextTick__E)
                  0000b654    0000001c     app_ble_pem3.oem3 (.text:ti_sysbios_knl_Queue_Object__destruct__S)
                  0000b670    0000001c     sysbios.aem3 : BIOS.obj (.text:ti_sysbios_knl_Queue_get__E)
                  0000b68c    0000001c                  : BIOS.obj (.text:ti_sysbios_knl_Queue_put__E)
                  0000b6a8    0000001c     app_ble_pem3.oem3 (.text:ti_sysbios_knl_Swi_Object__destruct__S)
                  0000b6c4    0000001c     sysbios.aem3 : BIOS.obj (.text:ti_sysbios_knl_Task_enter__I)
                  0000b6e0    0000001c                  : BIOS.obj (.text:xdc_runtime_Error_check__E)
                  0000b6fc    0000001c                  : BIOS.obj (.text:xdc_runtime_Error_raiseX__E)
                  0000b718    0000001c                  : BIOS.obj (.text:xdc_runtime_Memory_valloc__E)
                  0000b734    0000001c                  : BIOS.obj (.text:xdc_runtime_System_abort__E)
                  0000b750    0000001a     icall_api.obj (.text:GATT_Notification)
                  0000b76a    0000001a     icall.obj (.text:ICall_enterCSImpl)
                  0000b784    0000001a     icall.obj (.text:ICall_primSetTimerMSecs$24)
                  0000b79e    0000001a     drivers_cc26xxware.aem3 : List.oem3 (.text:List_remove)
                  0000b7b8    0000001a     icall_api.obj (.text:matchGattIndNotiCS$27)
                  0000b7d2    0000001a     sysbios.aem3 : m3_Hwi_asm.obj (.text:ti_sysbios_family_arm_m3_Hwi_pendSV__I)
                  0000b7ec    0000001a                  : BIOS.obj (.text:ti_sysbios_knl_Task_sleepTimeout__I)
                  0000b806    00000002                  : BIOS.obj (.text:xdc_runtime_Error_policySpin__E)
                  0000b808    00000018     I2C.obj (.text:I2C_Params_init)
                  0000b820    00000018     icall_cc2650.obj (.text:ICallPlatform_pwrDispense)
                  0000b838    00000018     icall_cc2650.obj (.text:ICallPlatform_pwrRequire)
                  0000b850    00000018     util.obj (.text:ICall_free$14)
                  0000b868    00000018     icall_api.obj (.text:ICall_freeMsg$27)
                  0000b880    00000018     icall.obj (.text:ICall_primMalloc$24)
                  0000b898    00000018     driverlib.lib : aon_rtc.obj (.text:NOROM_AONRTCCurrentCompareValueGet)
                  0000b8b0    00000018                   : chipinfo.obj (.text:NOROM_ChipInfo_GetPackageType)
                  0000b8c8    00000018                   : osc.obj (.text:NOROM_OSCHF_TurnOnXosc)
                  0000b8e0    00000018                   : rfc.obj (.text:NOROM_RFCCpeIntGetAndClear)
                  0000b8f8    00000018     drivers_cc26xxware.aem3 : PowerCC26XX.oem3 (.text:Power_idleFunc)
                  0000b910    00000018     RFCC26XX_singleMode.obj (.text:Q_pop$19)
                  0000b928    00000018     sensortag_batt.obj (.text:SensorTagBatt_clockHandler$2)
                  0000b940    00000018     sensortag_mov.obj (.text:SensorTagMov_clockHandler$9)
                  0000b958    00000018     sensortag.obj (.text:SensorTag_clockHandler$0)
                  0000b970    00000018     sensortag.obj (.text:SensorTag_resetAllModules$0)
                  0000b988    00000018     sensortag.obj (.text:SensorTag_updateAdvertisingData)
                  0000b9a0    00000018     drivers_cc26xxware.aem3 : PowerCC26XX.oem3 (.text:configureRFCoreClocks)
                  0000b9b8    00000018     peripheral.obj (.text:gapRole_setEvent$50)
                  0000b9d0    00000018     rtsv7M3_T_le_eabi.lib : args_main.obj (.text)
                  0000b9e8    00000018                           : ll_mul_t2.obj (.text)
                  0000ba00    00000018     RFCC26XX_singleMode.obj (.text:swiFxnFsm$19)
                  0000ba18    00000018     app_ble_pem3.oem3 (.text:ti_sysbios_BIOS_rtsUnlock__I)
                  0000ba30    00000018     app_ble_pem3.oem3 (.text:ti_sysbios_family_arm_cc26xx_Timer_Module__startupDone__F)
                  0000ba48    00000018     app_ble_pem3.oem3 (.text:ti_sysbios_family_arm_m3_Hwi_Module__startupDone__F)
                  0000ba60    00000018     sysbios.aem3 : BIOS.obj (.text:ti_sysbios_family_arm_m3_Hwi_plug__E)
                  0000ba78    00000018                  : BIOS.obj (.text:ti_sysbios_gates_GateMutex_leave__E)
                  0000ba90    00000018                  : BIOS.obj (.text:ti_sysbios_knl_Swi_or__E)
                  0000baa8    00000018                  : BIOS.obj (.text:ti_sysbios_knl_Task_unblock__E)
                  0000bac0    00000018                  : BIOS.obj (.text:xdc_runtime_Core_destructObject__I)
                  0000bad8    00000018                  : BIOS.obj (.text:xdc_runtime_System_exit__E)
                  0000baf0    00000016     main.obj (.text:AssertHandler)
                  0000bb06    00000016     icall.obj (.text:ICall_leaveCSImpl)
                  0000bb1c    00000016     icall.obj (.text:ICall_primStopTimer$24)
                  0000bb32    00000016     ble_user_config.obj (.text:driverTable_fnSpinlock)
                  0000bb48    00000016     app_ble_pem3.oem3 (.text:ti_sysbios_BIOS_exitFunc__I)
                  0000bb5e    00000016     sysbios.aem3 : BIOS.obj (.text:ti_sysbios_knl_Clock_start__E)
                  0000bb74    00000014     driverlib.lib : aon_rtc.obj (.text:NOROM_AONRTCCurrent64BitValueGet)
                  0000bb88    00000014     PINCC26XX.obj (.text:PINCC26XX_getInputValue$18)
                  0000bb9c    00000014     PINCC26XX.obj (.text:PINCC26XX_getOutputValue$18)
                  0000bbb0    00000014     SensorMpu9250.obj (.text:SensorMpu9250_Callback$32)
                  0000bbc4    00000014     SensorMpu9250.obj (.text:SensorMpu9250_powerIsOn)
                  0000bbd8    00000014     sensortag_keys.obj (.text:SensorTagKeys_reset)
                  0000bbec    00000014     SensorUtil.obj (.text:SensorUtil_convertToLe)
                  0000bc00    00000014     rtsv7M3_T_le_eabi.lib : _lock.obj (.text)
                  0000bc14    00000014                           : strlen.obj (.text)
                  0000bc28    00000014     icall_api.obj (.text:setICallCmdEvtHdr$27)
                  0000bc3c    00000014     app_ble_pem3.oem3 (.text:ti_sysbios_family_arm_m3_Hwi_Object__get__S)
                  0000bc50    00000014     sysbios.aem3 : BIOS.obj (.text:ti_sysbios_family_arm_m3_Hwi_switchFromBootStack__E)
                  0000bc64    00000014     app_ble_pem3.oem3 (.text:ti_sysbios_knl_Clock_doTick__I)
                  0000bc78    00000014     app_ble_pem3.oem3 (.text:ti_sysbios_knl_Swi_Object__get__S)
                  0000bc8c    00000012     gattservapp_util.obj (.text:GATTServApp_FindAttr)
                  0000bc9e    00000012     RFCC26XX_singleMode.obj (.text:RF_getCmdOp)
                  0000bcb0    00000012     sysbios.aem3 : BIOS.obj (.text:ti_sysbios_hal_Hwi_Module_startup__E)
                  0000bcc2    00000012     app_ble_pem3.oem3 (.text:xdc_runtime_Startup_exec__I)
                  0000bcd4    00000010     icall_api.obj (.text:GAP_EndDiscoverable)
                  0000bce4    00000010     gattservapp_util.obj (.text:GATTServApp_ReadCharCfg)
                  0000bcf4    00000010     icall_cc2650.obj (.text:ICallPlatform_pwrGetXOSCStartupTime)
                  0000bd04    00000010     icall.obj (.text:ICall_primGetTickPeriod$24)
                  0000bd14    00000010     icall.obj (.text:ICall_taskEntry$24)
                  0000bd24    00000010     util.obj (.text:Util_isActive)
                  0000bd34    00000010     ExtFlash.obj (.text:extFlashDeselect$28)
                  0000bd44    00000010     ExtFlash.obj (.text:extFlashSelect$28)
                  0000bd54    00000010     I2CCC26XX.obj (.text:i2cPostNotify$17)
                  0000bd64    00000010     sysbios.aem3 : BIOS.obj (.text:ti_sysbios_BIOS_exit__E)
                  0000bd74    00000010                  : BIOS.obj (.text:ti_sysbios_BIOS_getCpuFreq__E)
                  0000bd84    00000010                  : BIOS.obj (.text:ti_sysbios_BIOS_setThreadType__E)
                  0000bd94    00000010                  : BIOS.obj (.text:ti_sysbios_BIOS_start__E)
                  0000bda4    00000010                  : BIOS.obj (.text:ti_sysbios_family_arm_m3_Hwi_post__E)
                  0000bdb4    00000010                  : m3_TaskSupport_asm.obj (.text:ti_sysbios_family_arm_m3_TaskSupport_glue)
                  0000bdc4    00000010                  : m3_TaskSupport_asm.obj (.text:ti_sysbios_family_arm_m3_TaskSupport_swap__E)
                  0000bdd4    00000010     app_ble_pem3.oem3 (.text:ti_sysbios_hal_Hwi_HwiProxy_Object__create__S)
                  0000bde4    00000010     sysbios.aem3 : BIOS.obj (.text:ti_sysbios_knl_Semaphore_Instance_finalize__E)
                  0000bdf4    00000010                  : BIOS.obj (.text:ti_sysbios_knl_Swi_disable__E)
                  0000be04    00000010                  : BIOS.obj (.text:ti_sysbios_knl_Swi_enabled__E)
                  0000be14    00000010     app_ble_pem3.oem3 (.text:ti_sysbios_knl_Task_Object__get__S)
                  0000be24    00000010     sysbios.aem3 : BIOS.obj (.text:ti_sysbios_knl_Task_disable__E)
                  0000be34    00000010                  : BIOS.obj (.text:xdc_runtime_Gate_leaveSystem__E)
                  0000be44    00000010                  : BIOS.obj (.text:xdc_runtime_SysCallback_abort__E)
                  0000be54    00000010                  : BIOS.obj (.text:xdc_runtime_SysCallback_exit__E)
                  0000be64    0000000e     icall_cc2650.obj (.text:ICallPlatform_pwrGetTransitionState)
                  0000be72    0000000e     icall_cc2650.obj (.text:ICallPlatform_pwrIsStableXOSCHF)
                  0000be80    0000000e     icall.obj (.text:ICall_primDisableMInt$24)
                  0000be8e    0000000e     icall.obj (.text:ICall_primEnableMInt$24)
                  0000be9c    0000000e     icall.obj (.text:ICall_primFreeMsg$24)
                  0000beaa    0000000e     icall.obj (.text:ICall_primGetTicks$24)
                  0000beb8    0000000e     driverlib.lib : vims.obj (.text:NOROM_VIMSModeGet)
                  0000bec6    0000000e     SPICC26XXDMA.obj (.text:SPICC26XXDMA_init)
                  0000bed4    0000000e     SensorI2C.obj (.text:SensorI2C_readReg)
                  0000bee2    0000000e     rtsv7M3_T_le_eabi.lib : copy_decompress_none.obj (.text:decompress:none)
                  0000bef0    0000000e     icall_api.obj (.text:matchGSARegisterServiceCS$27)
                  0000befe    0000000e     icall_api.obj (.text:matchGapLinkEstCS$27)
                  0000bf0c    0000000e     icall_api.obj (.text:matchLinkDBNumConnsCS$27)
                  0000bf1a    0000000e     icall_api.obj (.text:setDispatchCmdEvtHdr$27)
                  0000bf28    0000000e     sysbios.aem3 : BIOS.obj (.text:ti_sysbios_knl_Queue_empty__E)
                  0000bf36    0000000e                  : BIOS.obj (.text:ti_sysbios_knl_Queue_remove__E)
                  0000bf44    0000000e                  : BIOS.obj (.text:xdc_runtime_HeapMin_Instance_init__E)
                  0000bf52    00000002                  : BIOS.obj (.text:xdc_runtime_SysCallback_defaultAbort)
                  0000bf54    0000000c     RFCC26XX_singleMode.obj (.text:FsmNextState$19)
                  0000bf60    0000000c     icall.obj (.text:ICall_clockFunc$24)
                  0000bf6c    0000000c     icall.obj (.text:ICall_primDisableInt$24)
                  0000bf78    0000000c     icall.obj (.text:ICall_primEnableInt$24)
                  0000bf84    0000000c     icall.obj (.text:ICall_primFree$24)
                  0000bf90    0000000c     icall.obj (.text:ICall_primSignal$24)
                  0000bf9c    0000000c     driverlib.lib : cpu.obj (.text:NOROM_CPUcpsid)
                  0000bfa8    0000000c                   : cpu.obj (.text:NOROM_CPUcpsie)
                  0000bfb4    0000000c     drivers_cc26xxware.aem3 : PowerCC26XX.oem3 (.text:Power_getConstraintMask)
                  0000bfc0    0000000c                             : PowerCC26XX.oem3 (.text:Power_getDependencyCount)
                  0000bfcc    0000000c                             : PowerCC26XX.oem3 (.text:Power_getTransitionState)
                  0000bfd8    0000000c     SensorI2C.obj (.text:SensorI2C_deselect)
                  0000bfe4    0000000c     sensortag.obj (.text:SensorTag_testResult)
                  0000bff0    0000000c     rtsv7M3_T_le_eabi.lib : copy_zero_init.obj (.text:decompress:ZI)
                  0000bffc    0000000c     icall_api.obj (.text:matchProfileSetParamCS$27)
                  0000c008    0000000c     SPICC26XXDMA.obj (.text:spiPostNotify$21)
                  0000c014    0000000c     sysbios.aem3 : BIOS.obj (.text:ti_sysbios_BIOS_getThreadType__E)
                  0000c020    0000000c     app_ble_pem3.oem3 (.text:ti_sysbios_family_arm_m3_Hwi_Params__init__S)
                  0000c02c    0000000c     sysbios.aem3 : BIOS.obj (.text:ti_sysbios_family_arm_m3_Hwi_disableFxn__E)
                  0000c038    0000000c                  : BIOS.obj (.text:ti_sysbios_family_arm_m3_Hwi_enableFxn__E)
                  0000c044    0000000c                  : BIOS.obj (.text:ti_sysbios_family_arm_m3_TaskSupport_getStackAlignment__E)
                  0000c050    0000000c                  : BIOS.obj (.text:ti_sysbios_gates_GateHwi_enter__E)
                  0000c05c    0000000c     app_ble_pem3.oem3 (.text:ti_sysbios_hal_Hwi_Params__init__S)
                  0000c068    0000000c     app_ble_pem3.oem3 (.text:ti_sysbios_knl_Clock_Params__init__S)
                  0000c074    0000000c     app_ble_pem3.oem3 (.text:ti_sysbios_knl_Queue_Object__get__S)
                  0000c080    0000000c     sysbios.aem3 : BIOS.obj (.text:ti_sysbios_knl_Queue_dequeue__E)
                  0000c08c    0000000c                  : BIOS.obj (.text:ti_sysbios_knl_Queue_enqueue__E)
                  0000c098    0000000c     app_ble_pem3.oem3 (.text:ti_sysbios_knl_Semaphore_Params__init__S)
                  0000c0a4    0000000c     app_ble_pem3.oem3 (.text:ti_sysbios_knl_Swi_Params__init__S)
                  0000c0b0    0000000c     sysbios.aem3 : BIOS.obj (.text:ti_sysbios_knl_Swi_getTrigger__E)
                  0000c0bc    0000000c     app_ble_pem3.oem3 (.text:ti_sysbios_knl_Task_Params__init__S)
                  0000c0c8    0000000c     sysbios.aem3 : BIOS.obj (.text:ti_sysbios_knl_Task_self__E)
                  0000c0d4    0000000c                  : BIOS.obj (.text:xdc_runtime_Gate_enterSystem__E)
                  0000c0e0    0000000c                  : BIOS.obj (.text:xdc_runtime_HeapMin_getStats__E)
                  0000c0ec    0000000c                  : BIOS.obj (.text:xdc_runtime_Memory_calloc__E)
                  0000c0f8    0000000c                  : BIOS.obj (.text:xdc_runtime_Memory_getMaxDefaultTypeAlign__E)
                  0000c104    0000000c                  : BIOS.obj (.text:xdc_runtime_Startup_rtsDone__E)
                  0000c110    0000000a     I2CCC26XX.obj (.text:I2CCC26XX_init)
                  0000c11a    0000000a     I2C.obj (.text:I2C_close)
                  0000c124    0000000a     I2C.obj (.text:I2C_transfer)
                  0000c12e    0000000a     icall_cc2650.obj (.text:ICallPlatform_pwrSwitchXOSCHF)
                  0000c138    0000000a     icall.obj (.text:ICall_primE2S$24)
                  0000c142    0000000a     drivers_cc26xxware.aem3 : List.oem3 (.text:List_empty)
                  0000c14c    0000000a     SPI.obj (.text:SPI_transfer)
                  0000c156    0000000a     sensortag.obj (.text:SensorTag_charValueChangeCB)
                  0000c160    0000000a     sensortag.obj (.text:SensorTag_stateChangeCB$0)
                  0000c16a    0000000a     UDMACC26XX.obj (.text:UDMACC26XX_hwiIntFxn)
                  0000c174    0000000a     app_ble_pem3.oem3 (.text:xdc_runtime_IHeap_alloc)
                  0000c17e    00000008     I2CCC26XX.obj (.text:I2CCC26XX_blockingCallback$17)
                  0000c186    00000008     RFCC26XX_singleMode.obj (.text:RF_flushCmd)
                  0000c18e    00000008     SPICC26XXDMA.obj (.text:SPICC26XXDMA_transferCallback$21)
                  0000c196    00000008     sensortag_io.obj (.text:ioChangeCB$7)
                  0000c19e    00000008     sensortag_register.obj (.text:registerChangeCB$12)
                  0000c1a6    00000008     sensortag_mov.obj (.text:sensorChangeCB$9)
                  0000c1ae    00000008     sensortag_batt.obj (.text:sensorConfigChangeCB$2)
                  0000c1b6    00000008     sysbios.aem3 : BIOS.obj (.text:ti_sysbios_family_arm_m3_Hwi_doSwiRestore__I)
                  0000c1be    00000008                  : BIOS.obj (.text:ti_sysbios_family_arm_m3_Hwi_startup__E)
                  0000c1c6    00000008                  : BIOS.obj (.text:ti_sysbios_knl_Idle_loop__E)
                  0000c1ce    00000006     I2CCC26XX.obj (.text:I2CCC26XX_control)
                  0000c1d4    00000006     driverlib.lib : cpu.obj (.text:NOROM_CPUdelay)
                  0000c1da    00000006     PINCC26XX.obj (.text:PIN_registerIntCb)
                  0000c1e0    00000006     RFCC26XX_singleMode.obj (.text:clkInactivityFxn$19)
                  0000c1e6    00000006     icall_api.obj (.text:matchBondMgrSetParamCS$27)
                  0000c1ec    00000006     icall_api.obj (.text:matchGGSSetParamCS$27)
                  0000c1f2    00000006     icall_api.obj (.text:matchGapConnParamUpdateReplyCS$27)
                  0000c1f8    00000006     icall_api.obj (.text:matchGapDeviceInitCS$27)
                  0000c1fe    00000006     icall_api.obj (.text:matchGapEndDiscoverableCS$27)
                  0000c204    00000006     icall_api.obj (.text:matchGapGetParamCS$27)
                  0000c20a    00000006     icall_api.obj (.text:matchGapMakeDiscoverableCS$27)
                  0000c210    00000006     icall_api.obj (.text:matchGapSetParamCS$27)
                  0000c216    00000006     icall_api.obj (.text:matchGapTerminateAuthCS$27)
                  0000c21c    00000006     icall_api.obj (.text:matchGapTerminateLinkReqCS$27)
                  0000c222    00000006     icall_api.obj (.text:matchGapUpdateAdvDataCS$27)
                  0000c228    00000006     icall_api.obj (.text:matchGapUpdateLinkParamReqCS$27)
                  0000c22e    00000006     icall_api.obj (.text:matchUtilNvReadCS$27)
                  0000c234    00000006     icall_api.obj (.text:matchUtilNvWriteCS$27)
                  0000c23a    00000006     sysbios.aem3 : BIOS.obj (.text:ti_sysbios_family_arm_m3_Hwi_doTaskRestore__I)
                  0000c240    00000006                  : BIOS.obj (.text:ti_sysbios_family_arm_m3_Hwi_restoreFxn__E)
                  0000c246    00000006                  : BIOS.obj (.text:ti_sysbios_family_arm_m3_Hwi_setFunc__E)
                  0000c24c    00000006                  : BIOS.obj (.text:ti_sysbios_gates_GateHwi_leave__E)
                  0000c252    00000006                  : BIOS.obj (.text:ti_sysbios_knl_Queue_Instance_init__E)
                  0000c258    00000006                  : BIOS.obj (.text:ti_sysbios_knl_Queue_elemClear__E)
                  0000c25e    00000006                  : BIOS.obj (.text:ti_sysbios_knl_Swi_startup__E)
                  0000c264    00000006                  : BIOS.obj (.text:ti_sysbios_knl_Task_enable__E)
                  0000c26a    00000006                  : BIOS.obj (.text:xdc_runtime_System_Module_startup__E)
                  0000c270    00000004     tirtosport.aem3 : HwiP_tirtos.oem3 (.text:HwiP_disable)
                  0000c274    00000004     icall.obj (.text:ICall_primAbort$24)
                  0000c278    00000004     drivers_cc26xxware.aem3 : List.oem3 (.text:List_head)
                  0000c27c    00000004                             : List.oem3 (.text:List_next)
                  0000c280    00000004     RFCC26XX_singleMode.obj (.text:Q_peek$19)
                  0000c284    00000004     util.obj (.text:Util_startClock)
                  0000c288    00000004     util.obj (.text:Util_stopClock)
                  0000c28c    00000004     drivers_cc26xxware.aem3 : PowerCC26XX.oem3 (.text:nopResourceHandler)
                  0000c290    00000004     app_ble_pem3.oem3 (.text:ti_sysbios_BIOS_RtsGateProxy_enter__E)
                  0000c294    00000004     app_ble_pem3.oem3 (.text:ti_sysbios_BIOS_RtsGateProxy_leave__E)
                  0000c298    00000004     sysbios.aem3 : BIOS.obj (.text:ti_sysbios_family_arm_cc26xx_Timer_getCount64__E)
                  0000c29c    00000004                  : BIOS.obj (.text:ti_sysbios_family_arm_cc26xx_Timer_setPeriod__E)
                  0000c2a0    00000004     app_ble_pem3.oem3 (.text:ti_sysbios_family_arm_m3_Hwi_destruct)
                  0000c2a4    00000004     app_ble_pem3.oem3 (.text:ti_sysbios_family_arm_m3_TaskSupport_Module__startupDone__S)
                  0000c2a8    00000004     sysbios.aem3 : BIOS.obj (.text:ti_sysbios_gates_GateHwi_query__E)
                  0000c2ac    00000004                  : BIOS.obj (.text:ti_sysbios_gates_GateMutex_query__E)
                  0000c2b0    00000004     app_ble_pem3.oem3 (.text:ti_sysbios_knl_Clock_TimerProxy_getCurrentTick__E)
                  0000c2b4    00000004     app_ble_pem3.oem3 (.text:ti_sysbios_knl_Clock_TimerProxy_getMaxTicks__E)
                  0000c2b8    00000004     app_ble_pem3.oem3 (.text:ti_sysbios_knl_Clock_TimerProxy_setNextTick__E)
                  0000c2bc    00000004     sysbios.aem3 : BIOS.obj (.text:ti_sysbios_knl_Clock_isActive__E)
                  0000c2c0    00000004                  : BIOS.obj (.text:ti_sysbios_knl_Clock_removeI__E)
                  0000c2c4    00000004                  : BIOS.obj (.text:ti_sysbios_knl_Clock_setPeriod__E)
                  0000c2c8    00000004                  : BIOS.obj (.text:ti_sysbios_knl_Clock_setTimeout__E)
                  0000c2cc    00000004     app_ble_pem3.oem3 (.text:ti_sysbios_knl_Queue_destruct)
                  0000c2d0    00000004     sysbios.aem3 : BIOS.obj (.text:ti_sysbios_knl_Queue_head__E)
                  0000c2d4    00000004                  : BIOS.obj (.text:ti_sysbios_knl_Queue_next__E)
                  0000c2d8    00000004     app_ble_pem3.oem3 (.text:ti_sysbios_knl_Semaphore_destruct)
                  0000c2dc    00000004     app_ble_pem3.oem3 (.text:ti_sysbios_knl_Swi_destruct)
                  0000c2e0    00000004     sysbios.aem3 : BIOS.obj (.text:ti_sysbios_knl_Swi_postInit__I)
                  0000c2e4    00000004                  : BIOS.obj (.text:ti_sysbios_knl_Task_startup__E)
                  0000c2e8    00000004                  : BIOS.obj (.text:xdc_runtime_HeapMin_isBlocking__E)
                  0000c2ec    00000004     app_ble_pem3.oem3 (.text:xdc_runtime_System_Module_GateProxy_enter__E)
                  0000c2f0    00000004     app_ble_pem3.oem3 (.text:xdc_runtime_System_Module_GateProxy_leave__E)
                  0000c2f4    00000002     sysbios.aem3 : BIOS.obj (.text:xdc_runtime_SysCallback_defaultExit)
                  0000c2f6    00000002                  : BIOS.obj (.text:xdc_runtime_System_abortSpin__E)
                  0000c2f8    00000002                  : BIOS.obj (.text:xdc_runtime_System_exitSpin__E)

.const     0    0000c2fc    0000094e     
                  0000c2fc    000000cc     icall.obj (.const:$O15$$)
                  0000c3c8    00000068     board.obj (.const:BoardGpioInitTable)
                  0000c430    0000004c     drivers_cc26xxware.aem3 : PowerCC26XX.oem3 (.const:resourceDB)
                  0000c47c    0000004c     ble_user_config.obj (.const:rfDriverTable)
                  0000c4c8    0000003c     sensortag.obj (.const:$O2$$)
                  0000c504    0000003c     app_ble_pem3.oem3 (.const:ti_sysbios_knl_Task_Object__PARAMS__C)
                  0000c540    00000038     SPICC26XXDMA.obj (.const:$O13$$)
                  0000c578    00000038     board.obj (.const:spiCC26XXDMAHWAttrs)
                  0000c5b0    00000030     app_ble_pem3.oem3 (.const:ti_sysbios_family_arm_m3_Hwi_Object__PARAMS__C)
                  0000c5e0    0000002c     gatt_uuid.obj (.const:$O27$$)
                  0000c60c    0000002c     app_ble_pem3.oem3 (.const:ti_sysbios_hal_Hwi_Object__PARAMS__C)
                  0000c638    00000028     app_ble_pem3.oem3 (.const:ti_sysbios_knl_Swi_Object__PARAMS__C)
                  0000c660    00000028     app_ble_pem3.oem3 (.const:xdc_runtime_HeapMin_Module__FXNS__C)
                  0000c688    00000027     ble_user_config.obj (.const:txPowerTable)
                  0000c6af    00000001     app_ble_pem3.oem3 (.const:xdc_runtime_Error_policy__C)
                  0000c6b0    00000024     board.obj (.const:SPI_config)
                  0000c6d4    00000024     app_ble_pem3.oem3 (.const:ti_sysbios_gates_GateHwi_Module__FXNS__C)
                  0000c6f8    00000024     app_ble_pem3.oem3 (.const:ti_sysbios_gates_GateMutex_Module__FXNS__C)
                  0000c71c    00000024     app_ble_pem3.oem3 (.const:ti_sysbios_knl_Clock_Object__PARAMS__C)
                  0000c740    00000024     app_ble_pem3.oem3 (.const:ti_sysbios_knl_Semaphore_Object__PARAMS__C)
                  0000c764    00000020     SPI.obj (.const:SPI_defaultParams)
                  0000c784    00000020     app_ble_pem3.oem3 (.const:ti_sysbios_family_arm_m3_Hwi_Object__DESC__C)
                  0000c7a4    00000020     app_ble_pem3.oem3 (.const:ti_sysbios_gates_GateHwi_Object__DESC__C)
                  0000c7c4    00000020     app_ble_pem3.oem3 (.const:ti_sysbios_gates_GateMutex_Object__DESC__C)
                  0000c7e4    00000020     app_ble_pem3.oem3 (.const:ti_sysbios_hal_Hwi_Object__DESC__C)
                  0000c804    00000020     app_ble_pem3.oem3 (.const:ti_sysbios_knl_Clock_Object__DESC__C)
                  0000c824    00000020     app_ble_pem3.oem3 (.const:ti_sysbios_knl_Queue_Object__DESC__C)
                  0000c844    00000020     app_ble_pem3.oem3 (.const:ti_sysbios_knl_Semaphore_Object__DESC__C)
                  0000c864    00000020     app_ble_pem3.oem3 (.const:ti_sysbios_knl_Swi_Object__DESC__C)
                  0000c884    00000020     app_ble_pem3.oem3 (.const:ti_sysbios_knl_Task_Object__DESC__C)
                  0000c8a4    00000020     app_ble_pem3.oem3 (.const:xdc_runtime_HeapMin_Object__DESC__C)
                  0000c8c4    00000020     app_ble_pem3.oem3 (.const:xdc_runtime_HeapMin_Object__PARAMS__C)
                  0000c8e4    0000001c     SPICC26XXDMA.obj (.const:SPICC26XXDMA_fxnTable)
                  0000c900    0000001c     app_ble_pem3.oem3 (.const:xdc_runtime_Startup_sfxnTab__A)
                  0000c91c    00000018     I2CCC26XX.obj (.const:I2CCC26XX_fxnTable)
                  0000c934    00000018     board.obj (.const:I2C_config)
                  0000c94c    00000018     board.obj (.const:i2cCC26xxHWAttrs)
                  0000c964    00000018     app_ble_pem3.oem3 (.const:ti_sysbios_gates_GateHwi_Object__PARAMS__C)
                  0000c97c    00000018     app_ble_pem3.oem3 (.const:ti_sysbios_gates_GateMutex_Object__PARAMS__C)
                  0000c994    00000018     app_ble_pem3.oem3 (.const:ti_sysbios_knl_Queue_Object__PARAMS__C)
                  0000c9ac    00000014     RFCC26XX_singleMode.obj (.const:RF_defaultParams$19)
                  0000c9c0    00000010     ioservice.obj (.const:.string:ioConfUUID)
                  0000c9d0    00000010     ioservice.obj (.const:.string:ioDataUUID)
                  0000c9e0    00000010     ioservice.obj (.const:.string:ioServUUID)
                  0000c9f0    00000010     registerservice.obj (.const:.string:registerAddressUUID$51)
                  0000ca00    00000010     registerservice.obj (.const:.string:registerDataUUID$51)
                  0000ca10    00000010     registerservice.obj (.const:.string:registerDeviceIDUUID$51)
                  0000ca20    00000010     movementservice.obj (.const:.string:sensorCfgUUID$46)
                  0000ca30    00000010     movementservice.obj (.const:.string:sensorDataUUID$46)
                  0000ca40    00000010     movementservice.obj (.const:.string:sensorPeriodUUID$46)
                  0000ca50    00000010     movementservice.obj (.const:.string:sensorServiceUUID$46)
                  0000ca60    00000010     registerservice.obj (.const:.string:sensorServiceUUID$51)
                  0000ca70    00000010     I2C.obj (.const:I2C_defaultParams)
                  0000ca80    00000010     board.obj (.const:PowerCC26XX_config)
                  0000ca90    00000010     board.obj (.const:TRNGCC26XX_config)
                  0000caa0    00000010     board.obj (.const:UDMACC26XX_config)
                  0000cab0    0000000e     app_ble_pem3.oem3 (.const:xdc_runtime_Startup_sfxnRts__A)
                  0000cabe    00000002     battservice.obj (.const:.string:battLevelUUID)
                  0000cac0    0000000c     battservice.obj (.const:battCBs)
                  0000cacc    0000000c     devinfoservice.obj (.const:devInfoCBs)
                  0000cad8    0000000c     ioservice.obj (.const:ioCBs)
                  0000cae4    0000000c     movementservice.obj (.const:sensorCBs$46)
                  0000caf0    0000000c     registerservice.obj (.const:sensorCBs$51)
                  0000cafc    0000000c     simplekeys.obj (.const:skCBs)
                  0000cb08    0000000c     ble_user_config.obj (.const:trngDriverTable)
                  0000cb14    00000008     ExtFlash.obj (.const:$O19$$)
                  0000cb1c    00000008     battservice.obj (.const:battService$38)
                  0000cb24    00000008     I2CCC26XX.obj (.const:bitRate$17)
                  0000cb2c    00000008     devinfoservice.obj (.const:devInfoService$40)
                  0000cb34    00000008     ioservice.obj (.const:ioService$44)
                  0000cb3c    00000008     movementservice.obj (.const:sensorService$46)
                  0000cb44    00000008     registerservice.obj (.const:sensorService$51)
                  0000cb4c    00000008     simplekeys.obj (.const:skService$52)
                  0000cb54    00000008     app_ble_pem3.oem3 (.const:ti_sysbios_knl_Idle_funcList__C)
                  0000cb5c    00000008     board.obj (.const:udmaHWAttrs)
                  0000cb64    00000008     app_ble_pem3.oem3 (.const:xdc_runtime_Startup_firstFxns__A)
                  0000cb6c    00000008     app_ble_pem3.oem3 (.const:xdc_runtime_Startup_firstFxns__C)
                  0000cb74    00000008     app_ble_pem3.oem3 (.const:xdc_runtime_Startup_lastFxns__C)
                  0000cb7c    00000006     ble_user_config.obj (.const:txPwrTbl)
                  0000cb82    00000002     battservice.obj (.const:.string:battServUUID)
                  0000cb84    00000004     board.obj (.const:TRNGCC26XXHWAttrs)
                  0000cb88    00000004     icall_cc2650.obj (.const:events$1$25)
                  0000cb8c    00000004     app_ble_pem3.oem3 (.const:ti_sysbios_family_arm_cc26xx_Timer_startupNeeded__C)
                  0000cb90    00000004     app_ble_pem3.oem3 (.const:ti_sysbios_family_arm_m3_Hwi_E_alreadyDefined__C)
                  0000cb94    00000004     app_ble_pem3.oem3 (.const:ti_sysbios_family_arm_m3_Hwi_NUM_INTERRUPTS__C)
                  0000cb98    00000004     app_ble_pem3.oem3 (.const:ti_sysbios_family_arm_m3_Hwi_Object__count__C)
                  0000cb9c    00000004     app_ble_pem3.oem3 (.const:ti_sysbios_family_arm_m3_Hwi_ccr__C)
                  0000cba0    00000004     app_ble_pem3.oem3 (.const:ti_sysbios_family_arm_m3_Hwi_excHandlerFunc__C)
                  0000cba4    00000004     app_ble_pem3.oem3 (.const:ti_sysbios_family_arm_m3_Hwi_nullIsrFunc__C)
                  0000cba8    00000004     app_ble_pem3.oem3 (.const:ti_sysbios_family_arm_m3_Hwi_priGroup__C)
                  0000cbac    00000004     app_ble_pem3.oem3 (.const:ti_sysbios_family_arm_m3_TaskSupport_stackAlignment__C)
                  0000cbb0    00000004     app_ble_pem3.oem3 (.const:ti_sysbios_gates_GateMutex_Instance_State_sem__O)
                  0000cbb4    00000004     app_ble_pem3.oem3 (.const:ti_sysbios_knl_Clock_Module_State_clockQ__O)
                  0000cbb8    00000004     app_ble_pem3.oem3 (.const:ti_sysbios_knl_Clock_tickPeriod__C)
                  0000cbbc    00000004     app_ble_pem3.oem3 (.const:ti_sysbios_knl_Clock_triggerClock__C)
                  0000cbc0    00000004     app_ble_pem3.oem3 (.const:ti_sysbios_knl_Idle_funcList__A)
                  0000cbc4    00000004     app_ble_pem3.oem3 (.const:ti_sysbios_knl_Semaphore_Instance_State_pendQ__O)
                  0000cbc8    00000004     app_ble_pem3.oem3 (.const:ti_sysbios_knl_Swi_Object__count__C)
                  0000cbcc    00000004     app_ble_pem3.oem3 (.const:ti_sysbios_knl_Task_Module_State_inactiveQ__O)
                  0000cbd0    00000004     app_ble_pem3.oem3 (.const:ti_sysbios_knl_Task_Object__count__C)
                  0000cbd4    00000004     app_ble_pem3.oem3 (.const:ti_sysbios_knl_Task_allBlockedFunc__C)
                  0000cbd8    00000004     app_ble_pem3.oem3 (.const:ti_sysbios_knl_Task_defaultStackHeap__C)
                  0000cbdc    00000004     app_ble_pem3.oem3 (.const:ti_sysbios_knl_Task_defaultStackSize__C)
                  0000cbe0    00000004     app_ble_pem3.oem3 (.const:ti_sysbios_knl_Task_numConstructedTasks__C)
                  0000cbe4    00000004     app_ble_pem3.oem3 (.const:xdc_runtime_Error_E_memory__C)
                  0000cbe8    00000004     app_ble_pem3.oem3 (.const:xdc_runtime_Error_policyFxn__C)
                  0000cbec    00000004     app_ble_pem3.oem3 (.const:xdc_runtime_HeapMin_E_freeError__C)
                  0000cbf0    00000004     app_ble_pem3.oem3 (.const:xdc_runtime_IGateProvider_Interface__BASE__C)
                  0000cbf4    00000004     app_ble_pem3.oem3 (.const:xdc_runtime_IHeap_Interface__BASE__C)
                  0000cbf8    00000004     app_ble_pem3.oem3 (.const:xdc_runtime_IModule_Interface__BASE__C)
                  0000cbfc    00000004     app_ble_pem3.oem3 (.const:xdc_runtime_Memory_defaultHeapInstance__C)
                  0000cc00    00000004     app_ble_pem3.oem3 (.const:xdc_runtime_Startup_execImpl__C)
                  0000cc04    00000004     app_ble_pem3.oem3 (.const:xdc_runtime_Startup_maxPasses__C)
                  0000cc08    00000004     app_ble_pem3.oem3 (.const:xdc_runtime_Startup_sfxnRts__C)
                  0000cc0c    00000004     app_ble_pem3.oem3 (.const:xdc_runtime_Startup_sfxnTab__C)
                  0000cc10    00000004     app_ble_pem3.oem3 (.const:xdc_runtime_SysCallback_abortFxn__C)
                  0000cc14    00000004     app_ble_pem3.oem3 (.const:xdc_runtime_SysCallback_exitFxn__C)
                  0000cc18    00000004     app_ble_pem3.oem3 (.const:xdc_runtime_System_Module__gateObj__C)
                  0000cc1c    00000004     app_ble_pem3.oem3 (.const:xdc_runtime_System_abortFxn__C)
                  0000cc20    00000004     app_ble_pem3.oem3 (.const:xdc_runtime_System_exitFxn__C)
                  0000cc24    00000004     app_ble_pem3.oem3 (.const:xdc_runtime_System_maxAtexitHandlers__C)
                  0000cc28    00000002     devinfoservice.obj (.const:.string:devInfo11073CertUUID)
                  0000cc2a    00000002     devinfoservice.obj (.const:.string:devInfoFirmwareRevUUID)
                  0000cc2c    00000002     devinfoservice.obj (.const:.string:devInfoHardwareRevUUID)
                  0000cc2e    00000002     devinfoservice.obj (.const:.string:devInfoMfrNameUUID)
                  0000cc30    00000002     devinfoservice.obj (.const:.string:devInfoModelNumberUUID)
                  0000cc32    00000002     devinfoservice.obj (.const:.string:devInfoPnpIdUUID)
                  0000cc34    00000002     devinfoservice.obj (.const:.string:devInfoSerialNumberUUID)
                  0000cc36    00000002     devinfoservice.obj (.const:.string:devInfoServUUID)
                  0000cc38    00000002     devinfoservice.obj (.const:.string:devInfoSoftwareRevUUID)
                  0000cc3a    00000002     devinfoservice.obj (.const:.string:devInfoSystemIdUUID)
                  0000cc3c    00000002     simplekeys.obj (.const:.string:keyPressedUUID)
                  0000cc3e    00000002     simplekeys.obj (.const:.string:skServUUID)
                  0000cc40    00000002     SensorI2C.obj (.const:pinCfg1$31)
                  0000cc42    00000002     app_ble_pem3.oem3 (.const:ti_sysbios_family_arm_m3_Hwi_Module__id__C)
                  0000cc44    00000002     app_ble_pem3.oem3 (.const:xdc_runtime_HeapMin_Module__id__C)
                  0000cc46    00000002     app_ble_pem3.oem3 (.const:xdc_runtime_HeapMin_freeError__C)
                  0000cc48    00000002     app_ble_pem3.oem3 (.const:xdc_runtime_Memory_Module__id__C)

.cinit     0    0000cc50    000004e0     
                  0000cc50    0000047a     (.cinit..data.load) [load image, compression = lzss]
                  0000d0ca    00000002     --HOLE-- [fill = 0]
                  0000d0cc    0000000c     (__TI_handler_table)
                  0000d0d8    00000008     (.cinit..TI.bound:dmaSpi0RxControlTableEntry$21.load) [load image, compression = zero_init]
                  0000d0e0    00000008     (.cinit..TI.bound:dmaSpi0TxControlTableEntry$21.load) [load image, compression = zero_init]
                  0000d0e8    00000008     (.cinit..TI.bound:dmaSpi1RxControlTableEntry$21.load) [load image, compression = zero_init]
                  0000d0f0    00000008     (.cinit..TI.bound:dmaSpi1TxControlTableEntry$21.load) [load image, compression = zero_init]
                  0000d0f8    00000008     (.cinit..bss.load) [load image, compression = zero_init]
                  0000d100    00000030     (__TI_cinit_table)

.init_array 
*          0    00001010    00000000     UNINITIALIZED

.resetVecs 
*          0    00001010    0000003c     
                  00001010    0000003c     app_ble_pem3.oem3 (.resetVecs)

.vecs      0    20000000    000000c8     NOLOAD SECTION
                  20000000    000000c8     app_ble_pem3.oem3 (.vecs)

.TI.bound:dmaSpi0RxControlTableEntry$21 
*          0    20000430    00000010     UNINITIALIZED
                  20000430    00000010     SPICC26XXDMA.obj (.TI.bound:dmaSpi0RxControlTableEntry$21)

.TI.bound:dmaSpi0TxControlTableEntry$21 
*          0    20000440    00000010     UNINITIALIZED
                  20000440    00000010     SPICC26XXDMA.obj (.TI.bound:dmaSpi0TxControlTableEntry$21)

.TI.bound:dmaSpi1RxControlTableEntry$21 
*          0    20000500    00000010     UNINITIALIZED
                  20000500    00000010     SPICC26XXDMA.obj (.TI.bound:dmaSpi1RxControlTableEntry$21)

.TI.bound:dmaSpi1TxControlTableEntry$21 
*          0    20000510    00000010     UNINITIALIZED
                  20000510    00000010     SPICC26XXDMA.obj (.TI.bound:dmaSpi1TxControlTableEntry$21)

.data      0    20000520    000015a2     UNINITIALIZED
                  20000520    0000044c     sensortag.obj (.data:$O1$$)
                  2000096c    000003bc     peripheral.obj (.data:$O36$$)
                  20000d28    00000228     RFCC26XX_singleMode.obj (.data:$O12$$)
                  20000f50    000001d4     devinfoservice.obj (.data:$O26$$)
                  20001124    00000110     drivers_cc26xxware.aem3 : PowerCC26XX.oem3 (.data:PowerCC26XX_module)
                  20001234    0000010c     icall.obj (.data:$O14$$)
                  20001340    000000a0     movementservice.obj (.data:$O31$$)
                  200013e0    00000090     registerservice.obj (.data:$O37$$)
                  20001470    00000078     battservice.obj (.data:$O25$$)
                  200014e8    0000006c     ExtFlash.obj (.data:$O18$$)
                  20001554    0000005c     ioservice.obj (.data:$O29$$)
                  200015b0    00000058     simplekeys.obj (.data:$O38$$)
                  20001608    00000058     ble_user_config.obj (.data:rfRegTbl)
                  20001660    0000004c     app_ble_pem3.oem3 (.data:ti_sysbios_knl_Task_Object__table__V)
                  200016ac    00000048     sensortag_mov.obj (.data:$O7$$)
                  200016f4    00000004     I2C.obj (.data)
                  200016f8    00000048     app_ble_pem3.oem3 (.data:ti_sysbios_family_arm_cc26xx_Timer_Object__table__V)
                  20001740    00000044     app_ble_pem3.oem3 (.data:ti_sysbios_knl_Task_Module__state__V)
                  20001784    00000034     SensorMpu9250.obj (.data:$O22$$)
[...]
0000cc2e  devInfoMfrNameUUID                                         
0000cc30  devInfoModelNumberUUID                                     
0000cc32  devInfoPnpIdUUID                                           
0000cc34  devInfoSerialNumberUUID                                    
0000cc36  devInfoServUUID                                            
0000cc38  devInfoSoftwareRevUUID                                     
0000cc3a  devInfoSystemIdUUID                                        
0000cc3c  keyPressedUUID                                             
0000cc3e  skServUUID                                                 
0000cc42  ti_sysbios_family_arm_m3_Hwi_Module__id__C                 
0000cc44  xdc_runtime_HeapMin_Module__id__C                          
0000cc46  xdc_runtime_HeapMin_freeError__C                           
0000cc48  xdc_runtime_Memory_Module__id__C                           
0000cc50  __TI_static_base__                                         
0000d0cc  __TI_Handler_Table_Base                                    
0000d0d8  __TI_Handler_Table_Limit                                   
0000d100  __TI_CINIT_Base                                            
0000d130  __TI_CINIT_Limit                                           
0000e0ea  __checksum_value_CommonROM                                 
10014c00  A1_rw                                                      
10014c00  __checksum_begin_CommonROM                                 
10014c01  COMMON_ROM_BASE_ADDR                                       
10014c04  P1_ro                                                      
10014c05  SCALARMUL_init                                             
10014ced  SCALARMUL_core                                             
10015019  SCALARMUL_final                                            
100150e5  SCALARMUL                                                  
10015101  SAVEPOINT                                                  
10015141  GETBIT                                                     
10015155  GETDIGIT                                                   
100151a5  GETDIGITL2R                                                
10015215  SelectReg                                                  
10015229  ATOMICPATTERN                                              
100154f5  JACADD                                                     
1001568d  INVERT                                                     
10015821  SQUAREMULTIPLYWORD                                         
1001588c  LUTOPCODE                                                  
10015894  LUTOPSIGN                                                  
100158ac  LUTC                                                       
100158c4  LUTSE                                                      
100158dc  LUTINCI                                                    
100158f4  LUTJ                                                       
1001596c  LUTSTATE                                                   
100159a9  IMPORTLENGTH                                               
100159ad  IMPORTMODULUS                                              
100159d1  IMPORTOPERAND                                              
10015a11  EXPORTOPERAND                                              
10015a35  IMPORTDATA                                                 
10015a51  SETOPERAND                                                 
10015a6d  COPY                                                       
10015a85  ZERO                                                       
10015a91  SETWORD                                                    
10015a9d  mSET                                                       
10015bcd  zSET                                                       
10015bd5  mINVK                                                      
10015d19  zADD                                                       
10015d5d  zSUB                                                       
10015de9  zMACC32                                                    
10015e69  zSUB32                                                     
10015eb5  zADD32                                                     
10015f0d  zMULT32                                                    
10015f81  mMULT                                                      
10016551  mADD                                                       
1001664d  mSUB                                                       
10016749  mOUT                                                       
10016975  ssp_KeyInit_Sw                                             
10016979  sspAesEncrypt_Sw                                           
10016985  sspKeyExpansion_Sw                                         
10016a99  sspAesEncryptKeyExp_Sw                                     
10016af5  sspAesEncryptBasic_Sw                                      
10016b79  RoundKey_Sw                                                
10016c29  AddRoundKeySubBytes_Sw                                     
10016c45  ShiftRows_Sw                                               
10016c79  MixColumns_Sw                                              
10016d05  FFMult_Sw                                                  
10016d29  sspAesDecrypt_Sw                                           
10016da1  InvAddRoundKey_Sw                                          
10016dc9  InvRoundKey_Sw                                             
10016e8d  InvSubBytes_Sw                                             
10016ea1  InvShiftRows_Sw                                            
10016ed5  InvMixColumns_Sw                                           
10016f58  FFMult2                                                    
10017058  FFMult3                                                    
10017158  RCon                                                       
10017164  Sbox                                                       
10017264  InvSbox                                                    
10017365  SSP_CCM_Auth_Sw                                            
100174fd  SSP_CCM_Encrypt_Sw                                         
100175ed  SSP_CTR_Encrypt_Sw                                         
1001767d  SSP_CCM_Decrypt_Sw                                         
10017771  SSP_CTR_Decrypt_Sw                                         
10017839  SSP_CCM_InvAuth_Sw                                         
10017895  SSP_CCM_Auth_Encrypt_Sw                                    
100178f5  SSP_CCM_InvAuth_Decrypt_Sw                                 
10017959  ECC_allocWorkzone                                          
10017961  ECC_setWin                                                 
10017969  ECDSA_sign                                                 
10017b01  ECDSA_verif                                                
10017dbd  eccRom_genKeys                                             
10017ded  eccRom_genSharedSecret                                     
10017e39  SHA256_updateW                                             
10017e75  SHA256_round                                               
10017ef1  SHA256_nextState                                           
10017f49  SHA256_saveBuffer                                          
10017ffd  SHA256_init                                                
10018019  SHA256_process                                             
10018089  SHA256_final                                               
10018129  SHA256_full                                                
100182ad  RFHAL_InitRfHal                                            
10018315  RFHAL_AllocRatChan                                         
1001833d  RFHAL_FreeRatChan                                          
10018369  RFHAL_MapRatChansToInt                                     
10018391  RFHAL_RegisterRatChanCallback                              
100183b9  RFHAL_InitDataQueue                                        
100183c5  RFHAL_QueueRFDataEntries                                   
10018415  RFHAL_AddTxDataEntry                                       
10018485  RFHAL_FreeNextTxDataEntry                                  
100184a9  RFHAL_AllocDataEntryQueue                                  
100184c5  RFHAL_FreeDataEntryQueue                                   
100184cd  RFHAL_GetNextDataEntry                                     
100184d1  RFHAL_GetTempDataEntry                                     
100184d5  RFHAL_NextDataEntryDone                                    
100184f9  RFHAL_AllocDataEntry                                       
10018549  RFHAL_FreeDataEntry                                        
10018551  RFHAL_BuildRingBuffer                                      
100185e1  RFHAL_BuildDataEntryRingBuffer                             
10018669  RFHAL_BuildLinkedBuffer                                    
10018755  MB_Init                                                    
10018799  MB_EnableInts                                              
100187f5  MB_DisableInts                                             
10018825  MB_ClearInts                                               
10018835  MB_EnableHWInts                                            
10018865  MB_SendCommand                                             
100188a5  MB_SendCommandSynch                                        
10018935  MB_ReadMailboxStatus                                       
1001893d  MB_RegisterIsrCback                                        
10018945  MB_FwDebugDump                                             
10018949  mbCmdAckIsr                                                
1001895d  mbCpe0Isr                                                  
10018985  mbCpe1Isr                                                  
100189e5  mbHwIsr                                                    
10018a19  AesCcm_authEncrypt_Sw                                      
10018a35  AesCcm_decryptAuth_Sw                                      
10018a99  Aes_encrypt_Sw                                             
10018ac5  Aes_decrypt_Sw                                             
10018b09  AesCcm_getNumBlocks_Sw                                     
10018b0c  NIST_Curve_P256_p                                          
10018b30  NIST_Curve_P256_r                                          
10018b54  NIST_Curve_P256_a                                          
10018b78  NIST_Curve_P256_b                                          
10018b9c  NIST_Curve_P256_Gx                                         
10018bc0  NIST_Curve_P256_Gy                                         
10018ced  __exit                                                     
10018d6c  Fill1                                                      
10019ffc  A3_rw                                                      
10019ffd  __checksum_end_CommonROM                                   
10019ffe  A2_rw                                                      
10019ffe  P1_ro_2                                                    
10019ffe  __checksum_CommonROM                                       
20000000  ti_sysbios_family_arm_m3_Hwi_ramVectors                    
20000520  gapProfileState                                            
20000521  selfEntityMain                                             
20000528  sem                                                        
2000052c  hGpioPin                                                   
20000548  pinGpioState                                               
2000096c  linkDBNumConns                                             
20000a80  gapRoleTask                                                
20000ad0  gapRoleTaskStack                                           
20001124  PowerCC26XX_module                                         
20001234  ICall_dispatcher                                           
2000123c  ICall_enterCriticalSection                                 
20001240  ICall_leaveCriticalSection                                 
20001258  HEAPMGR_SIZE                                               
20001608  rfRegTbl                                                   
20001660  ti_sysbios_knl_Task_Object__table__V                       
200016f8  ti_sysbios_family_arm_cc26xx_Timer_Object__table__V        
20001740  ti_sysbios_knl_Task_Module__state__V                       
200017b8  ti_sysbios_family_arm_m3_Hwi_Module__state__V              
2000181c  ti_sysbios_knl_Swi_Module_State_0_readyQ__A                
2000184c  ti_sysbios_knl_Swi_Object__table__V                        
2000187c  ti_sysbios_knl_Task_Module_State_0_readyQ__A               
200018ac  user0Cfg                                                   
20001908  ti_sysbios_knl_Clock_Module__state__V                      
20001934  ti_sysbios_BIOS_Module__state__V                           
20001958  ti_sysbios_knl_Clock_Object__table__V                      
20001978  ti_sysbios_gates_GateMutex_Object__table__V                
20001994  ti_sysbios_knl_Swi_Module__state__V                        
200019b0  ti_sysbios_family_arm_m3_Hwi_Object__table__V              
200019d8  xdc_runtime_HeapMin_Object__table__V                       
200019e8  __TI_cleanup_ptr                                           
200019ec  __TI_dtors_ptr                                             
200019f0  __TI_enable_exit_profile_output                            
200019f4  lastAppOpcodeSent                                          
200019f8  pfnBMAlloc                                                 
200019fc  pfnBMFree                                                  
20001a14  _lock                                                      
20001a18  _unlock                                                    
20001a2c  ti_sysbios_family_arm_cc26xx_Timer_Module__state__V        
20001a34  ti_sysbios_family_arm_m3_Hwi_Module__root__V               
20001a3c  ti_sysbios_gates_GateHwi_Module__root__V                   
20001a44  ti_sysbios_gates_GateMutex_Module__root__V                 
20001a4c  ti_sysbios_hal_Hwi_Module__root__V                         
20001a54  ti_sysbios_knl_Clock_Module__root__V                       
20001a5c  ti_sysbios_knl_Queue_Module__root__V                       
20001a64  ti_sysbios_knl_Semaphore_Module__root__V                   
20001a6c  ti_sysbios_knl_Swi_Module__root__V                         
20001a74  ti_sysbios_knl_Task_Module__root__V                        
20001a7c  xdc_runtime_HeapMin_Module__root__V                        
20001a84  xdc_runtime_Startup_Module__state__V                       
20001a8c  xdc_runtime_System_Module__state__V                        
20001a98  appAssertCback                                             
20001a9c  main_func_sp                                               
20001aa4  ti_sysbios_family_arm_m3_Hwi_Module_State_0_excContext__A  
20001aa8  ti_sysbios_family_arm_m3_Hwi_Module_State_0_excStack__A    
20001aac  ti_sysbios_gates_GateHwi_Object__table__V                  
20001ab0  ti_sysbios_knl_Task_Module_State_0_idleTask__A             
20001ab4  xdc_runtime_Memory_Module__state__V                        
20001abe  ti_sysbios_family_arm_m3_Hwi_Module_State_0_excActive__A   
20001ac8  xdc_runtime_HeapMin_Instance_State_0_buf__A                
2000214c  trngCC26XXObjects                                          
20002150  ti_sysbios_knl_Task_Instance_State_0_stack__A              
20002350  spiCC26XXDMAObjects                                        
20002508  PIN_NumPins                                                
2000259c  PIN_HandleTable                                            
20002728  i2cCC26xxObjects                                           
20002808  ti_sysbios_family_arm_m3_Hwi_dispatchTable                 
20002948  udmaObjects                                                
20002999  driverlib_release_0_47020                                  
2000299a  heapStart                                                  
20004200  __stack                                                    
20004200  heapEnd                                                    
20004400  __STACK_END                                                
20004400  __STACK_TOP                                                
20004f2c  A4_rw                                                      
20004f2c  COMMON_RAM_BASE_ADDR                                       
20004f40  P2_rw                                                      
20004f40  P2_s0                                                      
20004f40  eccRom_windowSize                                          
20004f44  eccRom_workzone                                            
20004f48  eccRom_param_p                                             
20004f4c  eccRom_param_r                                             
20004f50  eccRom_param_a                                             
20004f54  inScalar                                                   
20004f58  inPointX                                                   
20004f5c  inPointY                                                   
20004f60  outPointX                                                  
20004f64  outPointY                                                  
20004f68  SCAL                                                       
20004f6c  EXPX                                                       
20004f70  EXPY                                                       
20004f74  EXPZ                                                       
20004f78  EXPW                                                       
20004f7c  ACCX                                                       
20004f80  ACCY                                                       
20004f84  ACCZ                                                       
20004f88  TMP1                                                       
20004f8c  TMP2                                                       
20004f90  TMP3                                                       
20004f94  TMP4                                                       
20004f98  TMP5                                                       
20004f9c  TMP6                                                       
20004fa0  eccRom_param_Gx                                            
20004fa4  eccRom_param_Gy                                            
20004fa8  eccRom_param_b                                             
20004fac  P2_zi                                                      
20004fac  ratChanInfo                                                
20004fcc  fwInfoCmd                                                  
20004fd8  MSBMOD                                                     
20004fdc  aux64                                                      
20004fe4  MOD                                                        
20004fe8  LEN                                                        
20004ffc  pSspAesEncrypt_Sw                                          
e000e000  ti_sysbios_family_arm_m3_Hwi_nvic                          
ffffffff  __TI_pprof_out_hndl                                        
ffffffff  __TI_prof_data_size                                        
ffffffff  __TI_prof_data_start                                       
ffffffff  __binit__                                                  
ffffffff  __c_args__                                                 
ffffffff  binit                                                      
UNDEFED   SHT$$INIT_ARRAY$$Base                                      
UNDEFED   SHT$$INIT_ARRAY$$Limit                                     

[875 symbols]
