******************************************************************************
                  TI ARM Linker PC v16.9.1                     
******************************************************************************
>> Linked Fri Jun 29 15:14:19 2018

OUTPUT FILE NAME:   <sensortag_cc2650stk_stack.out>
ENTRY POINT SYMBOL: "startup_entry"  address: 00011001


MEMORY CONFIGURATION

         name            origin    length      used     unused   attr    fill
----------------------  --------  ---------  --------  --------  ----  --------
  FLASH                 00000000   0001f000  0000d9d0  00011630  R  X
  SRAM                  20000000   000048e7  000004e0  00004407  RW X


SEGMENT ALLOCATION MAP

run origin  load origin   length   init length attrs members
----------  ----------- ---------- ----------- ----- -------
00011000    00011000    0000d9d0   0000d9d0    r-x
  00011000    00011000    000002a8   000002a8    r-x EntrySection
  000112a8    000112a8    0000cbf4   0000cbf4    r-x .text
  0001de9c    0001de9c    000006f4   000006f4    r-- .const
  0001e590    0001e590    0000006e   0000006e    r-- .rodata
  0001e600    0001e600    000003d0   000003d0    r-- .cinit
20004400    20004400    000004e4   00000000    rw-
  20004400    20004400    00000144   00000000    rw- .bss
  20004548    20004548    0000039c   00000000    rw- .data


SECTION ALLOCATION MAP

 output                                  attributes/
section   page    origin      length       input sections
--------  ----  ----------  ----------   ----------------
EntrySection 
*          0    00011000    000002a8     
                  00011000    00000230     icall_startup.obj (EntrySection)
                  00011230    00000008     rtsv7M3_T_le_eabi.lib : autoinit.obj (.tramp.__TI_auto_init.1)
                  00011238    00000008     host_pxxx.a : l2cap_if.o (.tramp.L2CAP_SetUserConfig.1)
                  00011240    00000008     <whole-program> (.tramp.ICall_enrollService$21.1)
                  00011248    00000008     <whole-program> (.tramp.halAssertHandlerExt.1)
                  00011250    00000008     <whole-program> (.tramp.ICall_getTicks$14.1)
                  00011258    00000008     <whole-program> (.tramp.osal_mem_alloc.1)
                  00011260    00000008     <whole-program> (.tramp.osal_memset.1)
                  00011268    00000008     cc2640_ctrl_pxxx.a : ll_patch.o (.tramp.LL_Init.1)
                  00011270    00000008     cc26xx_hci_tl_none.a : hci_tl.o (.tramp.HCI_Init.1)
                  00011278    00000008     host_pxxx.a : l2cap_task.o (.tramp.L2CAP_Init.1)
                  00011280    00000008                 : gap_task.o (.tramp.GAP_Init.1)
                  00011288    00000008                 : sm_task.o (.tramp.SM_Init.1)
                  00011290    00000008                 : gatt_task.o (.tramp.GATT_Init.1)
                  00011298    00000008                 : gattservapp.o (.tramp.GATTServApp_Init.1)
                  000112a0    00000008     <whole-program> (.tramp.osal_start_system.1)

.text      0    000112a8    0000cbf4     
                  000112a8    000001ec     host_pxxx.a : att_server.o (.text)
                  00011494    000005cc                 : att_util.o (.text)
                  00011a60    00000348                 : gap_configmgr.o (.text)
                  00011da8    000000b0                 : gap_devmgr.o (.text)
                  00011e58    000009b8                 : gap_linkmgr.o (.text)
                  00012810    00000624                 : gap_peridevmgr.o (.text)
                  00012e34    00000110                 : gap_perilinkmgr.o (.text)
                  00012f44    000002ec                 : gap_task.o (.text)
                  00013230    0000032c                 : gapgattserver.o (.text)
                  0001355c    00000b16                 : gatt_server.o (.text)
                  00014072    00000002     onboard.obj (.text)
                  00014074    000002f6     host_pxxx.a : gatt_task.o (.text)
                  0001436a    00000002     rtsv7M3_T_le_eabi.lib : startup.obj (.text)
                  0001436c    0000013e     host_pxxx.a : gatt_uuid.o (.text)
                  000144aa    00000002     --HOLE-- [fill = 0]
                  000144ac    00000fcc                 : gattservapp.o (.text)
                  00015478    0000017e                 : l2cap_if.o (.text)
                  000155f6    00000002     --HOLE-- [fill = 0]
                  000155f8    000002b0                 : l2cap_task.o (.text)
                  000158a8    0000068c                 : l2cap_util.o (.text)
                  00015f34    000002ec                 : linkdb.o (.text)
                  00016220    000006a0                 : sm_mgr.o (.text)
                  000168c0    000007e4                 : sm_pairing.o (.text)
                  000170a4    00000570                 : sm_rsppairing.o (.text)
                  00017614    000000e8                 : sm_task.o (.text)
                  000176fc    0000039c                 : smp.o (.text)
                  00017a98    000004fc     cc2640_ctrl_pxxx.a : ble_patch.o (.text)
                  00017f94    000000a8                        : hci_data_patch.o (.text)
                  0001803c    0000058a                        : hci_event_patch.o (.text)
                  000185c6    00000002     --HOLE-- [fill = 0]
                  000185c8    00000308                        : hci_patch.o (.text)
                  000188d0    00000428                        : ll_adv_end_causes_patch.o (.text)
                  00018cf8    00000c08                        : ll_common_patch.o (.text)
                  00019900    0000014c                        : ll_enc_patch.o (.text)
                  00019a4c    00001720                        : ll_patch.o (.text)
                  0001b16c    00000010                        : ll_rat_patch.o (.text)
                  0001b17c    000001a8                        : ll_scheduler_patch.o (.text)
                  0001b324    000006fe                        : ll_slave_end_causes_patch.o (.text)
                  0001ba22    00000002     --HOLE-- [fill = 0]
                  0001ba24    00000046                        : ll_sleep.o (.text)
                  0001ba6a    000000ae                        : ll_wl_patch.o (.text)
                  0001bb18    000003c8                        : ll_isr.o (.text)
                  0001bee0    000000a8     cc26xx_hci_tl_none.a : hci_tl.o (.text)
                  0001bf88    00000070     rtsv7M3_T_le_eabi.lib : autoinit.obj (.text)
                  0001bff8    00000018                           : ll_mul_t2.obj (.text)
                  0001c010    0000009c                           : memcpy_t2.obj (.text)
                  0001c0ac    0000007a                           : memset_t2.obj (.text)
                  0001c126    000001f4                           : ull_div_t2.obj (.text)
                  0001c31a    0000000c     driverlib.lib : cpu.obj (.text:NOROM_CPUcpsie)
                  0001c326    0000000c                   : cpu.obj (.text:NOROM_CPUcpsid)
                  0001c332    00000002     --HOLE-- [fill = 0]
                  0001c334    000002f8     osal_timers.obj (.text)
                  0001c62c    00000036     rom_jt.obj (.text)
                  0001c662    00000002     --HOLE-- [fill = 0]
                  0001c664    00000078     hal_trng_wrapper.obj (.text)
                  0001c6dc    00000020     hal_assert.obj (.text)
                  0001c6fc    00000068     driverlib.lib : interrupt.obj (.text:NOROM_IntDisable)
                  0001c764    0000005c                   : interrupt.obj (.text:NOROM_IntEnable)
                  0001c7c0    000000c8     osal_bufmgr.obj (.text)
                  0001c888    00000650     osal.obj (.text)
                  0001ced8    00000188     osal_cbtimer.obj (.text)
                  0001d060    0000086a     ble_dispatch.obj (.text)
                  0001d8ca    00000008     osal_snv_wrapper.obj (.text)
                  0001d8d2    00000002     --HOLE-- [fill = 0]
                  0001d8d4    00000090     osal_pwrmgr.obj (.text)
                  0001d964    00000040     osal_memory_icall.obj (.text)
                  0001d9a4    00000038     osal_icall_ble.obj (.text)
                  0001d9dc    0000004c     rtsv7M3_T_le_eabi.lib : cpy_tbl.obj (.text)
                  0001da28    0000000c                           : copy_zero_init.obj (.text:decompress:ZI)
                  0001da34    0000000e                           : copy_decompress_none.obj (.text:decompress:none)
                  0001da42    00000068                           : copy_decompress_lzss.obj (.text:decompress:lzss)
                  0001daaa    00000002     --HOLE-- [fill = 0]
                  0001daac    00000060     gattservapp_util.obj (.text)
                  0001db0c    00000008     ble_rom_patch.symbols (.tramp.HCI_ReadBDADDRCmd.1)
                  0001db14    00000008     ble_rom_patch.symbols (.tramp.HCI_LE_SetRandomAddressCmd.1)
                  0001db1c    00000008     ble_rom_patch.symbols (.tramp.LL_ReadBDADDR.1)
                  0001db24    00000008     ble_rom_patch.symbols (.tramp.HCI_DisconnectCmd.1)
                  0001db2c    00000008     ble_rom_patch.symbols (.tramp.HCI_LE_SetAdvDataCmd.1)
                  0001db34    00000008     ble_rom_patch.symbols (.tramp.HCI_LE_SetScanRspDataCmd.1)
                  0001db3c    00000008     ble_rom_patch.symbols (.tramp.HCI_LE_SetAdvEnableCmd.1)
                  0001db44    00000008     ble_rom_patch.symbols (.tramp.HCI_LE_SetAdvParamCmd.1)
                  0001db4c    00000008     ble_rom_patch.symbols (.tramp.HCI_SetControllerToHostFlowCtrlCmd.1)
                  0001db54    00000008     ble_rom_patch.symbols (.tramp.HCI_HostBufferSizeCmd.1)
                  0001db5c    00000008     ble_rom_patch.symbols (.tramp.HCI_HostNumCompletedPktCmd.1)
                  0001db64    00000008     ble_rom_patch.symbols (.tramp.HCI_SendDataPkt.1)
                  0001db6c    00000008     ble_rom_patch.symbols (.tramp.HCI_bm_alloc.1)
                  0001db74    00000008     ble_rom_patch.symbols (.tramp.LL_Encrypt.1)
                  0001db7c    00000008     ble_rom_patch.symbols (.tramp.HCI_LE_LtkReqReplyCmd.1)
                  0001db84    00000008     ble_rom_patch.symbols (.tramp.HCI_LE_LtkReqNegReplyCmd.1)
                  0001db8c    00000008     ble_rom_patch.symbols (.tramp.llMemCopySrc.1)
                  0001db94    00000008     ble_rom_patch.symbols (.tramp.LL_ENC_ReverseBytes.1)
                  0001db9c    00000008     ble_rom_patch.symbols (.tramp.LL_ENC_GenDeviceSKD.1)
                  0001dba4    00000008     ble_rom_patch.symbols (.tramp.LL_ENC_GenDeviceIV.1)
                  0001dbac    00000008     ble_rom_patch.symbols (.tramp.llEnqueueCtrlPkt.1)
                  0001dbb4    00000008     ble_rom_patch.symbols (.tramp.llSetupUnknownRsp.1)
                  0001dbbc    00000008     ble_rom_patch.symbols (.tramp.LL_RX_bm_alloc.1)
                  0001dbc4    00000008     ble_rom_patch.symbols (.tramp.llPatchCM0.1)
                  0001dbcc    00000008     ble_rom_patch.symbols (.tramp.RFHAL_AllocRatChan.1)
                  0001dbd4    00000008     ble_rom_patch.symbols (.tramp.RFHAL_RegisterRatChanCallback.1)
                  0001dbdc    00000008     ble_rom_patch.symbols (.tramp.LL_CtrlToHostFlowControl.1)
                  0001dbe4    00000008     ble_rom_patch.symbols (.tramp.HCI_SendCommandCompleteEvent.1)
                  0001dbec    00000008     ble_rom_patch.symbols (.tramp.HCI_CommandCompleteEvent.1)
                  0001dbf4    00000008     ble_rom_patch.symbols (.tramp.HCI_CommandStatusEvent.1)
                  0001dbfc    00000008     ble_rom_patch.symbols (.tramp.LL_EXT_ResetSystem.1)
                  0001dc04    00000008     ble_rom_patch.symbols (.tramp.LL_ReadLocalVersionInfo.1)
                  0001dc0c    00000008     ble_rom_patch.symbols (.tramp.llFreeTask.1)
                  0001dc14    00000008     ble_rom_patch.symbols (.tramp.LL_ENC_GeneratePseudoRandNum.1)
                  0001dc1c    00000008     ble_rom_patch.symbols (.tramp.llScheduler.1)
                  0001dc24    00000008     ble_rom_patch.symbols (.tramp.llConvertLstoToEvent.1)
                  0001dc2c    00000008     ble_rom_patch.symbols (.tramp.llConvertCtrlProcTimeoutToEvent.1)
                  0001dc34    00000008     ble_rom_patch.symbols (.tramp.llCalcScaFactor.1)
                  0001dc3c    00000008     ble_rom_patch.symbols (.tramp.llConnTerminate.1)
                  0001dc44    00000008     ble_rom_patch.symbols (.tramp.RFHAL_InitDataQueue.1)
                  0001dc4c    00000008     ble_rom_patch.symbols (.tramp.llEventDelta.1)
                  0001dc54    00000008     ble_rom_patch.symbols (.tramp.LL_TX_bm_alloc.1)
                  0001dc5c    00000008     ble_rom_patch.symbols (.tramp.RFHAL_FreeNextTxDataEntry.1)
                  0001dc64    00000008     ble_rom_patch.symbols (.tramp.RFHAL_GetNextDataEntry.1)
                  0001dc6c    00000008     ble_rom_patch.symbols (.tramp.RFHAL_GetTempDataEntry.1)
                  0001dc74    00000008     ble_rom_patch.symbols (.tramp.llReleaseConnId.1)
                  0001dc7c    00000008     ble_rom_patch.symbols (.tramp.llTimeCompare.1)
                  0001dc84    00000008     ble_rom_patch.symbols (.tramp.llGetCurrentTask.1)
                  0001dc8c    00000008     ble_rom_patch.symbols (.tramp.llTimeDelta.1)
                  0001dc94    00000008     ble_rom_patch.symbols (.tramp.llSetupRejectInd.1)
                  0001dc9c    00000008     ble_rom_patch.symbols (.tramp.LL_ENC_Init.1)
                  0001dca4    00000008     ble_rom_patch.symbols (.tramp.LL_ENC_LoadKey.1)
                  0001dcac    00000008     ble_rom_patch.symbols (.tramp.LL_ENC_GenerateNonce.1)
                  0001dcb4    00000008     ble_rom_patch.symbols (.tramp.LL_ENC_EncryptMsg.1)
                  0001dcbc    00000008     ble_rom_patch.symbols (.tramp.LL_ENC_DecryptMsg.1)
                  0001dcc4    00000008     ble_rom_patch.symbols (.tramp.LL_ENC_GenerateTrueRandNum.1)
                  0001dccc    00000008     ble_rom_patch.symbols (.tramp.WL_Init.1)
                  0001dcd4    00000008     ble_rom_patch.symbols (.tramp.LL_ClearWhiteList.1)
                  0001dcdc    00000008     ble_rom_patch.symbols (.tramp.llReleaseAllConnId.1)
                  0001dce4    00000008     ble_rom_patch.symbols (.tramp.LL_ConnActive.1)
                  0001dcec    00000008     ble_rom_patch.symbols (.tramp.HCI_DataBufferOverflowEvent.1)
                  0001dcf4    00000008     ble_rom_patch.symbols (.tramp.LL_DirectTestEndDoneCback.1)
                  0001dcfc    00000008     ble_rom_patch.symbols (.tramp.llGetActiveTasks.1)
                  0001dd04    00000008     ble_rom_patch.symbols (.tramp.llSetupAdv.1)
                  0001dd0c    00000008     ble_rom_patch.symbols (.tramp.llGetNumTasks.1)
                  0001dd14    00000008     ble_rom_patch.symbols (.tramp.llCheckForLstoDuringSL.1)
                  0001dd1c    00000008     ble_rom_patch.symbols (.tramp.llEventInRange.1)
                  0001dd24    00000008     ble_rom_patch.symbols (.tramp.LL_EncLtkReqCback.1)
                  0001dd2c    00000008     ble_rom_patch.symbols (.tramp.llSetupEncRsp.1)
                  0001dd34    00000008     ble_rom_patch.symbols (.tramp.LL_ENC_AES128_Encrypt.1)
                  0001dd3c    00000008     ble_rom_patch.symbols (.tramp.LL_EncKeyRefreshCback.1)
                  0001dd44    00000008     ble_rom_patch.symbols (.tramp.LL_EncChangeCback.1)
                  0001dd4c    00000008     ble_rom_patch.symbols (.tramp.llSetupStartEncRsp.1)
                  0001dd54    00000008     ble_rom_patch.symbols (.tramp.llSetupPauseEncRsp.1)
                  0001dd5c    00000008     ble_rom_patch.symbols (.tramp.LL_ReadRemoteVersionInfoCback.1)
                  0001dd64    00000008     ble_rom_patch.symbols (.tramp.llSetupVersionIndReq.1)
                  0001dd6c    00000008     ble_rom_patch.symbols (.tramp.llMoveTempTxDataEntries.1)
                  0001dd74    00000008     ble_rom_patch.symbols (.tramp.WL_ClearEntry.1)
                  0001dd7c    00000008     ble_rom_patch.symbols (.tramp.RFHAL_NextDataEntryDone.1)
                  0001dd84    00000008     ble_rom_patch.symbols (.tramp.LL_PseudoRand.1)
                  0001dd8c    00000008     ble_rom_patch.symbols (.tramp.HCI_EXT_NumComplPktsLimitCmd.1)
                  0001dd94    00000008     ble_rom_patch.symbols (.tramp.HCI_EXT_BuildRevisionCmd.1)
                  0001dd9c    00000008     ble_rom_patch.symbols (.tramp.HCI_EXT_SetSlaveLatencyOverrideCmd.1)
                  0001dda4    00000008     ble_rom_patch.symbols (.tramp.HCI_EXT_AdvEventNoticeCmd.1)
                  0001ddac    00000008     ble_rom_patch.symbols (.tramp.HCI_EXT_PERbyChanCmd.1)
                  0001ddb4    00000008     ble_rom_patch.symbols (.tramp.HCI_EXT_PacketErrorRateCmd.1)
                  0001ddbc    00000008     ble_rom_patch.symbols (.tramp.HCI_EXT_DisconnectImmedCmd.1)
                  0001ddc4    00000008     ble_rom_patch.symbols (.tramp.HCI_EXT_SetMaxDtmTxPowerCmd.1)
                  0001ddcc    00000008     ble_rom_patch.symbols (.tramp.HCI_EXT_EnablePTMCmd.1)
                  0001ddd4    00000008     ble_rom_patch.symbols (.tramp.HCI_EXT_SetSCACmd.1)
                  0001dddc    00000008     ble_rom_patch.symbols (.tramp.HCI_EXT_SetBDADDRCmd.1)
                  0001dde4    00000008     ble_rom_patch.symbols (.tramp.HCI_EXT_EndModemTestCmd.1)
                  0001ddec    00000008     ble_rom_patch.symbols (.tramp.HCI_EXT_ModemTestRxCmd.1)
                  0001ddf4    00000008     ble_rom_patch.symbols (.tramp.HCI_EXT_ModemHopTestTxCmd.1)
                  0001ddfc    00000008     ble_rom_patch.symbols (.tramp.HCI_EXT_ModemTestTxCmd.1)
                  0001de04    00000008     ble_rom_patch.symbols (.tramp.HCI_EXT_SetFastTxResponseTimeCmd.1)
                  0001de0c    00000008     ble_rom_patch.symbols (.tramp.HCI_EXT_SetLocalSupportedFeaturesCmd.1)
                  0001de14    00000008     ble_rom_patch.symbols (.tramp.HCI_EXT_DecryptCmd.1)
                  0001de1c    00000008     ble_rom_patch.symbols (.tramp.HCI_EXT_OnePktPerEvtCmd.1)
                  0001de24    00000008     ble_rom_patch.symbols (.tramp.HCI_EXT_SetTxPowerCmd.1)
                  0001de2c    00000008     ble_rom_patch.symbols (.tramp.HCI_LE_TestEndCmd.1)
                  0001de34    00000008     ble_rom_patch.symbols (.tramp.HCI_LE_ReadSupportedStatesCmd.1)
                  0001de3c    00000008     ble_rom_patch.symbols (.tramp.HCI_LE_EncryptCmd.1)
                  0001de44    00000008     ble_rom_patch.symbols (.tramp.HCI_LE_ReadChannelMapCmd.1)
                  0001de4c    00000008     ble_rom_patch.symbols (.tramp.HCI_LE_RemoveWhiteListCmd.1)
                  0001de54    00000008     ble_rom_patch.symbols (.tramp.HCI_LE_AddWhiteListCmd.1)
                  0001de5c    00000008     ble_rom_patch.symbols (.tramp.HCI_LE_ClearWhiteListCmd.1)
                  0001de64    00000008     ble_rom_patch.symbols (.tramp.HCI_LE_ReadWhiteListSizeCmd.1)
                  0001de6c    00000008     ble_rom_patch.symbols (.tramp.HCI_LE_ReadAdvChanTxPowerCmd.1)
                  0001de74    00000008     ble_rom_patch.symbols (.tramp.HCI_LE_ReadLocalSupportedFeaturesCmd.1)
                  0001de7c    00000008     ble_rom_patch.symbols (.tramp.HCI_ReadLocalSupportedFeaturesCmd.1)
                  0001de84    00000008     ble_rom_patch.symbols (.tramp.HCI_ReadTransmitPowerLevelCmd.1)
                  0001de8c    00000008     ble_rom_patch.symbols (.tramp.HCI_SetEventMaskCmd.1)
                  0001de94    00000008     ble_rom_patch.symbols (.tramp.HCI_ReadRemoteVersionInfoCmd.1)

.const     0    0001de9c    000006f4     
                  0001de9c    00000024     osal_icall_ble.obj (.const:tasksArr)
                  0001dec0    000006d0     rom_jt.obj (.const:$O11$$)

.constdata 
*          0    0001e590    00000000     UNINITIALIZED

.rodata    0    0001e590    0000006e     
                  0001e590    00000008     host_pxxx.a : gapgattserver.o (.rodata)
                  0001e598    00000008                 : gattservapp.o (.rodata)
                  0001e5a0    0000005c     cc2640_ctrl_pxxx.a : ll_config.o (.rodata)
                  0001e5fc    00000002                        : ll_patch.o (.rodata)

.cinit     0    0001e600    000003d0     
                  0001e600    0000000c     (__TI_handler_table)
                  0001e60c    00000010     (__TI_cinit_table)
                  0001e61c    00000004     --HOLE-- [fill = 0]
                  0001e620    000003a4     (.cinit..data.load) [load image]
                  0001e9c4    00000004     --HOLE-- [fill = 0]
                  0001e9c8    00000008     (.cinit..bss.load) [load image, compression = zero_init]

.pinit     0    0001e9d0    00000000     UNINITIALIZED

.init_array 
*          0    0001e9d0    00000000     UNINITIALIZED

.emb_text 
*          0    0001e9d0    00000000     UNINITIALIZED

.bss       0    20004400    00000144     UNINITIALIZED
                  20004400    00000004     host_pxxx.a : att_server.o (.bss)
                  20004404    00000004                 : gap_devmgr.o (.bss)
                  20004408    00000004                 : gap_devmgr.o (.bss)
                  2000440c    00000001                 : gap_devmgr.o (.bss)
                  2000440d    00000002                 : gatt_task.o (.bss)
                  2000440f    00000001                 : l2cap_if.o (.bss)
                  20004410    00000004                 : gap_linkmgr.o (.bss)
                  20004414    00000004                 : gap_task.o (.bss)
                  20004418    00000004                 : gapgattserver.o (.bss)
                  2000441c    00000004                 : gatt_server.o (.bss)
                  20004420    00000008                 : gatt_task.o (.bss)
                  20004428    00000024                 : gattservapp.o (.bss)
                  2000444c    00000004                 : gattservapp.o (.bss)
                  20004450    00000030                 : l2cap_task.o (.bss)
                  20004480    00000001                 : l2cap_util.o (.bss)
                  20004481    00000001                 : sm_task.o (.bss)
                  20004482    00000002     cc2640_ctrl_pxxx.a : ll_slave_end_causes_patch.o (.bss)
                  20004484    00000038     host_pxxx.a : linkdb.o (.bss)
                  200044bc    0000000c                 : sm_pairing.o (.bss)
                  200044c8    00000010     cc2640_ctrl_pxxx.a : hci_event_patch.o (.bss)
                  200044d8    00000008                        : ll_patch.o (.bss)
                  200044e0    00000001     cc26xx_hci_tl_none.a : hci_tl.o (.bss)
                  200044e1    00000001                          : hci_tl.o (.bss)
                  200044e2    00000001                          : hci_tl.o (.bss)
                  200044e3    00000001                          : hci_tl.o (.bss)
                  200044e4    00000001                          : hci_tl.o (.bss)
                  200044e5    00000001                          : hci_tl.o (.bss)
                  200044e6    00000002     --HOLE--
                  200044e8    00000004     hal_trng_wrapper.obj (.bss)
                  200044ec    0000003c     ble_dispatch.obj (.bss:$O3$$)
                  20004528    0000000c     osal_timers.obj (.bss:$O8$$)
                  20004534    0000000c     icall_startup.obj (.bss:$O10$$)
                  20004540    00000004     (.common:tasksEvents)

.data      0    20004548    0000039c     UNINITIALIZED
                  20004548    0000002c     host_pxxx.a : gap_configmgr.o (.data)
                  20004574    00000050                 : gap_configmgr.o (.data)
                  200045c4    0000001c                 : gap_linkmgr.o (.data)
                  200045e0    0000001c                 : gap_peridevmgr.o (.data)
                  200045fc    00000004                 : gap_perilinkmgr.o (.data)
                  20004600    0000000c                 : gap_task.o (.data)
                  2000460c    00000001                 : gapgattserver.o (.data)
                  2000460d    00000001                 : gapgattserver.o (.data)
                  2000460e    00000001                 : gapgattserver.o (.data)
                  2000460f    00000001                 : gatt_server.o (.data)
                  20004610    00000024                 : gapgattserver.o (.data)
                  20004634    00000070                 : gapgattserver.o (.data)
                  200046a4    00000008                 : gatt_server.o (.data)
                  200046ac    00000001                 : gatt_task.o (.data)
                  200046ad    00000001                 : gattservapp.o (.data)
                  200046ae    00000002                 : l2cap_task.o (.data)
                  200046b0    00000010                 : gattservapp.o (.data)
                  200046c0    00000008                 : l2cap_task.o (.data)
                  200046c8    00000010                 : sm_rsppairing.o (.data)
                  200046d8    0000000c     cc2640_ctrl_pxxx.a : ll_common_patch.o (.data)
                  200046e4    00000020                        : ll_config.o (.data)
                  20004704    00000004     osal_bufmgr.obj (.data)
                  20004708    00000120     cc2640_ctrl_pxxx.a : ll_patch.o (.data)
                  20004828    00000008     hal_assert.obj (.data:$O1$$)
                  20004830    0000002c     osal.obj (.data:$O4$$)
                  2000485c    0000007c     osal_cbtimer.obj (.data:$O5$$)
                  200048d8    00000008     osal_clock.obj (.data:$O6$$)
                  200048e0    00000004     osal_pwrmgr.obj (.data:$O7$$)

MODULE SUMMARY

       Module                        code    ro data   rw data
       ------                        ----    -------   -------
    .\HAL\Common\
       hal_assert.obj                32      0         8      
    +--+-----------------------------+-------+---------+---------+
       Total:                        32      0         8      
                                                              
    .\HAL\Target\CC2650\Drivers\
       hal_trng_wrapper.obj          120     0         4      
    +--+-----------------------------+-------+---------+---------+
       Total:                        120     0         4      
                                                              
    .\ICallBLE\
       ble_dispatch.obj              2154    0         60     
    +--+-----------------------------+-------+---------+---------+
       Total:                        2154    0         60     
                                                              
    .\OSAL\
       osal.obj                      1616    0         44     
       osal_timers.obj               760     0         12     
       osal_cbtimer.obj              392     0         124    
       osal_bufmgr.obj               200     0         4      
       osal_pwrmgr.obj               144     0         4      
       osal_memory_icall.obj         64      0         0      
       osal_clock.obj                0       0         8      
       osal_snv_wrapper.obj          8       0         0      
    +--+-----------------------------+-------+---------+---------+
       Total:                        3184    0         196    
                                                              
    .\PROFILES\
       gattservapp_util.obj          96      0         0      
    +--+-----------------------------+-------+---------+---------+
       Total:                        96      0         0      
                                                              
    .\Startup\
       rom_jt.obj                    54      1744      0      
       icall_startup.obj             560     0         12     
       osal_icall_ble.obj            56      36        0      
    +--+-----------------------------+-------+---------+---------+
       Total:                        670     1780      12     
                                                              
    .\TOOLS\
       onboard.obj                   2       0         0      
    +--+-----------------------------+-------+---------+---------+
       Total:                        2       0         0      
                                                              
    C:\Users\Elis\AppData\Local\Temp\
       127522                        48      0         4      
    +--+-----------------------------+-------+---------+---------+
       Total:                        48      0         4      
                                                              
    C:\Users\Elis\Desktop\HIS\SOSE2018\SSNS\Project\Source_Code\SSNS\SSNS\source\sensortag\ble_sdk_2_02_02_25\src\rom\ble_rom_releases\04242014\
       ble_rom_patch.symbols         912     0         0      
    +--+-----------------------------+-------+---------+---------+
       Total:                        912     0         0      
                                                              
    C:/ti/tirtos_cc13xx_cc26xx_2_21_01_08/products/cc26xxware_2_24_03_17272/driverlib/bin/ccs/driverlib.lib
       interrupt.obj                 196     0         0      
       cpu.obj                       24      0         0      
    +--+-----------------------------+-------+---------+---------+
       Total:                        220     0         0      
                                                              
    C:\Users\Elis\Desktop\HIS\SOSE2018\SSNS\Project\Source_Code\SSNS\SSNS\source\sensortag\ble_sdk_2_02_02_25\blelib\ctrl\cc2640\cc2640_ctrl_pxxx.a
       ll_patch.o                    5928    2         296    
       ll_common_patch.o             3080    0         12     
       ll_slave_end_causes_patch.o   1790    0         2      
       hci_event_patch.o             1418    0         16     
       ble_patch.o                   1276    0         0      
       ll_adv_end_causes_patch.o     1064    0         0      
       ll_isr.o                      968     0         0      
       hci_patch.o                   776     0         0      
       ll_scheduler_patch.o          424     0         0      
       ll_enc_patch.o                332     0         0      
       ll_wl_patch.o                 174     0         0      
       hci_data_patch.o              168     0         0      
       ll_config.o                   0       92        32     
       ll_sleep.o                    70      0         0      
       ll_rat_patch.o                16      0         0      
    +--+-----------------------------+-------+---------+---------+
       Total:                        17484   94        358    
                                                              
    C:\Users\Elis\Desktop\HIS\SOSE2018\SSNS\Project\Source_Code\SSNS\SSNS\source\sensortag\ble_sdk_2_02_02_25\blelib\hci_tl\cc26xx\cc26xx_hci_tl_none.a
       hci_tl.o                      176     0         6      
    +--+-----------------------------+-------+---------+---------+
       Total:                        176     0         6      
                                                              
    C:\Users\Elis\Desktop\HIS\SOSE2018\SSNS\Project\Source_Code\SSNS\SSNS\source\sensortag\ble_sdk_2_02_02_25\blelib\host\host_pxxx.a
       gattservapp.o                 4052    8         57     
       gatt_server.o                 2838    0         13     
       gap_linkmgr.o                 2488    0         32     
       sm_pairing.o                  2020    0         12     
       sm_mgr.o                      1696    0         0      
       l2cap_util.o                  1676    0         1      
       gap_peridevmgr.o              1572    0         28     
       att_util.o                    1484    0         0      
       sm_rsppairing.o               1392    0         16     
       gapgattserver.o               812     8         155    
       gap_configmgr.o               840     0         124    
       smp.o                         924     0         0      
       linkdb.o                      748     0         56     
       gatt_task.o                   766     0         11     
       gap_task.o                    756     0         16     
       l2cap_task.o                  696     0         58     
       att_server.o                  492     0         4      
       l2cap_if.o                    390     0         1      
       gatt_uuid.o                   318     0         0      
       gap_perilinkmgr.o             272     0         4      
       sm_task.o                     240     0         1      
       gap_devmgr.o                  176     0         9      
    +--+-----------------------------+-------+---------+---------+
       Total:                        26648   16        598    
                                                              
    C:\ti\ccsv7\tools\compiler\ti-cgt-arm_16.9.1.LTS\lib\rtsv7M3_T_le_eabi.lib
       ull_div_t2.obj                500     0         0      
       memcpy_t2.obj                 156     0         0      
       memset_t2.obj                 122     0         0      
       autoinit.obj                  120     0         0      
       copy_decompress_lzss.obj      104     0         0      
       cpy_tbl.obj                   76      0         0      
       ll_mul_t2.obj                 24      0         0      
       copy_decompress_none.obj      14      0         0      
       copy_zero_init.obj            12      0         0      
       startup.obj                   2       0         0      
    +--+-----------------------------+-------+---------+---------+
       Total:                        1130    0         0      
                                                              
       Linker Generated:             0       968       0      
    +--+-----------------------------+-------+---------+---------+
       Grand Total:                  52876   2858      1246   


LINKER GENERATED COPY TABLES

__TI_cinit_table @ 0001e60c records: 2, size/record: 8, table size: 16
	.data: load addr=0001e620, load size=000003a4 bytes, run addr=20004548, run size=0000039c bytes, compression=copy
	.bss: load addr=0001e9c8, load size=00000008 bytes, run addr=20004400, run size=00000144 bytes, compression=zero_init


LINKER GENERATED HANDLER TABLE

__TI_handler_table @ 0001e600 records: 3, size/record: 4, table size: 12
	index: 0, handler: __TI_decompress_lzss
	index: 1, handler: __TI_decompress_none
	index: 2, handler: __TI_zero_init


FAR CALL TRAMPOLINES

callee name               trampoline name
   callee addr  tramp addr   call addr  call info
--------------  -----------  ---------  ----------------
__TI_auto_init            $Tramp$TT$S$$__TI_auto_init
   0001bf89     00011230     0001100c   icall_startup.obj (EntrySection)
L2CAP_SetUserConfig       $Tramp$TT$S$$L2CAP_SetUserConfig
   000155f5     00011238     0001106c   icall_startup.obj (EntrySection)
ICall_enrollService$21    $Tramp$TT$S$$ICall_enrollService$21
   0001d9a5     00011240     000110c6   icall_startup.obj (EntrySection)
                             0001118c   icall_startup.obj (EntrySection)
halAssertHandlerExt       $Tramp$TT$S$$halAssertHandlerExt
   0001c6e1     00011248     000110d8   icall_startup.obj (EntrySection)
ICall_getTicks$14         $Tramp$TT$S$$ICall_getTicks$14
   0001c3bd     00011250     000110fe   icall_startup.obj (EntrySection)
osal_mem_alloc            $Tramp$TT$S$$osal_mem_alloc
   0001d965     00011258     0001110e   icall_startup.obj (EntrySection)
                             0001112a   icall_startup.obj (EntrySection)
osal_memset               $Tramp$TT$S$$osal_memset
   0001c889     00011260     00011118   icall_startup.obj (EntrySection)
                             00011124   icall_startup.obj (EntrySection)
                             00011138   icall_startup.obj (EntrySection)
                             0001115c   icall_startup.obj (EntrySection)
LL_Init                   $Tramp$TT$S$$LL_Init
   0001a101     00011268     0001113e   icall_startup.obj (EntrySection)
HCI_Init                  $Tramp$TT$S$$HCI_Init
   0001bee1     00011270     00011144   icall_startup.obj (EntrySection)
L2CAP_Init                $Tramp$TT$S$$L2CAP_Init
   000155f9     00011278     00011162   icall_startup.obj (EntrySection)
GAP_Init                  $Tramp$TT$S$$GAP_Init
   00012f4b     00011280     00011168   icall_startup.obj (EntrySection)
SM_Init                   $Tramp$TT$S$$SM_Init
   00017615     00011288     0001116e   icall_startup.obj (EntrySection)
GATT_Init                 $Tramp$TT$S$$GATT_Init
   000140bb     00011290     00011174   icall_startup.obj (EntrySection)
GATTServApp_Init          $Tramp$TT$S$$GATTServApp_Init
   000144b5     00011298     0001117a   icall_startup.obj (EntrySection)
osal_start_system         $Tramp$TT$S$$osal_start_system
   0001cc85     000112a0     000111de   icall_startup.obj (EntrySection)
HCI_ReadBDADDRCmd         $Tramp$TT$L$PI$$HCI_ReadBDADDRCmd
   10009765     0001db0c     00011aa2   host_pxxx.a : gap_configmgr.o (.text)
                             0001d81c   ble_dispatch.obj (.text)
HCI_LE_SetRandomAddressCmd  $Tramp$TT$L$PI$$HCI_LE_SetRandomAddressCmd
   10009849     0001db14     00011c72   host_pxxx.a : gap_configmgr.o (.text)
LL_ReadBDADDR             $Tramp$TT$L$PI$$LL_ReadBDADDR
   100056c9     0001db1c     00011d40   host_pxxx.a : gap_configmgr.o (.text)
HCI_DisconnectCmd         $Tramp$TT$L$PI$$HCI_DisconnectCmd
   10009525     0001db24     00011ec2   host_pxxx.a : gap_linkmgr.o (.text)
                             0001246e               : gap_linkmgr.o (.text)
HCI_LE_SetAdvDataCmd      $Tramp$TT$L$PI$$HCI_LE_SetAdvDataCmd
   100098a1     0001db2c     000128f8   host_pxxx.a : gap_peridevmgr.o (.text)
                             00012d90               : gap_peridevmgr.o (.text)
HCI_LE_SetScanRspDataCmd  $Tramp$TT$L$PI$$HCI_LE_SetScanRspDataCmd
   100098bd     0001db34     00012902   host_pxxx.a : gap_peridevmgr.o (.text)
                             00012d9a               : gap_peridevmgr.o (.text)
HCI_LE_SetAdvEnableCmd    $Tramp$TT$L$PI$$HCI_LE_SetAdvEnableCmd
   100098d9     0001db3c     00012952   host_pxxx.a : gap_peridevmgr.o (.text)
                             00012b20               : gap_peridevmgr.o (.text)
HCI_LE_SetAdvParamCmd     $Tramp$TT$L$PI$$HCI_LE_SetAdvParamCmd
   1000986d     0001db44     00012c68   host_pxxx.a : gap_peridevmgr.o (.text)
HCI_SetControllerToHostFlowCtrlCmd  $Tramp$TT$L$PI$$HCI_SetControllerToHostFlowCtrlCmd
   100095f5     0001db4c     00015588   host_pxxx.a : l2cap_if.o (.text)
                             000155a8               : l2cap_if.o (.text)
HCI_HostBufferSizeCmd     $Tramp$TT$L$PI$$HCI_HostBufferSizeCmd
   10009631     0001db54     0001559e   host_pxxx.a : l2cap_if.o (.text)
HCI_HostNumCompletedPktCmd  $Tramp$TT$L$PI$$HCI_HostNumCompletedPktCmd
   1000965d     0001db5c     000155bc   host_pxxx.a : l2cap_if.o (.text)
HCI_SendDataPkt           $Tramp$TT$L$PI$$HCI_SendDataPkt
   100094e9     0001db64     00015a98   host_pxxx.a : l2cap_util.o (.text)
HCI_bm_alloc              $Tramp$TT$L$PI$$HCI_bm_alloc
   100094a1     0001db6c     00015f1a   host_pxxx.a : l2cap_util.o (.text)
                             00019210   cc2640_ctrl_pxxx.a : ll_common_patch.o (.text)
LL_Encrypt                $Tramp$TT$L$PI$$LL_Encrypt
   100057d5     0001db74     00016544   host_pxxx.a : sm_mgr.o (.text)
HCI_LE_LtkReqReplyCmd     $Tramp$TT$L$PI$$HCI_LE_LtkReqReplyCmd
   10009bc5     0001db7c     0001715c   host_pxxx.a : sm_rsppairing.o (.text)
HCI_LE_LtkReqNegReplyCmd  $Tramp$TT$L$PI$$HCI_LE_LtkReqNegReplyCmd
   10009be1     0001db84     00017176   host_pxxx.a : sm_rsppairing.o (.text)
llMemCopySrc              $Tramp$TT$L$PI$$llMemCopySrc
   100089d9     0001db8c     00017b00   cc2640_ctrl_pxxx.a : ble_patch.o (.text)
                             00017b0c                      : ble_patch.o (.text)
                             00017b18                      : ble_patch.o (.text)
                             00017b24                      : ble_patch.o (.text)
                             00017b48                      : ble_patch.o (.text)
                             00017b88                      : ble_patch.o (.text)
                             00017b94                      : ble_patch.o (.text)
                             00017be8                      : ble_patch.o (.text)
                             00017bf4                      : ble_patch.o (.text)
                             00017c02                      : ble_patch.o (.text)
                             00017c1a                      : ble_patch.o (.text)
                             00017cce                      : ble_patch.o (.text)
                             00017cdc                      : ble_patch.o (.text)
LL_ENC_ReverseBytes       $Tramp$TT$L$PI$$LL_ENC_ReverseBytes
   1000b4ed     0001db94     00017c0c   cc2640_ctrl_pxxx.a : ble_patch.o (.text)
                             00017c22                      : ble_patch.o (.text)
LL_ENC_GenDeviceSKD       $Tramp$TT$L$PI$$LL_ENC_GenDeviceSKD
   1000b541     0001db9c     00017c2a   cc2640_ctrl_pxxx.a : ble_patch.o (.text)
LL_ENC_GenDeviceIV        $Tramp$TT$L$PI$$LL_ENC_GenDeviceIV
   1000b555     0001dba4     00017c32   cc2640_ctrl_pxxx.a : ble_patch.o (.text)
llEnqueueCtrlPkt          $Tramp$TT$L$PI$$llEnqueueCtrlPkt
   100080bd     0001dbac     00017c68   cc2640_ctrl_pxxx.a : ble_patch.o (.text)
                             00017cf0                      : ble_patch.o (.text)
                             0001a6e8                      : ll_patch.o (.text)
llSetupUnknownRsp         $Tramp$TT$L$PI$$llSetupUnknownRsp
   10008069     0001dbb4     00017d04   cc2640_ctrl_pxxx.a : ble_patch.o (.text)
                             0001b7c0                      : ll_slave_end_causes_patch.o (.text)
LL_RX_bm_alloc            $Tramp$TT$L$PI$$LL_RX_bm_alloc
   1000556d     0001dbbc     00017d92   cc2640_ctrl_pxxx.a : ble_patch.o (.text)
                             00017dd4                      : ble_patch.o (.text)
                             00019304                      : ll_common_patch.o (.text)
llPatchCM0                $Tramp$TT$L$PI$$llPatchCM0
   1000adb1     0001dbc4     00017e4c   cc2640_ctrl_pxxx.a : ble_patch.o (.text)
RFHAL_AllocRatChan        $Tramp$TT$L$PI$$RFHAL_AllocRatChan
   10018315     0001dbcc     00017e50   cc2640_ctrl_pxxx.a : ble_patch.o (.text)
RFHAL_RegisterRatChanCallback  $Tramp$TT$L$PI$$RFHAL_RegisterRatChanCallback
   10018391     0001dbd4     00017e5c   cc2640_ctrl_pxxx.a : ble_patch.o (.text)
LL_CtrlToHostFlowControl  $Tramp$TT$L$PI$$LL_CtrlToHostFlowControl
   100058d5     0001dbdc     00017fb6   cc2640_ctrl_pxxx.a : hci_data_patch.o (.text)
HCI_SendCommandCompleteEvent  $Tramp$TT$L$PI$$HCI_SendCommandCompleteEvent
   10008c81     0001dbe4     00018526   cc2640_ctrl_pxxx.a : hci_event_patch.o (.text)
HCI_CommandCompleteEvent  $Tramp$TT$L$PI$$HCI_CommandCompleteEvent
   10008add     0001dbec     00018632   cc2640_ctrl_pxxx.a : hci_patch.o (.text)
                             000186ee                      : hci_patch.o (.text)
                             00018720                      : hci_patch.o (.text)
                             00018856                      : hci_patch.o (.text)
                             00018884                      : hci_patch.o (.text)
HCI_CommandStatusEvent    $Tramp$TT$L$PI$$HCI_CommandStatusEvent
   10008ba1     0001dbf4     0001870a   cc2640_ctrl_pxxx.a : hci_patch.o (.text)
                             0001877c                      : hci_patch.o (.text)
LL_EXT_ResetSystem        $Tramp$TT$L$PI$$LL_EXT_ResetSystem
   100070d5     0001dbfc     00018794   cc2640_ctrl_pxxx.a : hci_patch.o (.text)
LL_ReadLocalVersionInfo   $Tramp$TT$L$PI$$LL_ReadLocalVersionInfo
   1000589d     0001dc04     00018814   cc2640_ctrl_pxxx.a : hci_patch.o (.text)
llFreeTask                $Tramp$TT$L$PI$$llFreeTask
   1000abed     0001dc0c     000188f0   cc2640_ctrl_pxxx.a : ll_adv_end_causes_patch.o (.text)
                             00018a0c                      : ll_adv_end_causes_patch.o (.text)
                             0001908e                      : ll_common_patch.o (.text)
                             0001af6c                      : ll_patch.o (.text)
LL_ENC_GeneratePseudoRandNum  $Tramp$TT$L$PI$$LL_ENC_GeneratePseudoRandNum
   1000b50d     0001dc14     00018904   cc2640_ctrl_pxxx.a : ll_adv_end_causes_patch.o (.text)
                             0001899c                      : ll_adv_end_causes_patch.o (.text)
llScheduler               $Tramp$TT$L$PI$$llScheduler
   1000a335     0001dc1c     0001892e   cc2640_ctrl_pxxx.a : ll_adv_end_causes_patch.o (.text)
                             000189d6                      : ll_adv_end_causes_patch.o (.text)
                             00018cb2                      : ll_adv_end_causes_patch.o (.text)
                             0001af34                      : ll_patch.o (.text)
                             0001af78                      : ll_patch.o (.text)
                             0001b4ee                      : ll_slave_end_causes_patch.o (.text)
llConvertLstoToEvent      $Tramp$TT$L$PI$$llConvertLstoToEvent
   10008721     0001dc24     00018b20   cc2640_ctrl_pxxx.a : ll_adv_end_causes_patch.o (.text)
                             0001b5e4                      : ll_slave_end_causes_patch.o (.text)
llConvertCtrlProcTimeoutToEvent  $Tramp$TT$L$PI$$llConvertCtrlProcTimeoutToEvent
   10008741     0001dc2c     00018b2a   cc2640_ctrl_pxxx.a : ll_adv_end_causes_patch.o (.text)
                             0001b63e                      : ll_slave_end_causes_patch.o (.text)
llCalcScaFactor           $Tramp$TT$L$PI$$llCalcScaFactor
   1000d94d     0001dc34     00018b44   cc2640_ctrl_pxxx.a : ll_adv_end_causes_patch.o (.text)
llConnTerminate           $Tramp$TT$L$PI$$llConnTerminate
   10008631     0001dc3c     00018bf2   cc2640_ctrl_pxxx.a : ll_adv_end_causes_patch.o (.text)
                             0001b0e6                      : ll_patch.o (.text)
                             0001b482                      : ll_slave_end_causes_patch.o (.text)
                             0001b768                      : ll_slave_end_causes_patch.o (.text)
                             0001b820                      : ll_slave_end_causes_patch.o (.text)
RFHAL_InitDataQueue       $Tramp$TT$L$PI$$RFHAL_InitDataQueue
   100183b9     0001dc44     00018c06   cc2640_ctrl_pxxx.a : ll_adv_end_causes_patch.o (.text)
                             0001903a                      : ll_common_patch.o (.text)
                             0001906a                      : ll_common_patch.o (.text)
llEventDelta              $Tramp$TT$L$PI$$llEventDelta
   10008719     0001dc4c     00018d64   cc2640_ctrl_pxxx.a : ll_common_patch.o (.text)
                             000195e0                      : ll_common_patch.o (.text)
                             0001b5b2                      : ll_slave_end_causes_patch.o (.text)
                             0001b5fe                      : ll_slave_end_causes_patch.o (.text)
LL_TX_bm_alloc            $Tramp$TT$L$PI$$LL_TX_bm_alloc
   10005549     0001dc54     00018ed6   cc2640_ctrl_pxxx.a : ll_common_patch.o (.text)
                             00018f38                      : ll_common_patch.o (.text)
                             0001963e                      : ll_common_patch.o (.text)
RFHAL_FreeNextTxDataEntry  $Tramp$TT$L$PI$$RFHAL_FreeNextTxDataEntry
   10018485     0001dc5c     00018f9c   cc2640_ctrl_pxxx.a : ll_common_patch.o (.text)
                             00019008                      : ll_common_patch.o (.text)
RFHAL_GetNextDataEntry    $Tramp$TT$L$PI$$RFHAL_GetNextDataEntry
   100184cd     0001dc64     00018fa2   cc2640_ctrl_pxxx.a : ll_common_patch.o (.text)
                             0001900e                      : ll_common_patch.o (.text)
                             0001904e                      : ll_common_patch.o (.text)
                             0001bd78                      : ll_isr.o (.text)
RFHAL_GetTempDataEntry    $Tramp$TT$L$PI$$RFHAL_GetTempDataEntry
   100184d1     0001dc6c     00019018   cc2640_ctrl_pxxx.a : ll_common_patch.o (.text)
                             00019708                      : ll_common_patch.o (.text)
llReleaseConnId           $Tramp$TT$L$PI$$llReleaseConnId
   10008429     0001dc74     00019088   cc2640_ctrl_pxxx.a : ll_common_patch.o (.text)
llTimeCompare             $Tramp$TT$L$PI$$llTimeCompare
   1000d8c9     0001dc7c     0001913a   cc2640_ctrl_pxxx.a : ll_common_patch.o (.text)
                             000193b8                      : ll_common_patch.o (.text)
llGetCurrentTask          $Tramp$TT$L$PI$$llGetCurrentTask
   1000ac3d     0001dc84     000193be   cc2640_ctrl_pxxx.a : ll_common_patch.o (.text)
                             0001a370                      : ll_patch.o (.text)
                             0001af52                      : ll_patch.o (.text)
                             0001b0c0                      : ll_patch.o (.text)
                             0001b0ca                      : ll_patch.o (.text)
llTimeDelta               $Tramp$TT$L$PI$$llTimeDelta
   1000d8f5     0001dc8c     000193d0   cc2640_ctrl_pxxx.a : ll_common_patch.o (.text)
llSetupRejectInd          $Tramp$TT$L$PI$$llSetupRejectInd
   10007df5     0001dc94     00019620   cc2640_ctrl_pxxx.a : ll_common_patch.o (.text)
                             0001b966                      : ll_slave_end_causes_patch.o (.text)
LL_ENC_Init               $Tramp$TT$L$PI$$LL_ENC_Init
   1000b4c9     0001dc9c     00019942   cc2640_ctrl_pxxx.a : ll_enc_patch.o (.text)
                             000199b0                      : ll_enc_patch.o (.text)
                             0001a4ca                      : ll_patch.o (.text)
                             0001ba38                      : ll_sleep.o (.text)
LL_ENC_LoadKey            $Tramp$TT$L$PI$$LL_ENC_LoadKey
   1000b58d     0001dca4     0001994a   cc2640_ctrl_pxxx.a : ll_enc_patch.o (.text)
                             000199b8                      : ll_enc_patch.o (.text)
LL_ENC_GenerateNonce      $Tramp$TT$L$PI$$LL_ENC_GenerateNonce
   1000b569     0001dcac     0001996c   cc2640_ctrl_pxxx.a : ll_enc_patch.o (.text)
                             000199dc                      : ll_enc_patch.o (.text)
LL_ENC_EncryptMsg         $Tramp$TT$L$PI$$LL_ENC_EncryptMsg
   1000b721     0001dcb4     00019978   cc2640_ctrl_pxxx.a : ll_enc_patch.o (.text)
LL_ENC_DecryptMsg         $Tramp$TT$L$PI$$LL_ENC_DecryptMsg
   1000b851     0001dcbc     000199ec   cc2640_ctrl_pxxx.a : ll_enc_patch.o (.text)
LL_ENC_GenerateTrueRandNum  $Tramp$TT$L$PI$$LL_ENC_GenerateTrueRandNum
   1000b51d     0001dcc4     0001a346   cc2640_ctrl_pxxx.a : ll_patch.o (.text)
WL_Init                   $Tramp$TT$L$PI$$WL_Init
   1000d189     0001dccc     0001a4c6   cc2640_ctrl_pxxx.a : ll_patch.o (.text)
LL_ClearWhiteList         $Tramp$TT$L$PI$$LL_ClearWhiteList
   10005719     0001dcd4     0001a4ce   cc2640_ctrl_pxxx.a : ll_patch.o (.text)
llReleaseAllConnId        $Tramp$TT$L$PI$$llReleaseAllConnId
   10008461     0001dcdc     0001a532   cc2640_ctrl_pxxx.a : ll_patch.o (.text)
LL_ConnActive             $Tramp$TT$L$PI$$LL_ConnActive
   1000678d     0001dce4     0001a5f0   cc2640_ctrl_pxxx.a : ll_patch.o (.text)
                             0001a640                      : ll_patch.o (.text)
                             0001a67e                      : ll_patch.o (.text)
                             0001a6ba                      : ll_patch.o (.text)
                             0001a802                      : ll_patch.o (.text)
                             0001afe2                      : ll_patch.o (.text)
                             0001b028                      : ll_patch.o (.text)
                             0001b0b8                      : ll_patch.o (.text)
HCI_DataBufferOverflowEvent  $Tramp$TT$L$PI$$HCI_DataBufferOverflowEvent
   10008a2d     0001dcec     0001a822   cc2640_ctrl_pxxx.a : ll_patch.o (.text)
LL_DirectTestEndDoneCback  $Tramp$TT$L$PI$$LL_DirectTestEndDoneCback
   10009471     0001dcf4     0001ad1e   cc2640_ctrl_pxxx.a : ll_patch.o (.text)
                             0001ad54                      : ll_patch.o (.text)
llGetActiveTasks          $Tramp$TT$L$PI$$llGetActiveTasks
   1000aca9     0001dcfc     0001aecc   cc2640_ctrl_pxxx.a : ll_patch.o (.text)
llSetupAdv                $Tramp$TT$L$PI$$llSetupAdv
   100073e5     0001dd04     0001aef8   cc2640_ctrl_pxxx.a : ll_patch.o (.text)
llGetNumTasks             $Tramp$TT$L$PI$$llGetNumTasks
   1000ace1     0001dd0c     0001af4a   cc2640_ctrl_pxxx.a : ll_patch.o (.text)
llCheckForLstoDuringSL    $Tramp$TT$L$PI$$llCheckForLstoDuringSL
   1000c1b5     0001dd14     0001b552   cc2640_ctrl_pxxx.a : ll_slave_end_causes_patch.o (.text)
llEventInRange            $Tramp$TT$L$PI$$llEventInRange
   100086f1     0001dd1c     0001b574   cc2640_ctrl_pxxx.a : ll_slave_end_causes_patch.o (.text)
                             0001b594                      : ll_slave_end_causes_patch.o (.text)
LL_EncLtkReqCback         $Tramp$TT$L$PI$$LL_EncLtkReqCback
   1000925d     0001dd24     0001b858   cc2640_ctrl_pxxx.a : ll_slave_end_causes_patch.o (.text)
llSetupEncRsp             $Tramp$TT$L$PI$$llSetupEncRsp
   10007b95     0001dd2c     0001b860   cc2640_ctrl_pxxx.a : ll_slave_end_causes_patch.o (.text)
LL_ENC_AES128_Encrypt     $Tramp$TT$L$PI$$LL_ENC_AES128_Encrypt
   1000b5f5     0001dd34     0001b8bc   cc2640_ctrl_pxxx.a : ll_slave_end_causes_patch.o (.text)
LL_EncKeyRefreshCback     $Tramp$TT$L$PI$$LL_EncKeyRefreshCback
   100093dd     0001dd3c     0001b8f0   cc2640_ctrl_pxxx.a : ll_slave_end_causes_patch.o (.text)
LL_EncChangeCback         $Tramp$TT$L$PI$$LL_EncChangeCback
   1000933d     0001dd44     0001b8fa   cc2640_ctrl_pxxx.a : ll_slave_end_causes_patch.o (.text)
llSetupStartEncRsp        $Tramp$TT$L$PI$$llSetupStartEncRsp
   10007ca9     0001dd4c     0001b90c   cc2640_ctrl_pxxx.a : ll_slave_end_causes_patch.o (.text)
llSetupPauseEncRsp        $Tramp$TT$L$PI$$llSetupPauseEncRsp
   10007d55     0001dd54     0001b926   cc2640_ctrl_pxxx.a : ll_slave_end_causes_patch.o (.text)
LL_ReadRemoteVersionInfoCback  $Tramp$TT$L$PI$$LL_ReadRemoteVersionInfoCback
   100091e1     0001dd5c     0001b99e   cc2640_ctrl_pxxx.a : ll_slave_end_causes_patch.o (.text)
                             0001b9b2                      : ll_slave_end_causes_patch.o (.text)
llSetupVersionIndReq      $Tramp$TT$L$PI$$llSetupVersionIndReq
   10007f29     0001dd64     0001b9be   cc2640_ctrl_pxxx.a : ll_slave_end_causes_patch.o (.text)
llMoveTempTxDataEntries   $Tramp$TT$L$PI$$llMoveTempTxDataEntries
   1000afa1     0001dd6c     0001ba1e   cc2640_ctrl_pxxx.a : ll_slave_end_causes_patch.o (.text)
WL_ClearEntry             $Tramp$TT$L$PI$$WL_ClearEntry
   1000d1f5     0001dd74     0001ba7a   cc2640_ctrl_pxxx.a : ll_wl_patch.o (.text)
RFHAL_NextDataEntryDone   $Tramp$TT$L$PI$$RFHAL_NextDataEntryDone
   100184d5     0001dd7c     0001be58   cc2640_ctrl_pxxx.a : ll_isr.o (.text)
LL_PseudoRand             $Tramp$TT$L$PI$$LL_PseudoRand
   10005801     0001dd84     0001ce16   osal.obj (.text)
HCI_EXT_NumComplPktsLimitCmd  $Tramp$TT$L$PI$$HCI_EXT_NumComplPktsLimitCmd
   1000a1b5     0001dd8c     0001d6e6   ble_dispatch.obj (.text)
HCI_EXT_BuildRevisionCmd  $Tramp$TT$L$PI$$HCI_EXT_BuildRevisionCmd
   1000a109     0001dd94     0001d700   ble_dispatch.obj (.text)
HCI_EXT_SetSlaveLatencyOverrideCmd  $Tramp$TT$L$PI$$HCI_EXT_SetSlaveLatencyOverrideCmd
   10009e6d     0001dd9c     0001d708   ble_dispatch.obj (.text)
HCI_EXT_AdvEventNoticeCmd  $Tramp$TT$L$PI$$HCI_EXT_AdvEventNoticeCmd
   1000a0f1     0001dda4     0001d71e   ble_dispatch.obj (.text)
HCI_EXT_PERbyChanCmd      $Tramp$TT$L$PI$$HCI_EXT_PERbyChanCmd
   1000a075     0001ddac     0001d728   ble_dispatch.obj (.text)
HCI_EXT_PacketErrorRateCmd  $Tramp$TT$L$PI$$HCI_EXT_PacketErrorRateCmd
   1000a031     0001ddb4     0001d732   ble_dispatch.obj (.text)
HCI_EXT_DisconnectImmedCmd  $Tramp$TT$L$PI$$HCI_EXT_DisconnectImmedCmd
   1000a011     0001ddbc     0001d73a   ble_dispatch.obj (.text)
HCI_EXT_SetMaxDtmTxPowerCmd  $Tramp$TT$L$PI$$HCI_EXT_SetMaxDtmTxPowerCmd
   10009fd1     0001ddc4     0001d742   ble_dispatch.obj (.text)
HCI_EXT_EnablePTMCmd      $Tramp$TT$L$PI$$HCI_EXT_EnablePTMCmd
   10009f69     0001ddcc     0001d748   ble_dispatch.obj (.text)
HCI_EXT_SetSCACmd         $Tramp$TT$L$PI$$HCI_EXT_SetSCACmd
   10009f49     0001ddd4     0001d750   ble_dispatch.obj (.text)
HCI_EXT_SetBDADDRCmd      $Tramp$TT$L$PI$$HCI_EXT_SetBDADDRCmd
   10009f0d     0001dddc     0001d758   ble_dispatch.obj (.text)
HCI_EXT_EndModemTestCmd   $Tramp$TT$L$PI$$HCI_EXT_EndModemTestCmd
   10009eed     0001dde4     0001d75e   ble_dispatch.obj (.text)
HCI_EXT_ModemTestRxCmd    $Tramp$TT$L$PI$$HCI_EXT_ModemTestRxCmd
   10009ecd     0001ddec     0001d766   ble_dispatch.obj (.text)
HCI_EXT_ModemHopTestTxCmd  $Tramp$TT$L$PI$$HCI_EXT_ModemHopTestTxCmd
   10009ead     0001ddf4     0001d76c   ble_dispatch.obj (.text)
HCI_EXT_ModemTestTxCmd    $Tramp$TT$L$PI$$HCI_EXT_ModemTestTxCmd
   10009e8d     0001ddfc     0001d776   ble_dispatch.obj (.text)
HCI_EXT_SetFastTxResponseTimeCmd  $Tramp$TT$L$PI$$HCI_EXT_SetFastTxResponseTimeCmd
   10009e4d     0001de04     0001d77e   ble_dispatch.obj (.text)
HCI_EXT_SetLocalSupportedFeaturesCmd  $Tramp$TT$L$PI$$HCI_EXT_SetLocalSupportedFeaturesCmd
   10009e2d     0001de0c     0001d786   ble_dispatch.obj (.text)
HCI_EXT_DecryptCmd        $Tramp$TT$L$PI$$HCI_EXT_DecryptCmd
   10009dd1     0001de14     0001d790   ble_dispatch.obj (.text)
HCI_EXT_OnePktPerEvtCmd   $Tramp$TT$L$PI$$HCI_EXT_OnePktPerEvtCmd
   10009d45     0001de1c     0001d798   ble_dispatch.obj (.text)
HCI_EXT_SetTxPowerCmd     $Tramp$TT$L$PI$$HCI_EXT_SetTxPowerCmd
   10009d09     0001de24     0001d7a0   ble_dispatch.obj (.text)
HCI_LE_TestEndCmd         $Tramp$TT$L$PI$$HCI_LE_TestEndCmd
   10009c8d     0001de2c     0001d7a6   ble_dispatch.obj (.text)
HCI_LE_ReadSupportedStatesCmd  $Tramp$TT$L$PI$$HCI_LE_ReadSupportedStatesCmd
   10009c15     0001de34     0001d7c0   ble_dispatch.obj (.text)
HCI_LE_EncryptCmd         $Tramp$TT$L$PI$$HCI_LE_EncryptCmd
   10009af5     0001de3c     0001d7ca   ble_dispatch.obj (.text)
HCI_LE_ReadChannelMapCmd  $Tramp$TT$L$PI$$HCI_LE_ReadChannelMapCmd
   10009aa1     0001de44     0001d7da   ble_dispatch.obj (.text)
HCI_LE_RemoveWhiteListCmd  $Tramp$TT$L$PI$$HCI_LE_RemoveWhiteListCmd
   10009a31     0001de4c     0001d7e4   ble_dispatch.obj (.text)
HCI_LE_AddWhiteListCmd    $Tramp$TT$L$PI$$HCI_LE_AddWhiteListCmd
   10009a15     0001de54     0001d7ee   ble_dispatch.obj (.text)
HCI_LE_ClearWhiteListCmd  $Tramp$TT$L$PI$$HCI_LE_ClearWhiteListCmd
   100099f9     0001de5c     0001d7f4   ble_dispatch.obj (.text)
HCI_LE_ReadWhiteListSizeCmd  $Tramp$TT$L$PI$$HCI_LE_ReadWhiteListSizeCmd
   100099c9     0001de64     0001d7fa   ble_dispatch.obj (.text)
HCI_LE_ReadAdvChanTxPowerCmd  $Tramp$TT$L$PI$$HCI_LE_ReadAdvChanTxPowerCmd
   100098f5     0001de6c     0001d800   ble_dispatch.obj (.text)
HCI_LE_ReadLocalSupportedFeaturesCmd  $Tramp$TT$L$PI$$HCI_LE_ReadLocalSupportedFeaturesCmd
   10009829     0001de74     0001d806   ble_dispatch.obj (.text)
HCI_ReadLocalSupportedFeaturesCmd  $Tramp$TT$L$PI$$HCI_ReadLocalSupportedFeaturesCmd
   1000973d     0001de7c     0001d822   ble_dispatch.obj (.text)
HCI_ReadTransmitPowerLevelCmd  $Tramp$TT$L$PI$$HCI_ReadTransmitPowerLevelCmd
   100095d1     0001de84     0001d840   ble_dispatch.obj (.text)
HCI_SetEventMaskCmd       $Tramp$TT$L$PI$$HCI_SetEventMaskCmd
   10009571     0001de8c     0001d84e   ble_dispatch.obj (.text)
HCI_ReadRemoteVersionInfoCmd  $Tramp$TT$L$PI$$HCI_ReadRemoteVersionInfoCmd
   10009541     0001de94     0001d856   ble_dispatch.obj (.text)

[129 trampolines]
[212 trampoline calls]


GLOBAL SYMBOLS: SORTED ALPHABETICALLY BY Name 

address   name                                  
-------   ----                                  
10014c00  A1_rw                                 
10005000  A1_rw_1                               
10019ffe  A2_rw                                 
1000dffe  A2_rw_1                               
10019ffc  A3_rw                                 
1000dffc  A3_rw_1                               
20004f2c  A4_rw                                 
200048e8  A4_rw_1                               
20004f7c  ACCX                                  
20004f80  ACCY                                  
20004f84  ACCZ                                  
10015229  ATOMICPATTERN                         
000114ef  ATT_BuildErrorRsp                     
0001151f  ATT_BuildExchangeMTUReq               
0001152b  ATT_BuildExchangeMTURsp               
00011855  ATT_BuildExecuteWriteReq              
000115b9  ATT_BuildFindByTypeValueReq           
00011615  ATT_BuildFindByTypeValueRsp           
00011551  ATT_BuildFindInfoReq                  
0001155d  ATT_BuildFindInfoRsp                  
00011879  ATT_BuildHandleValueInd               
000117db  ATT_BuildPrepareWriteReq              
00011805  ATT_BuildPrepareWriteRsp              
0001171f  ATT_BuildReadBlobReq                  
0001175d  ATT_BuildReadBlobRsp                  
0001179d  ATT_BuildReadByGrpTypeRsp             
00011637  ATT_BuildReadByTypeReq                
000116a3  ATT_BuildReadByTypeRsp                
0001176f  ATT_BuildReadMultiReq                 
00011797  ATT_BuildReadMultiRsp                 
000116c7  ATT_BuildReadReq                      
000116e3  ATT_BuildReadRsp                      
00011713  ATT_BuildWriteReq                     
00011949  ATT_CompareUUID                       
00011999  ATT_ConvertUUIDto128                  
000119c1  ATT_ConvertUUIDto16                   
000112af  ATT_ErrorRsp                          
000112c1  ATT_ExchangeMTURsp                    
000113f3  ATT_ExecuteWriteRsp                   
00011309  ATT_FindByTypeValueRsp                
000112d9  ATT_FindInfoRsp                       
00011a29  ATT_GetMTU                            
00011a4b  ATT_GetParamValue                     
00011415  ATT_HandleValueInd                    
000113ff  ATT_HandleValueNoti                   
00011501  ATT_ParseErrorRsp                     
00011521  ATT_ParseExchangeMTUReq               
0001153b  ATT_ParseExchangeMTURsp               
0001185d  ATT_ParseExecuteWriteReq              
0001186f  ATT_ParseExecuteWriteRsp              
000115d3  ATT_ParseFindByTypeValueReq           
0001161d  ATT_ParseFindByTypeValueRsp           
00011553  ATT_ParseFindInfoReq                  
00011575  ATT_ParseFindInfoRsp                  
000118b9  ATT_ParseHandleValueCfm               
0001188d  ATT_ParseHandleValueInd               
00011495  ATT_ParsePacket                       
000117dd  ATT_ParsePrepareWriteReq              
00011823  ATT_ParsePrepareWriteRsp              
00011739  ATT_ParseReadBlobReq                  
00011761  ATT_ParseReadBlobRsp                  
000117af  ATT_ParseReadByGrpTypeRsp             
00011667  ATT_ParseReadByTypeReq                
000116a5  ATT_ParseReadByTypeRsp                
00011777  ATT_ParseReadMultiReq                 
0001179b  ATT_ParseReadMultiRsp                 
000116c9  ATT_ParseReadReq                      
000116e7  ATT_ParseReadRsp                      
000116e9  ATT_ParseWriteReq                     
00011715  ATT_ParseWriteRsp                     
000113d9  ATT_PrepareWriteRsp                   
00011371  ATT_ReadBlobRsp                       
000113ab  ATT_ReadByGrpTypeRsp                  
00011329  ATT_ReadByTypeRsp                     
0001138d  ATT_ReadMultiRsp                      
00011355  ATT_ReadRsp                           
000112a9  ATT_RegisterServer                    
00011a49  ATT_SetParamValue                     
000119ff  ATT_UpdateMTU                         
000113cd  ATT_WriteRsp                          
10016c29  AddRoundKeySubBytes_Sw                
10018a19  AesCcm_authEncrypt_Sw                 
10018a35  AesCcm_decryptAuth_Sw                 
10018b09  AesCcm_getNumBlocks_Sw                
10018ac5  Aes_decrypt_Sw                        
10018a99  Aes_encrypt_Sw                        
20004f2c  COMMON_RAM_BASE_ADDR                  
10014c01  COMMON_ROM_BASE_ADDR                  
10015a6d  COPY                                  
10017959  ECC_allocWorkzone                     
10017dbd  ECC_keyGen                            
10017961  ECC_setWin                            
10017ded  ECDH_commonKey                        
10017969  ECDSA_sign                            
10017b01  ECDSA_verif                           
10015a11  EXPORTOPERAND                         
20004f78  EXPW                                  
20004f6c  EXPX                                  
20004f70  EXPY                                  
20004f74  EXPZ                                  
10016f58  FFMult2                               
10017058  FFMult3                               
10016d05  FFMult_Sw                             
10018d6c  Fill1                                 
1000d9ec  Fill1_1                               
00012015  GAP_Authenticate                      
0001214f  GAP_Bond                              
00011af7  GAP_ConfigDeviceAddr                  
0001290b  GAP_EndDiscoverable                   
00012a01  GAP_GetAdvToken                       
00011af1  GAP_GetIRK                            
00011a7b  GAP_GetParamValue                     
00012f4b  GAP_Init                              
00012811  GAP_MakeDiscoverable                  
00013029  GAP_NumActiveConnections              
00011a8d  GAP_ParamsInit                        
00012103  GAP_PasscodeUpdate                    
000120cf  GAP_PasskeyUpdate                     
00012e6f  GAP_PeriConnRegister                  
00012a75  GAP_PeriDevMgrInit                    
00011acf  GAP_PrivacyInit                       
00012f61  GAP_ProcessEvent                      
00013209  GAP_RegisterBondMgrCBs                
00012f45  GAP_RegisterForMsgs                   
00012a17  GAP_RemoveAdvToken                    
00011da9  GAP_ResolvePrivateAddr                
00011ab5  GAP_SecParamsInit                     
00012e35  GAP_SendSlaveSecurityRequest          
00012957  GAP_SetAdvToken                       
00011a61  GAP_SetParamValue                     
00011fcd  GAP_Signable                          
000120b1  GAP_TerminateAuth                     
00011e59  GAP_TerminateLinkReq                  
00012a61  GAP_UpdateAdvTokens                   
000128a3  GAP_UpdateAdvertisingData             
00011ed3  GAP_UpdateLinkParamReq                
00011f3b  GAP_UpdateLinkParamReqReply           
000146f3  GATTServApp_AddService                
00014709  GATTServApp_DelService                
00014597  GATTServApp_DeregisterService         
000153bf  GATTServApp_GetParamValue             
00014639  GATTServApp_GetParameter              
000144b5  GATTServApp_Init                      
0001dad9  GATTServApp_InitCharCfg               
00014503  GATTServApp_ProcessEvent              
0001513d  GATTServApp_ReadAttr                  
0001dac9  GATTServApp_ReadCharCfg               
000144ad  GATTServApp_RegisterForMsg            
00014541  GATTServApp_RegisterService           
00015435  GATTServApp_SendCCCUpdatedEvent       
000153bd  GATTServApp_SetParamValue             
000145db  GATTServApp_SetParameter              
20004440  GATTServApp_TaskID                    
000153c3  GATTServApp_UpdateCharCfg             
00015335  GATTServApp_WriteAttr                 
00014093  GATT_AppCompletedMsg                  
00013661  GATT_DeregisterService                
00013803  GATT_FindHandle                       
000137a5  GATT_FindHandleUUID                   
0001384f  GATT_FindNextAttr                     
0001436d  GATT_FindUUIDRec                      
00014001  GATT_GetNextHandle                    
000139a3  GATT_Indication                       
000140bb  GATT_Init                             
0001355d  GATT_InitServer                       
00013a0f  GATT_Notification                     
00014225  GATT_NotifyEvent                      
000140d9  GATT_ProcessEvent                     
00014081  GATT_RegisterForMsgs                  
000136a1  GATT_RegisterForReq                   
000135c5  GATT_RegisterService                  
000138ef  GATT_SendRsp                          
00013733  GATT_ServiceChangedInd                
000138df  GATT_ServiceEncKeySize                
000138d3  GATT_ServiceNumAttrs                  
00014087  GATT_SetHostToAppFlowCtrl             
00014071  GATT_SetNextHandle                    
00014239  GATT_UpdateMTU                        
000136a9  GATT_VerifyReadPermissions            
000136df  GATT_VerifyWritePermissions           
000142e1  GATT_bm_alloc                         
00014359  GATT_bm_free                          
10015141  GETBIT                                
10015155  GETDIGIT                              
100151a5  GETDIGITL2R                           
000132ed  GGS_AddService                        
00013305  GGS_DelService                        
000132e9  GGS_GetParamValue                     
000132b1  GGS_GetParameter                      
00013319  GGS_RegisterAppCBs                    
000132e7  GGS_SetParamValue                     
00013231  GGS_SetParameter                      
10008add  HCI_CommandCompleteEvent              
10008ba1  HCI_CommandStatusEvent                
10008a2d  HCI_DataBufferOverflowEvent           
10009525  HCI_DisconnectCmd                     
1000a0f1  HCI_EXT_AdvEventNoticeCmd             
1000a109  HCI_EXT_BuildRevisionCmd              
10009d79  HCI_EXT_ClkDivOnHaltCmd               
000187cf  HCI_EXT_ConnEventNoticeCmd            
10009dad  HCI_EXT_DeclareNvUsageCmd             
10009dd1  HCI_EXT_DecryptCmd                    
000187ab  HCI_EXT_DelaySleepCmd                 
1000a011  HCI_EXT_DisconnectImmedCmd            
10009f69  HCI_EXT_EnablePTMCmd                  
10009eed  HCI_EXT_EndModemTestCmd               
1000a095  HCI_EXT_ExtendRfRangeCmd              
0001863b  HCI_EXT_GetConnInfoCmd                
1000a0d1  HCI_EXT_HaltDuringRfCmd               
10009ff1  HCI_EXT_MapPmIoPortCmd                
10009ead  HCI_EXT_ModemHopTestTxCmd             
10009ecd  HCI_EXT_ModemTestRxCmd                
10009e8d  HCI_EXT_ModemTestTxCmd                
1000a1b5  HCI_EXT_NumComplPktsLimitCmd          
10009d45  HCI_EXT_OnePktPerEvtCmd               
1000a195  HCI_EXT_OverlappedProcessingCmd       
1000a075  HCI_EXT_PERbyChanCmd                  
1000a031  HCI_EXT_PacketErrorRateCmd            
00018785  HCI_EXT_ResetSystemCmd                
10009fb1  HCI_EXT_SaveFreqTuneCmd               
10009f0d  HCI_EXT_SetBDADDRCmd                  
10009e4d  HCI_EXT_SetFastTxResponseTimeCmd      
10009f81  HCI_EXT_SetFreqTuneCmd                
10009e2d  HCI_EXT_SetLocalSupportedFeaturesCmd  
10009fd1  HCI_EXT_SetMaxDtmTxPowerCmd           
10009cd5  HCI_EXT_SetRxGainCmd                  
10009f49  HCI_EXT_SetSCACmd                     
10009e6d  HCI_EXT_SetSlaveLatencyOverrideCmd    
10009d09  HCI_EXT_SetTxPowerCmd                 
0001bf67  HCI_ExtTaskRegister                   
0001bf55  HCI_GAPTaskRegister                   
00018537  HCI_HardwareErrorEvent                
10009631  HCI_HostBufferSizeCmd                 
1000965d  HCI_HostNumCompletedPktCmd            
0001bee1  HCI_Init                              
0001bf5b  HCI_L2CAPTaskRegister                 
10009a15  HCI_LE_AddWhiteListCmd                
100099f9  HCI_LE_ClearWhiteListCmd              
00018775  HCI_LE_ConnUpdateCmd                  
1000999d  HCI_LE_CreateConnCancelCmd            
1000995d  HCI_LE_CreateConnCmd                  
10009af5  HCI_LE_EncryptCmd                     
10009be1  HCI_LE_LtkReqNegReplyCmd              
10009bc5  HCI_LE_LtkReqReplyCmd                 
10009b51  HCI_LE_RandCmd                        
100098f5  HCI_LE_ReadAdvChanTxPowerCmd          
000186c9  HCI_LE_ReadBufSizeCmd                 
10009aa1  HCI_LE_ReadChannelMapCmd              
10009829  HCI_LE_ReadLocalSupportedFeaturesCmd  
000186ff  HCI_LE_ReadRemoteUsedFeaturesCmd      
10009c15  HCI_LE_ReadSupportedStatesCmd         
100099c9  HCI_LE_ReadWhiteListSizeCmd           
0001873b  HCI_LE_ReceiverTestCmd                
000186fb  HCI_LE_RemoteConnParamReqNegReplyCmd  
000186f7  HCI_LE_RemoteConnParamReqReplyCmd     
10009a31  HCI_LE_RemoveWhiteListCmd             
100098a1  HCI_LE_SetAdvDataCmd                  
100098d9  HCI_LE_SetAdvEnableCmd                
1000986d  HCI_LE_SetAdvParamCmd                 
000187d3  HCI_LE_SetEventMaskCmd                
10009a85  HCI_LE_SetHostChanClassificationCmd   
10009849  HCI_LE_SetRandomAddressCmd            
10009941  HCI_LE_SetScanEnableCmd               
10009915  HCI_LE_SetScanParamCmd                
100098bd  HCI_LE_SetScanRspDataCmd              
10009ba9  HCI_LE_StartEncyptCmd                 
10009c8d  HCI_LE_TestEndCmd                     
00018729  HCI_LE_TransmitterTestCmd             
00018185  HCI_NumOfCompletedPacketsEvent        
0001bf13  HCI_ProcessEvent                      
10009765  HCI_ReadBDADDRCmd                     
00018627  HCI_ReadLocalSupportedCommandsCmd     
1000973d  HCI_ReadLocalSupportedFeaturesCmd     
00018809  HCI_ReadLocalVersionInfoCmd           
10009541  HCI_ReadRemoteVersionInfoCmd          
00018861  HCI_ReadRssiCmd                       
100095d1  HCI_ReadTransmitPowerLevelCmd         
00018605  HCI_ResetCmd                          
1000d7cd  HCI_ReverseBytes                      
0001bf61  HCI_SMPTaskRegister                   
10008c81  HCI_SendCommandCompleteEvent          
10008c59  HCI_SendCommandStatusEvent            
10008d31  HCI_SendControllerToHostEvent         
100094e9  HCI_SendDataPkt                       
100095f5  HCI_SetControllerToHostFlowCtrlCmd    
10009571  HCI_SetEventMaskCmd                   
0001874d  HCI_SetEventMaskPage2Cmd              
0001bf4f  HCI_TestAppTaskRegister               
000185c9  HCI_ValidConnTimeParams               
000184d7  HCI_VendorSpecifcCommandCompleteEvent 
100094a1  HCI_bm_alloc                          
0001c693  HalTRNG_GetTRNG                       
0001c665  HalTRNG_InitTRNG                      
20004534  ICall_dispatcher                      
20004538  ICall_enterCriticalSection            
2000453c  ICall_leaveCriticalSection            
10015a35  IMPORTDATA                            
100159a9  IMPORTLENGTH                          
100159ad  IMPORTMODULUS                         
100159d1  IMPORTOPERAND                         
1001568d  INVERT                                
10016da1  InvAddRoundKey_Sw                     
10016ed5  InvMixColumns_Sw                      
10016dc9  InvRoundKey_Sw                        
10017264  InvSbox                               
10016ea1  InvShiftRows_Sw                       
10016e8d  InvSubBytes_Sw                        
100154f5  JACADD                                
00015b25  L2CAP_BuildCmdReject                  
00015c3d  L2CAP_BuildInfoRsp                    
00015c09  L2CAP_BuildParamUpdateRsp             
00015505  L2CAP_CmdReject                       
0001552b  L2CAP_ConnParamUpdateReq              
00015561  L2CAP_ConnParamUpdateRsp              
000155cf  L2CAP_GetMTU                          
00015f31  L2CAP_GetParamValue                   
000155ad  L2CAP_HostNumCompletedPkts            
00015513  L2CAP_InfoReq                         
000155f9  L2CAP_Init                            
00015c25  L2CAP_ParseInfoReq                    
00015bcf  L2CAP_ParseParamUpdateReq             
0001565b  L2CAP_ProcessEvent                    
00015479  L2CAP_RegisterApp                     
00015769  L2CAP_RegisterFlowCtrlTask            
000154a3  L2CAP_SendData                        
000155c3  L2CAP_SetBufSize                      
00015573  L2CAP_SetControllerToHostFlowCtrl     
00015f2f  L2CAP_SetParamValue                   
000155f5  L2CAP_SetUserConfig                   
00015f15  L2CAP_bm_alloc                        
20004fe8  LEN                                   
10005739  LL_AddWhiteListDevice                 
10008d81  LL_AdvReportCback                     
00018263  LL_AuthPayloadTimeoutExpiredCback     
10005719  LL_ClearWhiteList                     
1000678d  LL_ConnActive                         
00018081  LL_ConnParamUpdateCback               
10008ead  LL_ConnectionCompleteCback            
100058d5  LL_CtrlToHostFlowControl              
0001ace9  LL_DirectTestEnd                      
10009471  LL_DirectTestEndDoneCback             
0001abe5  LL_DirectTestRxTest                   
0001aa6b  LL_DirectTestTxTest                   
10005a39  LL_Disconnect                         
10009005  LL_DisconnectCback                    
0001bb4f  LL_DoorbellErrorCback                 
1000b639  LL_ENC_AES128_Decrypt                 
1000b5f5  LL_ENC_AES128_Encrypt                 
0001999b  LL_ENC_Decrypt                        
1000b851  LL_ENC_DecryptMsg                     
0001992d  LL_ENC_Encrypt                        
1000b721  LL_ENC_EncryptMsg                     
1000b555  LL_ENC_GenDeviceIV                    
1000b541  LL_ENC_GenDeviceSKD                   
1000b569  LL_ENC_GenerateNonce                  
1000b50d  LL_ENC_GeneratePseudoRandNum          
1000b51d  LL_ENC_GenerateTrueRandNum            
1000b4c9  LL_ENC_Init                           
1000b58d  LL_ENC_LoadKey                        
1000b4ed  LL_ENC_ReverseBytes                   
10007025  LL_EXT_AdvEventNotice                 
0001b079  LL_EXT_BuildRevision                  
10006b7d  LL_EXT_ClkDivOnHalt                   
0001b021  LL_EXT_ConnEventNotice                
10006b81  LL_EXT_DeclareNvUsage                 
10006b85  LL_EXT_Decrypt                        
100070a1  LL_EXT_DelaySleep                     
0001b0b5  LL_EXT_DisconnectImmed                
0001aa45  LL_EXT_EndModemTest                   
1000701d  LL_EXT_ExtendRfRange                  
1000a2ad  LL_EXT_ExtendRfRangeCback             
0001a589  LL_EXT_GetConnInfo                    
[...]
1000a0d1  HCI_EXT_HaltDuringRfCmd               
1000a0f1  HCI_EXT_AdvEventNoticeCmd             
1000a109  HCI_EXT_BuildRevisionCmd              
1000a195  HCI_EXT_OverlappedProcessingCmd       
1000a1b5  HCI_EXT_NumComplPktsLimitCmd          
1000a1d5  LL_RandCback                          
1000a201  LL_EXT_SetRxGainCback                 
1000a211  LL_EXT_SetTxPowerCback                
1000a259  LL_EXT_PacketErrorRateCback           
1000a2ad  LL_EXT_ExtendRfRangeCback             
1000a335  llScheduler                           
1000a895  llFindStartType                       
1000a939  llFindNextSecTask                     
1000abed  llFreeTask                            
1000ac3d  llGetCurrentTask                      
1000aca9  llGetActiveTasks                      
1000ace1  llGetNumTasks                         
1000adb1  llPatchCM0                            
1000ae41  llRatChanCBack_B                      
1000ae45  llRatChanCBack_C                      
1000ae49  llRatChanCBack_D                      
1000ae4d  llSetupScanDataEntryQueue             
1000ae95  llSetupInitDataEntryQueue             
1000aeb1  llSetupAdvDataEntryQueue              
1000afa1  llMoveTempTxDataEntries               
1000b009  llGetNumTxDataEntries                 
1000b4c9  LL_ENC_Init                           
1000b4ed  LL_ENC_ReverseBytes                   
1000b50d  LL_ENC_GeneratePseudoRandNum          
1000b51d  LL_ENC_GenerateTrueRandNum            
1000b541  LL_ENC_GenDeviceSKD                   
1000b555  LL_ENC_GenDeviceIV                    
1000b569  LL_ENC_GenerateNonce                  
1000b58d  LL_ENC_LoadKey                        
1000b5f5  LL_ENC_AES128_Encrypt                 
1000b639  LL_ENC_AES128_Decrypt                 
1000b721  LL_ENC_EncryptMsg                     
1000b851  LL_ENC_DecryptMsg                     
1000c1b5  llCheckForLstoDuringSL                
1000cd51  llAdv_TaskAbort                       
1000d189  WL_Init                               
1000d1f5  WL_ClearEntry                         
1000d229  WL_GetSize                            
1000d2d9  WL_AddEntry                           
1000d36d  WL_RemoveEntry                        
1000d4ad  llGetAdvChanPDU                       
1000d695  llGenerateValidAccessAddr             
1000d6b1  llGtSixConsecZerosOrOnes              
1000d6e5  llEqSynchWord                         
1000d6f5  llOneBitSynchWordDiffer               
1000d709  llEqualBytes                          
1000d731  llGtTwentyFourTransitions             
1000d761  llLtTwoChangesInLastSixBits           
1000d795  llEqAlreadyValidAddr                  
1000d7cd  HCI_ReverseBytes                      
1000d8c9  llTimeCompare                         
1000d8f5  llTimeDelta                           
1000d94d  llCalcScaFactor                       
1000d964  SCA                                   
1000d9b0  advChan                               
1000d9b4  advEvt2Cmd                            
1000d9c0  advEvt2State                          
1000d9e1  llTaskError                           
1000d9ec  Fill1_1                               
1000dffc  A3_rw_1                               
1000dffc  romRev                                
1000dffd  __checksum_end                        
1000dffe  A2_rw_1                               
1000dffe  P1_ro_2_1                             
1000dffe  __checksum                            
10014c00  A1_rw                                 
10014c00  __checksum_begin_CommonROM            
10014c01  COMMON_ROM_BASE_ADDR                  
10014c04  P1_ro                                 
10014c05  SCALARMUL_init                        
10014ced  SCALARMUL_core                        
10015019  SCALARMUL_final                       
100150e5  SCALARMUL                             
10015101  SAVEPOINT                             
10015141  GETBIT                                
10015155  GETDIGIT                              
100151a5  GETDIGITL2R                           
10015215  SelectReg                             
10015229  ATOMICPATTERN                         
100154f5  JACADD                                
1001568d  INVERT                                
10015821  SQUAREMULTIPLYWORD                    
1001588c  LUTOPCODE                             
10015894  LUTOPSIGN                             
100158ac  LUTC                                  
100158c4  LUTSE                                 
100158dc  LUTINCI                               
100158f4  LUTJ                                  
1001596c  LUTSTATE                              
100159a9  IMPORTLENGTH                          
100159ad  IMPORTMODULUS                         
100159d1  IMPORTOPERAND                         
10015a11  EXPORTOPERAND                         
10015a35  IMPORTDATA                            
10015a51  SETOPERAND                            
10015a6d  COPY                                  
10015a85  ZERO                                  
10015a91  SETWORD                               
10015a9d  mSET                                  
10015bcd  zSET                                  
10015bd5  mINVK                                 
10015d19  zADD                                  
10015d5d  zSUB                                  
10015de9  zMACC32                               
10015e69  zSUB32                                
10015eb5  zADD32                                
10015f0d  zMULT32                               
10015f81  mMULT                                 
10016551  mADD                                  
1001664d  mSUB                                  
10016749  mOUT                                  
10016975  ssp_KeyInit_Sw                        
10016979  sspAesEncrypt_Sw                      
10016985  sspKeyExpansion_Sw                    
10016a99  sspAesEncryptKeyExp_Sw                
10016af5  sspAesEncryptBasic_Sw                 
10016b79  RoundKey_Sw                           
10016c29  AddRoundKeySubBytes_Sw                
10016c45  ShiftRows_Sw                          
10016c79  MixColumns_Sw                         
10016d05  FFMult_Sw                             
10016d29  sspAesDecrypt_Sw                      
10016da1  InvAddRoundKey_Sw                     
10016dc9  InvRoundKey_Sw                        
10016e8d  InvSubBytes_Sw                        
10016ea1  InvShiftRows_Sw                       
10016ed5  InvMixColumns_Sw                      
10016f58  FFMult2                               
10017058  FFMult3                               
10017158  RCon                                  
10017164  Sbox                                  
10017264  InvSbox                               
10017365  SSP_CCM_Auth_Sw                       
100174fd  SSP_CCM_Encrypt_Sw                    
100175ed  SSP_CTR_Encrypt_Sw                    
1001767d  SSP_CCM_Decrypt_Sw                    
10017771  SSP_CTR_Decrypt_Sw                    
10017839  SSP_CCM_InvAuth_Sw                    
10017895  SSP_CCM_Auth_Encrypt_Sw               
100178f5  SSP_CCM_InvAuth_Decrypt_Sw            
10017959  ECC_allocWorkzone                     
10017961  ECC_setWin                            
10017969  ECDSA_sign                            
10017b01  ECDSA_verif                           
10017dbd  ECC_keyGen                            
10017ded  ECDH_commonKey                        
10017e39  SHA256_updateW                        
10017e75  SHA256_round                          
10017ef1  SHA256_nextState                      
10017f49  SHA256_saveBuffer                     
10017ffd  SHA256_init                           
10018019  SHA256_process                        
10018089  SHA256_final                          
10018129  SHA256_full                           
10018315  RFHAL_AllocRatChan                    
1001833d  RFHAL_FreeRatChan                     
10018369  RFHAL_MapRatChansToInt                
10018391  RFHAL_RegisterRatChanCallback         
100183b9  RFHAL_InitDataQueue                   
100183c5  RFHAL_QueueRFDataEntries              
10018485  RFHAL_FreeNextTxDataEntry             
100184a9  RFHAL_AllocDataEntryQueue             
100184c5  RFHAL_FreeDataEntryQueue              
100184cd  RFHAL_GetNextDataEntry                
100184d1  RFHAL_GetTempDataEntry                
100184d5  RFHAL_NextDataEntryDone               
100184f9  RFHAL_AllocDataEntry                  
10018549  RFHAL_FreeDataEntry                   
10018551  RFHAL_BuildRingBuffer                 
100185e1  RFHAL_BuildDataEntryRingBuffer        
10018669  RFHAL_BuildLinkedBuffer               
10018a19  AesCcm_authEncrypt_Sw                 
10018a35  AesCcm_decryptAuth_Sw                 
10018a99  Aes_encrypt_Sw                        
10018ac5  Aes_decrypt_Sw                        
10018b09  AesCcm_getNumBlocks_Sw                
10018b0c  NIST256_p                             
10018b30  NIST256_r                             
10018b54  NIST256_a                             
10018b78  NIST256_b                             
10018b9c  NIST256_Gx                            
10018bc0  NIST256_Gy                            
10018ced  __exit                                
10018d6c  Fill1                                 
10019ffc  A3_rw                                 
10019ffd  __checksum_end_CommonROM              
10019ffe  A2_rw                                 
10019ffe  P1_ro_2                               
10019ffe  __checksum_CommonROM                  
20004404  pGapDiscReq                           
20004408  pGapAdvertState                       
2000440c  gapState                              
2000440d  gattNumConns                          
2000440e  gattTaskID                            
20004410  pfnPeripheralConnCBs                  
20004414  pfnBondMgrCBs                         
2000441c  serverInfoTbl                         
20004440  GATTServApp_TaskID                    
20004450  l2capFixedChannels                    
20004480  l2capId                               
20004481  smTaskID                              
20004484  linkDBNumConns                        
200044bc  pPairingParams                        
200044c0  pfnResponderCBs                       
200044c8  pBleEvtMask                           
200044d0  pHciEvtMask2                          
200044d8  rfEvent                               
200044e0  hciTaskID                             
200044e1  hciTestTaskID                         
200044e2  hciGapTaskID                          
200044e3  hciL2capTaskID                        
200044e4  hciSmpTaskID                          
200044e5  hciExtTaskID                          
200044ec  bleDispatch_TaskID                    
200044ed  rspBuf                                
20004528  timerHead                             
2000452c  osal_last_timestamp                   
20004534  ICall_dispatcher                      
20004538  ICall_enterCriticalSection            
2000453c  ICall_leaveCriticalSection            
20004540  tasksEvents                           
20004564  gapAppTaskID                          
20004565  gapProfileRole                        
20004566  gapDeviceAddrMode                     
20004567  gapAutoAdvPrivateAddrChange           
20004568  gapPrivateAddrChangeTimeout           
200045c8  slaveUpdateReq                        
200045d0  slaveConnHandle                       
200045d4  pEstLink                              
200045d8  pAuthLink                             
200045dc  pfnCentralConnCBs                     
20004600  gapTaskID                             
20004601  gapUnwantedTaskID                     
20004604  pfnPeripheralCBs                      
2000460f  reqTaskId                             
200046ac  gattAppTaskID                         
200046ad  appTaskID                             
200046ae  l2capMtuSize                          
200046c0  l2capTaskID                           
200046c1  l2capNumChannels                      
200046c2  l2capNumDataPkts                      
200046c4  l2capChannels                         
200046e4  llUserConfig                          
20004708  maxPduSize                            
20004709  rfFeModeBias                          
2000470a  maxNumTxDataBufs                      
2000470c  advInfoExt                            
20004710  rfCmdHandle                           
20004714  rfHandle                              
20004718  rfDrvTblPtr                           
2000471c  llConnectionExt                       
20004720  trngDrvTblPtr                         
20004724  SysBootMsg                            
20004728  sclkSrc                               
2000472c  rfMode                                
2000473c  rfParams                              
20004750  rfSetup                               
20004768  rfObject                              
20004828  assertSubcause                        
20004829  legacyMode                            
2000482c  halAssertCback                        
20004831  osal_entity                           
20004834  osal_qHead                            
20004838  osal_eventloop_hook                   
2000483c  osal_semaphore                        
20004840  osal_tickperiod                       
20004844  osal_max_msecs                        
2000485c  baseTaskID                            
20004860  cbTimers                              
200048dc  OSAL_timeSeconds                      
200048e0  pwrmgr_initialized                    
200048e2  pwrmgr_attribute                      
200048e8  A4_rw_1                               
200048e8  RAM_BASE_ADDR                         
200048fc  P2_zi_1                               
200048fc  scanDataEntry                         
200049dc  scanDataQueue                         
200049ec  advInfo                               
20004a8c  wlTable                               
20004b10  wlTableScan                           
20004b94  initDataEntry                         
20004bcc  initDataQueue                         
20004bdc  advDataEntry                          
20004c14  advDataQueue                          
20004c24  advCmd                                
20004c6c  ownPublicAddr                         
20004c74  ownRandomAddr                         
20004c7c  ownSavedPublicAddr                    
20004c84  LL_TaskID                             
20004c85  maxTxPwrForDTM                        
20004c86  onePktPerEvt                          
20004c87  numComplPktsLimit                     
20004c88  numComplPktsFlush                     
20004c89  slOverride                            
20004c8a  rxFifoFlowCtrl                        
20004c8b  numTxDataBufs                         
20004c8c  verInfo                               
20004c94  rfCfgAdiVal                           
20004c96  sleepDelay                            
20004c98  buildInfo                             
20004c9c  peerInfo                              
20004ca8  chanMapUpdate                         
20004cb0  llConns                               
20004cb8  llState                               
20004cb9  curTxPowerVal                         
20004cba  numComplPkts                          
20004cbb  fastTxRespTime                        
20004cbc  maxNumConns                           
20004cbe  postRfOperations                      
20004cc0  rssiCorrection                        
20004cc4  taskEndAction                         
20004cf0  initParam                             
20004d14  scanParam                             
20004d38  slvParam                              
20004d58  advParam                              
20004d78  txModemTestCmd                        
20004d94  scanInfo                              
20004db0  initCmd                               
20004dc8  connReqData                           
20004de0  slvCmd                                
20004df8  scanCmd                               
20004e10  scanOutput                            
20004e28  trxTestCmd                            
20004e40  rxModemTestCmd                        
20004e58  initInfo                              
20004e70  connOutput                            
20004e84  rxTestParam                           
20004e98  advOutput                             
20004ea8  txTestParam                           
20004eb8  initOutput                            
20004ec4  rxTestOut                             
20004ed0  deviceFeatureSet                      
20004edc  dtmInfo                               
20004ee8  cachedTRNGdata                        
20004ef4  llTaskList                            
20004f00  pHciEvtMask                           
20004f08  bleEvtMask                            
20004f0a  taskEndStatus                         
20004f0c  rxDataQ                               
20004f10  rxRingBuf                             
20004f14  mstCmd                                
20004f18  mstParam                              
20004f1c  txDataQ                               
20004f20  txTestOut                             
20004f24  ctrlToHostEnable                      
20004f26  numHostBufs                           
20004f28  hciPTMenabled                         
20004f2c  A4_rw                                 
20004f2c  COMMON_RAM_BASE_ADDR                  
20004f40  P2_rw                                 
20004f40  P2_s0                                 
20004f40  win                                   
20004f44  workzone                              
20004f48  data_p                                
20004f4c  data_r                                
20004f50  data_a                                
20004f54  inScalar                              
20004f58  inPointX                              
20004f5c  inPointY                              
20004f60  outPointX                             
20004f64  outPointY                             
20004f68  SCAL                                  
20004f6c  EXPX                                  
20004f70  EXPY                                  
20004f74  EXPZ                                  
20004f78  EXPW                                  
20004f7c  ACCX                                  
20004f80  ACCY                                  
20004f84  ACCZ                                  
20004f88  TMP1                                  
20004f8c  TMP2                                  
20004f90  TMP3                                  
20004f94  TMP4                                  
20004f98  TMP5                                  
20004f9c  TMP6                                  
20004fa0  data_Gx                               
20004fa4  data_Gy                               
20004fa8  data_b                                
20004fac  P2_zi                                 
20004fac  ratChanInfo                           
20004fcc  fwInfoCmd                             
20004fd8  MSBMOD                                
20004fdc  aux64                                 
20004fe4  MOD                                   
20004fe8  LEN                                   
20004ffc  pSspAesEncrypt_Sw                     
ffffffff  __TI_pprof_out_hndl                   
ffffffff  __TI_prof_data_size                   
ffffffff  __TI_prof_data_start                  
ffffffff  __binit__                             
ffffffff  __c_args__                            
ffffffff  binit                                 
UNDEFED   SHT$$INIT_ARRAY$$Base                 
UNDEFED   SHT$$INIT_ARRAY$$Limit                

[1128 symbols]
